[0.158s] DEBUG:colcon:Command line arguments: ['/usr/bin/colcon', 'build', '--packages-select', 'ur7e_vision', '--symlink-install']
[0.158s] DEBUG:colcon:Parsed command line arguments: Namespace(log_base=None, log_level=None, verb_name='build', build_base='build', install_base='install', merge_install=False, symlink_install=True, test_result_base=None, continue_on_error=False, executor='parallel', parallel_workers=8, event_handlers=None, ignore_user_meta=False, metas=['./colcon.meta'], base_paths=['.'], packages_ignore=None, packages_ignore_regex=None, paths=None, packages_up_to=None, packages_up_to_regex=None, packages_above=None, packages_above_and_dependencies=None, packages_above_depth=None, packages_select_by_dep=None, packages_skip_by_dep=None, packages_skip_up_to=None, packages_select_build_failed=False, packages_skip_build_finished=False, packages_select_test_failures=False, packages_skip_test_passed=False, packages_select=['ur7e_vision'], packages_skip=None, packages_select_regex=None, packages_skip_regex=None, packages_start=None, packages_end=None, allow_overriding=[], cmake_args=None, cmake_target=None, cmake_target_skip_unavailable=False, cmake_clean_cache=False, cmake_clean_first=False, cmake_force_configure=False, ament_cmake_args=None, catkin_cmake_args=None, catkin_skip_building_tests=False, mixin_files=None, mixin=None, verb_parser=<colcon_mixin.mixin.mixin_argument.MixinArgumentDecorator object at 0x7ae6b6594ec0>, verb_extension=<colcon_core.verb.build.BuildVerb object at 0x7ae6b6594bf0>, main=<bound method BuildVerb.main of <colcon_core.verb.build.BuildVerb object at 0x7ae6b6594bf0>>, mixin_verb=('build',))
[0.198s] Level 1:colcon.colcon_core.package_discovery:discover_packages(colcon_meta) check parameters
[0.198s] Level 1:colcon.colcon_core.package_discovery:discover_packages(recursive) check parameters
[0.198s] Level 1:colcon.colcon_core.package_discovery:discover_packages(ignore) check parameters
[0.198s] Level 1:colcon.colcon_core.package_discovery:discover_packages(path) check parameters
[0.198s] Level 1:colcon.colcon_core.package_discovery:discover_packages(colcon_meta) discover
[0.198s] Level 1:colcon.colcon_core.package_discovery:discover_packages(recursive) discover
[0.199s] INFO:colcon.colcon_core.package_discovery:Crawling recursively for packages in '/home/liar/UR7e/ros2_ws'
[0.199s] Level 1:colcon.colcon_core.package_identification:_identify(.) by extensions ['ignore', 'ignore_ament_install']
[0.199s] Level 1:colcon.colcon_core.package_identification:_identify(.) by extension 'ignore'
[0.199s] Level 1:colcon.colcon_core.package_identification:_identify(.) by extension 'ignore_ament_install'
[0.199s] Level 1:colcon.colcon_core.package_identification:_identify(.) by extensions ['colcon_pkg']
[0.199s] Level 1:colcon.colcon_core.package_identification:_identify(.) by extension 'colcon_pkg'
[0.199s] Level 1:colcon.colcon_core.package_identification:_identify(.) by extensions ['colcon_meta']
[0.199s] Level 1:colcon.colcon_core.package_identification:_identify(.) by extension 'colcon_meta'
[0.199s] Level 1:colcon.colcon_core.package_identification:_identify(.) by extensions ['ros']
[0.199s] Level 1:colcon.colcon_core.package_identification:_identify(.) by extension 'ros'
[0.219s] Level 1:colcon.colcon_core.package_identification:_identify(.) by extensions ['cmake', 'python']
[0.219s] Level 1:colcon.colcon_core.package_identification:_identify(.) by extension 'cmake'
[0.219s] Level 1:colcon.colcon_core.package_identification:_identify(.) by extension 'python'
[0.219s] Level 1:colcon.colcon_core.package_identification:_identify(.) by extensions ['python_setup_py']
[0.219s] Level 1:colcon.colcon_core.package_identification:_identify(.) by extension 'python_setup_py'
[0.220s] Level 1:colcon.colcon_core.package_identification:_identify(build) by extensions ['ignore', 'ignore_ament_install']
[0.220s] Level 1:colcon.colcon_core.package_identification:_identify(build) by extension 'ignore'
[0.220s] Level 1:colcon.colcon_core.package_identification:_identify(build) ignored
[0.220s] Level 1:colcon.colcon_core.package_identification:_identify(install) by extensions ['ignore', 'ignore_ament_install']
[0.220s] Level 1:colcon.colcon_core.package_identification:_identify(install) by extension 'ignore'
[0.220s] Level 1:colcon.colcon_core.package_identification:_identify(install) ignored
[0.220s] Level 1:colcon.colcon_core.package_identification:_identify(log) by extensions ['ignore', 'ignore_ament_install']
[0.220s] Level 1:colcon.colcon_core.package_identification:_identify(log) by extension 'ignore'
[0.220s] Level 1:colcon.colcon_core.package_identification:_identify(log) ignored
[0.220s] Level 1:colcon.colcon_core.package_identification:_identify(src) by extensions ['ignore', 'ignore_ament_install']
[0.220s] Level 1:colcon.colcon_core.package_identification:_identify(src) by extension 'ignore'
[0.220s] Level 1:colcon.colcon_core.package_identification:_identify(src) by extension 'ignore_ament_install'
[0.220s] Level 1:colcon.colcon_core.package_identification:_identify(src) by extensions ['colcon_pkg']
[0.220s] Level 1:colcon.colcon_core.package_identification:_identify(src) by extension 'colcon_pkg'
[0.220s] Level 1:colcon.colcon_core.package_identification:_identify(src) by extensions ['colcon_meta']
[0.220s] Level 1:colcon.colcon_core.package_identification:_identify(src) by extension 'colcon_meta'
[0.221s] Level 1:colcon.colcon_core.package_identification:_identify(src) by extensions ['ros']
[0.221s] Level 1:colcon.colcon_core.package_identification:_identify(src) by extension 'ros'
[0.221s] Level 1:colcon.colcon_core.package_identification:_identify(src) by extensions ['cmake', 'python']
[0.221s] Level 1:colcon.colcon_core.package_identification:_identify(src) by extension 'cmake'
[0.221s] Level 1:colcon.colcon_core.package_identification:_identify(src) by extension 'python'
[0.221s] Level 1:colcon.colcon_core.package_identification:_identify(src) by extensions ['python_setup_py']
[0.221s] Level 1:colcon.colcon_core.package_identification:_identify(src) by extension 'python_setup_py'
[0.221s] Level 1:colcon.colcon_core.package_identification:_identify(src/ur7e_bringup) by extensions ['ignore', 'ignore_ament_install']
[0.221s] Level 1:colcon.colcon_core.package_identification:_identify(src/ur7e_bringup) by extension 'ignore'
[0.221s] Level 1:colcon.colcon_core.package_identification:_identify(src/ur7e_bringup) by extension 'ignore_ament_install'
[0.221s] Level 1:colcon.colcon_core.package_identification:_identify(src/ur7e_bringup) by extensions ['colcon_pkg']
[0.221s] Level 1:colcon.colcon_core.package_identification:_identify(src/ur7e_bringup) by extension 'colcon_pkg'
[0.221s] Level 1:colcon.colcon_core.package_identification:_identify(src/ur7e_bringup) by extensions ['colcon_meta']
[0.221s] Level 1:colcon.colcon_core.package_identification:_identify(src/ur7e_bringup) by extension 'colcon_meta'
[0.221s] Level 1:colcon.colcon_core.package_identification:_identify(src/ur7e_bringup) by extensions ['ros']
[0.221s] Level 1:colcon.colcon_core.package_identification:_identify(src/ur7e_bringup) by extension 'ros'
[0.221s] Level 1:colcon.colcon_core.package_identification:_identify(src/ur7e_bringup) by extensions ['cmake', 'python']
[0.221s] Level 1:colcon.colcon_core.package_identification:_identify(src/ur7e_bringup) by extension 'cmake'
[0.221s] Level 1:colcon.colcon_core.package_identification:_identify(src/ur7e_bringup) by extension 'python'
[0.221s] Level 1:colcon.colcon_core.package_identification:_identify(src/ur7e_bringup) by extensions ['python_setup_py']
[0.221s] Level 1:colcon.colcon_core.package_identification:_identify(src/ur7e_bringup) by extension 'python_setup_py'
[0.221s] Level 1:colcon.colcon_core.package_identification:_identify(src/ur7e_cell_description) by extensions ['ignore', 'ignore_ament_install']
[0.221s] Level 1:colcon.colcon_core.package_identification:_identify(src/ur7e_cell_description) by extension 'ignore'
[0.222s] Level 1:colcon.colcon_core.package_identification:_identify(src/ur7e_cell_description) by extension 'ignore_ament_install'
[0.222s] Level 1:colcon.colcon_core.package_identification:_identify(src/ur7e_cell_description) by extensions ['colcon_pkg']
[0.222s] Level 1:colcon.colcon_core.package_identification:_identify(src/ur7e_cell_description) by extension 'colcon_pkg'
[0.222s] Level 1:colcon.colcon_core.package_identification:_identify(src/ur7e_cell_description) by extensions ['colcon_meta']
[0.222s] Level 1:colcon.colcon_core.package_identification:_identify(src/ur7e_cell_description) by extension 'colcon_meta'
[0.222s] Level 1:colcon.colcon_core.package_identification:_identify(src/ur7e_cell_description) by extensions ['ros']
[0.222s] Level 1:colcon.colcon_core.package_identification:_identify(src/ur7e_cell_description) by extension 'ros'
[0.222s] Level 1:colcon.colcon_core.package_identification:_identify(src/ur7e_cell_description) by extensions ['cmake', 'python']
[0.222s] Level 1:colcon.colcon_core.package_identification:_identify(src/ur7e_cell_description) by extension 'cmake'
[0.222s] Level 1:colcon.colcon_core.package_identification:_identify(src/ur7e_cell_description) by extension 'python'
[0.222s] Level 1:colcon.colcon_core.package_identification:_identify(src/ur7e_cell_description) by extensions ['python_setup_py']
[0.222s] Level 1:colcon.colcon_core.package_identification:_identify(src/ur7e_cell_description) by extension 'python_setup_py'
[0.222s] Level 1:colcon.colcon_core.package_identification:_identify(src/ur7e_motion) by extensions ['ignore', 'ignore_ament_install']
[0.222s] Level 1:colcon.colcon_core.package_identification:_identify(src/ur7e_motion) by extension 'ignore'
[0.222s] Level 1:colcon.colcon_core.package_identification:_identify(src/ur7e_motion) by extension 'ignore_ament_install'
[0.222s] Level 1:colcon.colcon_core.package_identification:_identify(src/ur7e_motion) by extensions ['colcon_pkg']
[0.222s] Level 1:colcon.colcon_core.package_identification:_identify(src/ur7e_motion) by extension 'colcon_pkg'
[0.222s] Level 1:colcon.colcon_core.package_identification:_identify(src/ur7e_motion) by extensions ['colcon_meta']
[0.222s] Level 1:colcon.colcon_core.package_identification:_identify(src/ur7e_motion) by extension 'colcon_meta'
[0.222s] Level 1:colcon.colcon_core.package_identification:_identify(src/ur7e_motion) by extensions ['ros']
[0.222s] Level 1:colcon.colcon_core.package_identification:_identify(src/ur7e_motion) by extension 'ros'
[0.224s] DEBUG:colcon.colcon_core.package_identification:Package 'src/ur7e_motion' with type 'ros.ament_cmake' and name 'ur7e_motion'
[0.224s] Level 1:colcon.colcon_core.package_identification:_identify(src/ur7e_vision) by extensions ['ignore', 'ignore_ament_install']
[0.224s] Level 1:colcon.colcon_core.package_identification:_identify(src/ur7e_vision) by extension 'ignore'
[0.224s] Level 1:colcon.colcon_core.package_identification:_identify(src/ur7e_vision) by extension 'ignore_ament_install'
[0.224s] Level 1:colcon.colcon_core.package_identification:_identify(src/ur7e_vision) by extensions ['colcon_pkg']
[0.224s] Level 1:colcon.colcon_core.package_identification:_identify(src/ur7e_vision) by extension 'colcon_pkg'
[0.225s] Level 1:colcon.colcon_core.package_identification:_identify(src/ur7e_vision) by extensions ['colcon_meta']
[0.225s] Level 1:colcon.colcon_core.package_identification:_identify(src/ur7e_vision) by extension 'colcon_meta'
[0.225s] Level 1:colcon.colcon_core.package_identification:_identify(src/ur7e_vision) by extensions ['ros']
[0.225s] Level 1:colcon.colcon_core.package_identification:_identify(src/ur7e_vision) by extension 'ros'
[0.225s] DEBUG:colcon.colcon_core.package_identification:Package 'src/ur7e_vision' with type 'ros.ament_python' and name 'ur7e_vision'
[0.225s] Level 1:colcon.colcon_core.package_discovery:discover_packages(recursive) using defaults
[0.225s] Level 1:colcon.colcon_core.package_discovery:discover_packages(ignore) discover
[0.225s] Level 1:colcon.colcon_core.package_discovery:discover_packages(ignore) using defaults
[0.225s] Level 1:colcon.colcon_core.package_discovery:discover_packages(path) discover
[0.225s] Level 1:colcon.colcon_core.package_discovery:discover_packages(path) using defaults
[0.258s] INFO:colcon.colcon_core.package_selection:Skipping not selected package 'ur7e_motion' in 'src/ur7e_motion'
[0.259s] Level 1:colcon.colcon_core.package_discovery:discover_packages(prefix_path) check parameters
[0.259s] Level 1:colcon.colcon_core.package_discovery:discover_packages(prefix_path) discover
[0.270s] DEBUG:colcon.colcon_installed_package_information.package_discovery:Found 379 installed packages in /opt/ros/jazzy
[0.274s] Level 1:colcon.colcon_core.package_discovery:discover_packages(prefix_path) using defaults
[0.320s] Level 5:colcon.colcon_core.verb:set package 'ur7e_vision' build argument 'cmake_args' from command line to 'None'
[0.320s] Level 5:colcon.colcon_core.verb:set package 'ur7e_vision' build argument 'cmake_target' from command line to 'None'
[0.320s] Level 5:colcon.colcon_core.verb:set package 'ur7e_vision' build argument 'cmake_target_skip_unavailable' from command line to 'False'
[0.320s] Level 5:colcon.colcon_core.verb:set package 'ur7e_vision' build argument 'cmake_clean_cache' from command line to 'False'
[0.320s] Level 5:colcon.colcon_core.verb:set package 'ur7e_vision' build argument 'cmake_clean_first' from command line to 'False'
[0.320s] Level 5:colcon.colcon_core.verb:set package 'ur7e_vision' build argument 'cmake_force_configure' from command line to 'False'
[0.320s] Level 5:colcon.colcon_core.verb:set package 'ur7e_vision' build argument 'ament_cmake_args' from command line to 'None'
[0.320s] Level 5:colcon.colcon_core.verb:set package 'ur7e_vision' build argument 'catkin_cmake_args' from command line to 'None'
[0.320s] Level 5:colcon.colcon_core.verb:set package 'ur7e_vision' build argument 'catkin_skip_building_tests' from command line to 'False'
[0.320s] DEBUG:colcon.colcon_core.verb:Building package 'ur7e_vision' with the following arguments: {'ament_cmake_args': None, 'build_base': '/home/liar/UR7e/ros2_ws/build/ur7e_vision', 'catkin_cmake_args': None, 'catkin_skip_building_tests': False, 'cmake_args': None, 'cmake_clean_cache': False, 'cmake_clean_first': False, 'cmake_force_configure': False, 'cmake_target': None, 'cmake_target_skip_unavailable': False, 'install_base': '/home/liar/UR7e/ros2_ws/install/ur7e_vision', 'merge_install': False, 'path': '/home/liar/UR7e/ros2_ws/src/ur7e_vision', 'symlink_install': True, 'test_result_base': None}
[0.320s] INFO:colcon.colcon_core.executor:Executing jobs using 'parallel' executor
[0.321s] DEBUG:colcon.colcon_parallel_executor.executor.parallel:run_until_complete
[0.321s] INFO:colcon.colcon_ros.task.ament_python.build:Building ROS package in '/home/liar/UR7e/ros2_ws/src/ur7e_vision' with build type 'ament_python'
[0.321s] Level 1:colcon.colcon_core.shell:create_environment_hook('ur7e_vision', 'ament_prefix_path')
[0.326s] INFO:colcon.colcon_core.plugin_system:Skipping extension 'colcon_core.shell.bat': Not used on non-Windows systems
[0.326s] INFO:colcon.colcon_core.shell:Creating environment hook '/home/liar/UR7e/ros2_ws/install/ur7e_vision/share/ur7e_vision/hook/ament_prefix_path.ps1'
[0.327s] INFO:colcon.colcon_core.shell:Creating environment descriptor '/home/liar/UR7e/ros2_ws/install/ur7e_vision/share/ur7e_vision/hook/ament_prefix_path.dsv'
[0.328s] INFO:colcon.colcon_core.shell:Creating environment hook '/home/liar/UR7e/ros2_ws/install/ur7e_vision/share/ur7e_vision/hook/ament_prefix_path.sh'
[0.329s] INFO:colcon.colcon_core.shell:Skip shell extension 'powershell' for command environment: Not usable outside of PowerShell
[0.329s] DEBUG:colcon.colcon_core.shell:Skip shell extension 'dsv' for command environment
[0.491s] INFO:colcon.colcon_core.task.python.build:Building Python package in '/home/liar/UR7e/ros2_ws/src/ur7e_vision'
[0.491s] INFO:colcon.colcon_core.shell:Skip shell extension 'powershell' for command environment: Not usable outside of PowerShell
[0.491s] DEBUG:colcon.colcon_core.shell:Skip shell extension 'dsv' for command environment
[1.193s] DEBUG:colcon.colcon_core.task.python.build:Available setuptools commands: build_clib, bdist_rpm, sdist, build, install_headers, setopt, build_ext, rotate, bdist, build_scripts, test, update_catalog, alias, extract_messages, install_data, egg_info, upload_docs, clean, dist_info, editable_wheel, install_lib, install, saveopts, symlink_data, bdist_egg, bdist_dumb, install_scripts, upload, install_egg_info, develop, easy_install, compile_catalog, register, init_catalog, check, build_py
[1.530s] DEBUG:colcon.colcon_core.task.python.build:Available setuptools 'develop' options: --index-url, --site-dirs, --egg-path, --prefix, --user, --help, --no-user-cfg, --always-copy, --always-unzip, --exclude-scripts, --build-directory, --verbose, --no-find-links, --record, --allow-hosts, --quiet, --editable, --no-deps, --dry-run, --install-dir, --local-snapshots-ok, --optimize, --force-installation-into-system-dir, --uninstall, --multi-version, --script-dir, --zip-ok, --find-links, --install-layout, --upgrade, --version
[1.533s] DEBUG:colcon.colcon_core.event_handler.log_command:Invoking command in '/home/liar/UR7e/ros2_ws/build/ur7e_vision': DEBUGINFOD_URLS=https://debuginfod.ubuntu.com PYTHONPATH=/home/liar/UR7e/ros2_ws/build/ur7e_vision/prefix_override:/usr/lib/python3/dist-packages/colcon_core/task/python/colcon_distutils_commands:/home/liar/UR7e/ros2_ws/install/ur7e_vision/lib/python3.12/site-packages:${PYTHONPATH} /usr/bin/python3 -W ignore:setup.py install is deprecated -W ignore:easy_install command is deprecated setup.py develop --editable --build-directory /home/liar/UR7e/ros2_ws/build/ur7e_vision/build --no-deps symlink_data
[2.022s] Level 1:colcon.colcon_core.shell:create_environment_hook('ur7e_vision', 'pythonpath_develop')
[2.023s] INFO:colcon.colcon_core.shell:Creating environment hook '/home/liar/UR7e/ros2_ws/build/ur7e_vision/share/ur7e_vision/hook/pythonpath_develop.ps1'
[2.023s] DEBUG:colcon.colcon_core.event_handler.log_command:Invoked command in '/home/liar/UR7e/ros2_ws/build/ur7e_vision' returned '0': DEBUGINFOD_URLS=https://debuginfod.ubuntu.com PYTHONPATH=/home/liar/UR7e/ros2_ws/build/ur7e_vision/prefix_override:/usr/lib/python3/dist-packages/colcon_core/task/python/colcon_distutils_commands:/home/liar/UR7e/ros2_ws/install/ur7e_vision/lib/python3.12/site-packages:${PYTHONPATH} /usr/bin/python3 -W ignore:setup.py install is deprecated -W ignore:easy_install command is deprecated setup.py develop --editable --build-directory /home/liar/UR7e/ros2_ws/build/ur7e_vision/build --no-deps symlink_data
[2.024s] INFO:colcon.colcon_core.shell:Creating environment descriptor '/home/liar/UR7e/ros2_ws/build/ur7e_vision/share/ur7e_vision/hook/pythonpath_develop.dsv'
[2.024s] INFO:colcon.colcon_core.shell:Creating environment hook '/home/liar/UR7e/ros2_ws/build/ur7e_vision/share/ur7e_vision/hook/pythonpath_develop.sh'
[2.035s] Level 1:colcon.colcon_core.environment:checking '/home/liar/UR7e/ros2_ws/install/ur7e_vision' for CMake module files
[2.036s] Level 1:colcon.colcon_core.environment:checking '/home/liar/UR7e/ros2_ws/install/ur7e_vision' for CMake config files
[2.037s] Level 1:colcon.colcon_core.environment:checking '/home/liar/UR7e/ros2_ws/install/ur7e_vision/lib'
[2.037s] Level 1:colcon.colcon_core.environment:checking '/home/liar/UR7e/ros2_ws/install/ur7e_vision/bin'
[2.037s] Level 1:colcon.colcon_core.environment:checking '/home/liar/UR7e/ros2_ws/install/ur7e_vision/lib/pkgconfig/ur7e_vision.pc'
[2.037s] Level 1:colcon.colcon_core.environment:checking '/home/liar/UR7e/ros2_ws/install/ur7e_vision/lib/python3.12/site-packages'
[2.037s] Level 1:colcon.colcon_core.shell:create_environment_hook('ur7e_vision', 'pythonpath')
[2.038s] INFO:colcon.colcon_core.shell:Creating environment hook '/home/liar/UR7e/ros2_ws/install/ur7e_vision/share/ur7e_vision/hook/pythonpath.ps1'
[2.038s] INFO:colcon.colcon_core.shell:Creating environment descriptor '/home/liar/UR7e/ros2_ws/install/ur7e_vision/share/ur7e_vision/hook/pythonpath.dsv'
[2.039s] INFO:colcon.colcon_core.shell:Creating environment hook '/home/liar/UR7e/ros2_ws/install/ur7e_vision/share/ur7e_vision/hook/pythonpath.sh'
[2.039s] Level 1:colcon.colcon_core.environment:checking '/home/liar/UR7e/ros2_ws/install/ur7e_vision/bin'
[2.039s] Level 1:colcon.colcon_core.environment:create_environment_scripts_only(ur7e_vision)
[2.039s] INFO:colcon.colcon_core.shell:Creating package script '/home/liar/UR7e/ros2_ws/install/ur7e_vision/share/ur7e_vision/package.ps1'
[2.041s] INFO:colcon.colcon_core.shell:Creating package descriptor '/home/liar/UR7e/ros2_ws/install/ur7e_vision/share/ur7e_vision/package.dsv'
[2.043s] INFO:colcon.colcon_core.shell:Creating package script '/home/liar/UR7e/ros2_ws/install/ur7e_vision/share/ur7e_vision/package.sh'
[2.044s] INFO:colcon.colcon_core.shell:Creating package script '/home/liar/UR7e/ros2_ws/install/ur7e_vision/share/ur7e_vision/package.bash'
[2.046s] INFO:colcon.colcon_core.shell:Creating package script '/home/liar/UR7e/ros2_ws/install/ur7e_vision/share/ur7e_vision/package.zsh'
[2.047s] Level 1:colcon.colcon_core.environment:create_file_with_runtime_dependencies(/home/liar/UR7e/ros2_ws/install/ur7e_vision/share/colcon-core/packages/ur7e_vision)
[2.047s] DEBUG:colcon.colcon_parallel_executor.executor.parallel:closing loop
[2.048s] DEBUG:colcon.colcon_parallel_executor.executor.parallel:loop closed
[2.048s] DEBUG:colcon.colcon_parallel_executor.executor.parallel:run_until_complete finished with '0'
[2.048s] DEBUG:colcon.colcon_core.event_reactor:joining thread
[2.061s] INFO:colcon.colcon_core.plugin_system:Skipping extension 'colcon_notification.desktop_notification.terminal_notifier': Not used on non-Darwin systems
[2.061s] INFO:colcon.colcon_core.plugin_system:Skipping extension 'colcon_notification.desktop_notification.win32': Not used on non-Windows systems
[2.061s] INFO:colcon.colcon_notification.desktop_notification:Sending desktop notification using 'notify2'
[2.108s] DEBUG:colcon.colcon_core.event_reactor:joined thread
[2.108s] INFO:colcon.colcon_core.shell:Creating prefix script '/home/liar/UR7e/ros2_ws/install/local_setup.ps1'
[2.111s] INFO:colcon.colcon_core.shell:Creating prefix util module '/home/liar/UR7e/ros2_ws/install/_local_setup_util_ps1.py'
[2.114s] INFO:colcon.colcon_core.shell:Creating prefix chain script '/home/liar/UR7e/ros2_ws/install/setup.ps1'
[2.116s] INFO:colcon.colcon_core.shell:Creating prefix script '/home/liar/UR7e/ros2_ws/install/local_setup.sh'
[2.116s] INFO:colcon.colcon_core.shell:Creating prefix util module '/home/liar/UR7e/ros2_ws/install/_local_setup_util_sh.py'
[2.117s] INFO:colcon.colcon_core.shell:Creating prefix chain script '/home/liar/UR7e/ros2_ws/install/setup.sh'
[2.119s] INFO:colcon.colcon_core.shell:Creating prefix script '/home/liar/UR7e/ros2_ws/install/local_setup.bash'
[2.120s] INFO:colcon.colcon_core.shell:Creating prefix chain script '/home/liar/UR7e/ros2_ws/install/setup.bash'
[2.122s] INFO:colcon.colcon_core.shell:Creating prefix script '/home/liar/UR7e/ros2_ws/install/local_setup.zsh'
[2.123s] INFO:colcon.colcon_core.shell:Creating prefix chain script '/home/liar/UR7e/ros2_ws/install/setup.zsh'
