[0.383s] DEBUG:colcon:Command line arguments: ['/usr/bin/colcon', 'build', '--packages-select', 'ur7e_motion', '--symlink-install']
[0.384s] DEBUG:colcon:Parsed command line arguments: Namespace(log_base=None, log_level=None, verb_name='build', build_base='build', install_base='install', merge_install=False, symlink_install=True, test_result_base=None, continue_on_error=False, executor='parallel', parallel_workers=16, event_handlers=None, ignore_user_meta=False, metas=['./colcon.meta'], base_paths=['.'], packages_ignore=None, packages_ignore_regex=None, paths=None, packages_up_to=None, packages_up_to_regex=None, packages_above=None, packages_above_and_dependencies=None, packages_above_depth=None, packages_select_by_dep=None, packages_skip_by_dep=None, packages_skip_up_to=None, packages_select_build_failed=False, packages_skip_build_finished=False, packages_select_test_failures=False, packages_skip_test_passed=False, packages_select=['ur7e_motion'], packages_skip=None, packages_select_regex=None, packages_skip_regex=None, packages_start=None, packages_end=None, allow_overriding=[], cmake_args=None, cmake_target=None, cmake_target_skip_unavailable=False, cmake_clean_cache=False, cmake_clean_first=False, cmake_force_configure=False, ament_cmake_args=None, catkin_cmake_args=None, catkin_skip_building_tests=False, mixin_files=None, mixin=None, verb_parser=<colcon_mixin.mixin.mixin_argument.MixinArgumentDecorator object at 0x71d4a3aa4890>, verb_extension=<colcon_core.verb.build.BuildVerb object at 0x71d4a3bca840>, main=<bound method BuildVerb.main of <colcon_core.verb.build.BuildVerb object at 0x71d4a3bca840>>, mixin_verb=('build',))
[0.471s] Level 1:colcon.colcon_core.package_discovery:discover_packages(colcon_meta) check parameters
[0.471s] Level 1:colcon.colcon_core.package_discovery:discover_packages(recursive) check parameters
[0.472s] Level 1:colcon.colcon_core.package_discovery:discover_packages(ignore) check parameters
[0.472s] Level 1:colcon.colcon_core.package_discovery:discover_packages(path) check parameters
[0.472s] Level 1:colcon.colcon_core.package_discovery:discover_packages(colcon_meta) discover
[0.472s] Level 1:colcon.colcon_core.package_discovery:discover_packages(recursive) discover
[0.472s] INFO:colcon.colcon_core.package_discovery:Crawling recursively for packages in '/home/liar/UR7e'
[0.472s] Level 1:colcon.colcon_core.package_identification:_identify(.) by extensions ['ignore', 'ignore_ament_install']
[0.472s] Level 1:colcon.colcon_core.package_identification:_identify(.) by extension 'ignore'
[0.472s] Level 1:colcon.colcon_core.package_identification:_identify(.) by extension 'ignore_ament_install'
[0.472s] Level 1:colcon.colcon_core.package_identification:_identify(.) by extensions ['colcon_pkg']
[0.472s] Level 1:colcon.colcon_core.package_identification:_identify(.) by extension 'colcon_pkg'
[0.472s] Level 1:colcon.colcon_core.package_identification:_identify(.) by extensions ['colcon_meta']
[0.472s] Level 1:colcon.colcon_core.package_identification:_identify(.) by extension 'colcon_meta'
[0.472s] Level 1:colcon.colcon_core.package_identification:_identify(.) by extensions ['ros']
[0.472s] Level 1:colcon.colcon_core.package_identification:_identify(.) by extension 'ros'
[0.565s] Level 1:colcon.colcon_core.package_identification:_identify(.) by extensions ['cmake', 'python']
[0.565s] Level 1:colcon.colcon_core.package_identification:_identify(.) by extension 'cmake'
[0.565s] Level 1:colcon.colcon_core.package_identification:_identify(.) by extension 'python'
[0.565s] Level 1:colcon.colcon_core.package_identification:_identify(.) by extensions ['python_setup_py']
[0.565s] Level 1:colcon.colcon_core.package_identification:_identify(.) by extension 'python_setup_py'
[0.566s] Level 1:colcon.colcon_core.package_identification:_identify(MvSdkLog) by extensions ['ignore', 'ignore_ament_install']
[0.566s] Level 1:colcon.colcon_core.package_identification:_identify(MvSdkLog) by extension 'ignore'
[0.566s] Level 1:colcon.colcon_core.package_identification:_identify(MvSdkLog) by extension 'ignore_ament_install'
[0.566s] Level 1:colcon.colcon_core.package_identification:_identify(MvSdkLog) by extensions ['colcon_pkg']
[0.566s] Level 1:colcon.colcon_core.package_identification:_identify(MvSdkLog) by extension 'colcon_pkg'
[0.566s] Level 1:colcon.colcon_core.package_identification:_identify(MvSdkLog) by extensions ['colcon_meta']
[0.566s] Level 1:colcon.colcon_core.package_identification:_identify(MvSdkLog) by extension 'colcon_meta'
[0.566s] Level 1:colcon.colcon_core.package_identification:_identify(MvSdkLog) by extensions ['ros']
[0.566s] Level 1:colcon.colcon_core.package_identification:_identify(MvSdkLog) by extension 'ros'
[0.567s] Level 1:colcon.colcon_core.package_identification:_identify(MvSdkLog) by extensions ['cmake', 'python']
[0.567s] Level 1:colcon.colcon_core.package_identification:_identify(MvSdkLog) by extension 'cmake'
[0.567s] Level 1:colcon.colcon_core.package_identification:_identify(MvSdkLog) by extension 'python'
[0.567s] Level 1:colcon.colcon_core.package_identification:_identify(MvSdkLog) by extensions ['python_setup_py']
[0.567s] Level 1:colcon.colcon_core.package_identification:_identify(MvSdkLog) by extension 'python_setup_py'
[0.567s] Level 1:colcon.colcon_core.package_identification:_identify(build) by extensions ['ignore', 'ignore_ament_install']
[0.567s] Level 1:colcon.colcon_core.package_identification:_identify(build) by extension 'ignore'
[0.567s] Level 1:colcon.colcon_core.package_identification:_identify(build) ignored
[0.568s] Level 1:colcon.colcon_core.package_identification:_identify(calibration) by extensions ['ignore', 'ignore_ament_install']
[0.568s] Level 1:colcon.colcon_core.package_identification:_identify(calibration) by extension 'ignore'
[0.568s] Level 1:colcon.colcon_core.package_identification:_identify(calibration) by extension 'ignore_ament_install'
[0.568s] Level 1:colcon.colcon_core.package_identification:_identify(calibration) by extensions ['colcon_pkg']
[0.568s] Level 1:colcon.colcon_core.package_identification:_identify(calibration) by extension 'colcon_pkg'
[0.568s] Level 1:colcon.colcon_core.package_identification:_identify(calibration) by extensions ['colcon_meta']
[0.568s] Level 1:colcon.colcon_core.package_identification:_identify(calibration) by extension 'colcon_meta'
[0.568s] Level 1:colcon.colcon_core.package_identification:_identify(calibration) by extensions ['ros']
[0.568s] Level 1:colcon.colcon_core.package_identification:_identify(calibration) by extension 'ros'
[0.568s] Level 1:colcon.colcon_core.package_identification:_identify(calibration) by extensions ['cmake', 'python']
[0.569s] Level 1:colcon.colcon_core.package_identification:_identify(calibration) by extension 'cmake'
[0.569s] Level 1:colcon.colcon_core.package_identification:_identify(calibration) by extension 'python'
[0.569s] Level 1:colcon.colcon_core.package_identification:_identify(calibration) by extensions ['python_setup_py']
[0.569s] Level 1:colcon.colcon_core.package_identification:_identify(calibration) by extension 'python_setup_py'
[0.569s] Level 1:colcon.colcon_core.package_identification:_identify(config) by extensions ['ignore', 'ignore_ament_install']
[0.569s] Level 1:colcon.colcon_core.package_identification:_identify(config) by extension 'ignore'
[0.569s] Level 1:colcon.colcon_core.package_identification:_identify(config) by extension 'ignore_ament_install'
[0.569s] Level 1:colcon.colcon_core.package_identification:_identify(config) by extensions ['colcon_pkg']
[0.569s] Level 1:colcon.colcon_core.package_identification:_identify(config) by extension 'colcon_pkg'
[0.569s] Level 1:colcon.colcon_core.package_identification:_identify(config) by extensions ['colcon_meta']
[0.569s] Level 1:colcon.colcon_core.package_identification:_identify(config) by extension 'colcon_meta'
[0.570s] Level 1:colcon.colcon_core.package_identification:_identify(config) by extensions ['ros']
[0.570s] Level 1:colcon.colcon_core.package_identification:_identify(config) by extension 'ros'
[0.570s] Level 1:colcon.colcon_core.package_identification:_identify(config) by extensions ['cmake', 'python']
[0.570s] Level 1:colcon.colcon_core.package_identification:_identify(config) by extension 'cmake'
[0.570s] Level 1:colcon.colcon_core.package_identification:_identify(config) by extension 'python'
[0.570s] Level 1:colcon.colcon_core.package_identification:_identify(config) by extensions ['python_setup_py']
[0.570s] Level 1:colcon.colcon_core.package_identification:_identify(config) by extension 'python_setup_py'
[0.570s] Level 1:colcon.colcon_core.package_identification:_identify(image) by extensions ['ignore', 'ignore_ament_install']
[0.570s] Level 1:colcon.colcon_core.package_identification:_identify(image) by extension 'ignore'
[0.571s] Level 1:colcon.colcon_core.package_identification:_identify(image) by extension 'ignore_ament_install'
[0.571s] Level 1:colcon.colcon_core.package_identification:_identify(image) by extensions ['colcon_pkg']
[0.571s] Level 1:colcon.colcon_core.package_identification:_identify(image) by extension 'colcon_pkg'
[0.571s] Level 1:colcon.colcon_core.package_identification:_identify(image) by extensions ['colcon_meta']
[0.571s] Level 1:colcon.colcon_core.package_identification:_identify(image) by extension 'colcon_meta'
[0.571s] Level 1:colcon.colcon_core.package_identification:_identify(image) by extensions ['ros']
[0.571s] Level 1:colcon.colcon_core.package_identification:_identify(image) by extension 'ros'
[0.571s] Level 1:colcon.colcon_core.package_identification:_identify(image) by extensions ['cmake', 'python']
[0.571s] Level 1:colcon.colcon_core.package_identification:_identify(image) by extension 'cmake'
[0.571s] Level 1:colcon.colcon_core.package_identification:_identify(image) by extension 'python'
[0.571s] Level 1:colcon.colcon_core.package_identification:_identify(image) by extensions ['python_setup_py']
[0.571s] Level 1:colcon.colcon_core.package_identification:_identify(image) by extension 'python_setup_py'
[0.572s] Level 1:colcon.colcon_core.package_identification:_identify(install) by extensions ['ignore', 'ignore_ament_install']
[0.572s] Level 1:colcon.colcon_core.package_identification:_identify(install) by extension 'ignore'
[0.572s] Level 1:colcon.colcon_core.package_identification:_identify(install) ignored
[0.572s] Level 1:colcon.colcon_core.package_identification:_identify(log) by extensions ['ignore', 'ignore_ament_install']
[0.572s] Level 1:colcon.colcon_core.package_identification:_identify(log) by extension 'ignore'
[0.572s] Level 1:colcon.colcon_core.package_identification:_identify(log) ignored
[0.572s] Level 1:colcon.colcon_core.package_identification:_identify(ros2_ws) by extensions ['ignore', 'ignore_ament_install']
[0.573s] Level 1:colcon.colcon_core.package_identification:_identify(ros2_ws) by extension 'ignore'
[0.573s] Level 1:colcon.colcon_core.package_identification:_identify(ros2_ws) by extension 'ignore_ament_install'
[0.573s] Level 1:colcon.colcon_core.package_identification:_identify(ros2_ws) by extensions ['colcon_pkg']
[0.573s] Level 1:colcon.colcon_core.package_identification:_identify(ros2_ws) by extension 'colcon_pkg'
[0.573s] Level 1:colcon.colcon_core.package_identification:_identify(ros2_ws) by extensions ['colcon_meta']
[0.573s] Level 1:colcon.colcon_core.package_identification:_identify(ros2_ws) by extension 'colcon_meta'
[0.573s] Level 1:colcon.colcon_core.package_identification:_identify(ros2_ws) by extensions ['ros']
[0.573s] Level 1:colcon.colcon_core.package_identification:_identify(ros2_ws) by extension 'ros'
[0.573s] Level 1:colcon.colcon_core.package_identification:_identify(ros2_ws) by extensions ['cmake', 'python']
[0.573s] Level 1:colcon.colcon_core.package_identification:_identify(ros2_ws) by extension 'cmake'
[0.573s] Level 1:colcon.colcon_core.package_identification:_identify(ros2_ws) by extension 'python'
[0.573s] Level 1:colcon.colcon_core.package_identification:_identify(ros2_ws) by extensions ['python_setup_py']
[0.573s] Level 1:colcon.colcon_core.package_identification:_identify(ros2_ws) by extension 'python_setup_py'
[0.574s] Level 1:colcon.colcon_core.package_identification:_identify(ros2_ws/build) by extensions ['ignore', 'ignore_ament_install']
[0.574s] Level 1:colcon.colcon_core.package_identification:_identify(ros2_ws/build) by extension 'ignore'
[0.574s] Level 1:colcon.colcon_core.package_identification:_identify(ros2_ws/build) ignored
[0.574s] Level 1:colcon.colcon_core.package_identification:_identify(ros2_ws/install) by extensions ['ignore', 'ignore_ament_install']
[0.574s] Level 1:colcon.colcon_core.package_identification:_identify(ros2_ws/install) by extension 'ignore'
[0.574s] Level 1:colcon.colcon_core.package_identification:_identify(ros2_ws/install) ignored
[0.575s] Level 1:colcon.colcon_core.package_identification:_identify(ros2_ws/log) by extensions ['ignore', 'ignore_ament_install']
[0.575s] Level 1:colcon.colcon_core.package_identification:_identify(ros2_ws/log) by extension 'ignore'
[0.575s] Level 1:colcon.colcon_core.package_identification:_identify(ros2_ws/log) ignored
[0.575s] Level 1:colcon.colcon_core.package_identification:_identify(ros2_ws/src) by extensions ['ignore', 'ignore_ament_install']
[0.575s] Level 1:colcon.colcon_core.package_identification:_identify(ros2_ws/src) by extension 'ignore'
[0.575s] Level 1:colcon.colcon_core.package_identification:_identify(ros2_ws/src) by extension 'ignore_ament_install'
[0.575s] Level 1:colcon.colcon_core.package_identification:_identify(ros2_ws/src) by extensions ['colcon_pkg']
[0.575s] Level 1:colcon.colcon_core.package_identification:_identify(ros2_ws/src) by extension 'colcon_pkg'
[0.575s] Level 1:colcon.colcon_core.package_identification:_identify(ros2_ws/src) by extensions ['colcon_meta']
[0.575s] Level 1:colcon.colcon_core.package_identification:_identify(ros2_ws/src) by extension 'colcon_meta'
[0.576s] Level 1:colcon.colcon_core.package_identification:_identify(ros2_ws/src) by extensions ['ros']
[0.576s] Level 1:colcon.colcon_core.package_identification:_identify(ros2_ws/src) by extension 'ros'
[0.576s] Level 1:colcon.colcon_core.package_identification:_identify(ros2_ws/src) by extensions ['cmake', 'python']
[0.576s] Level 1:colcon.colcon_core.package_identification:_identify(ros2_ws/src) by extension 'cmake'
[0.576s] Level 1:colcon.colcon_core.package_identification:_identify(ros2_ws/src) by extension 'python'
[0.576s] Level 1:colcon.colcon_core.package_identification:_identify(ros2_ws/src) by extensions ['python_setup_py']
[0.576s] Level 1:colcon.colcon_core.package_identification:_identify(ros2_ws/src) by extension 'python_setup_py'
[0.576s] Level 1:colcon.colcon_core.package_identification:_identify(ros2_ws/src/ur7e_motion) by extensions ['ignore', 'ignore_ament_install']
[0.576s] Level 1:colcon.colcon_core.package_identification:_identify(ros2_ws/src/ur7e_motion) by extension 'ignore'
[0.576s] Level 1:colcon.colcon_core.package_identification:_identify(ros2_ws/src/ur7e_motion) by extension 'ignore_ament_install'
[0.577s] Level 1:colcon.colcon_core.package_identification:_identify(ros2_ws/src/ur7e_motion) by extensions ['colcon_pkg']
[0.577s] Level 1:colcon.colcon_core.package_identification:_identify(ros2_ws/src/ur7e_motion) by extension 'colcon_pkg'
[0.577s] Level 1:colcon.colcon_core.package_identification:_identify(ros2_ws/src/ur7e_motion) by extensions ['colcon_meta']
[0.577s] Level 1:colcon.colcon_core.package_identification:_identify(ros2_ws/src/ur7e_motion) by extension 'colcon_meta'
[0.577s] Level 1:colcon.colcon_core.package_identification:_identify(ros2_ws/src/ur7e_motion) by extensions ['ros']
[0.577s] Level 1:colcon.colcon_core.package_identification:_identify(ros2_ws/src/ur7e_motion) by extension 'ros'
[0.606s] DEBUG:colcon.colcon_core.package_identification:Package 'ros2_ws/src/ur7e_motion' with type 'ros.ament_cmake' and name 'ur7e_motion'
[0.607s] Level 1:colcon.colcon_core.package_identification:_identify(ros2_ws/src/ur7e_vision) by extensions ['ignore', 'ignore_ament_install']
[0.607s] Level 1:colcon.colcon_core.package_identification:_identify(ros2_ws/src/ur7e_vision) by extension 'ignore'
[0.607s] Level 1:colcon.colcon_core.package_identification:_identify(ros2_ws/src/ur7e_vision) by extension 'ignore_ament_install'
[0.607s] Level 1:colcon.colcon_core.package_identification:_identify(ros2_ws/src/ur7e_vision) by extensions ['colcon_pkg']
[0.607s] Level 1:colcon.colcon_core.package_identification:_identify(ros2_ws/src/ur7e_vision) by extension 'colcon_pkg'
[0.607s] Level 1:colcon.colcon_core.package_identification:_identify(ros2_ws/src/ur7e_vision) by extensions ['colcon_meta']
[0.607s] Level 1:colcon.colcon_core.package_identification:_identify(ros2_ws/src/ur7e_vision) by extension 'colcon_meta'
[0.607s] Level 1:colcon.colcon_core.package_identification:_identify(ros2_ws/src/ur7e_vision) by extensions ['ros']
[0.608s] Level 1:colcon.colcon_core.package_identification:_identify(ros2_ws/src/ur7e_vision) by extension 'ros'
[0.627s] DEBUG:colcon.colcon_core.package_identification:Package 'ros2_ws/src/ur7e_vision' with type 'ros.ament_python' and name 'ur7e_vision'
[0.627s] Level 1:colcon.colcon_core.package_identification:_identify(scripts) by extensions ['ignore', 'ignore_ament_install']
[0.628s] Level 1:colcon.colcon_core.package_identification:_identify(scripts) by extension 'ignore'
[0.628s] Level 1:colcon.colcon_core.package_identification:_identify(scripts) by extension 'ignore_ament_install'
[0.628s] Level 1:colcon.colcon_core.package_identification:_identify(scripts) by extensions ['colcon_pkg']
[0.628s] Level 1:colcon.colcon_core.package_identification:_identify(scripts) by extension 'colcon_pkg'
[0.628s] Level 1:colcon.colcon_core.package_identification:_identify(scripts) by extensions ['colcon_meta']
[0.628s] Level 1:colcon.colcon_core.package_identification:_identify(scripts) by extension 'colcon_meta'
[0.628s] Level 1:colcon.colcon_core.package_identification:_identify(scripts) by extensions ['ros']
[0.629s] Level 1:colcon.colcon_core.package_identification:_identify(scripts) by extension 'ros'
[0.629s] Level 1:colcon.colcon_core.package_identification:_identify(scripts) by extensions ['cmake', 'python']
[0.629s] Level 1:colcon.colcon_core.package_identification:_identify(scripts) by extension 'cmake'
[0.629s] Level 1:colcon.colcon_core.package_identification:_identify(scripts) by extension 'python'
[0.629s] Level 1:colcon.colcon_core.package_identification:_identify(scripts) by extensions ['python_setup_py']
[0.629s] Level 1:colcon.colcon_core.package_identification:_identify(scripts) by extension 'python_setup_py'
[0.629s] Level 1:colcon.colcon_core.package_discovery:discover_packages(recursive) using defaults
[0.629s] Level 1:colcon.colcon_core.package_discovery:discover_packages(ignore) discover
[0.629s] Level 1:colcon.colcon_core.package_discovery:discover_packages(ignore) using defaults
[0.630s] Level 1:colcon.colcon_core.package_discovery:discover_packages(path) discover
[0.630s] Level 1:colcon.colcon_core.package_discovery:discover_packages(path) using defaults
[0.759s] INFO:colcon.colcon_core.package_selection:Skipping not selected package 'ur7e_vision' in 'ros2_ws/src/ur7e_vision'
[0.760s] Level 1:colcon.colcon_core.package_discovery:discover_packages(prefix_path) check parameters
[0.761s] Level 1:colcon.colcon_core.package_discovery:discover_packages(prefix_path) discover
[0.773s] DEBUG:colcon.colcon_installed_package_information.package_discovery:Found 362 installed packages in /opt/ros/jazzy
[0.779s] Level 1:colcon.colcon_core.package_discovery:discover_packages(prefix_path) using defaults
[0.889s] Level 5:colcon.colcon_core.verb:set package 'ur7e_motion' build argument 'cmake_args' from command line to 'None'
[0.889s] Level 5:colcon.colcon_core.verb:set package 'ur7e_motion' build argument 'cmake_target' from command line to 'None'
[0.889s] Level 5:colcon.colcon_core.verb:set package 'ur7e_motion' build argument 'cmake_target_skip_unavailable' from command line to 'False'
[0.889s] Level 5:colcon.colcon_core.verb:set package 'ur7e_motion' build argument 'cmake_clean_cache' from command line to 'False'
[0.889s] Level 5:colcon.colcon_core.verb:set package 'ur7e_motion' build argument 'cmake_clean_first' from command line to 'False'
[0.889s] Level 5:colcon.colcon_core.verb:set package 'ur7e_motion' build argument 'cmake_force_configure' from command line to 'False'
[0.889s] Level 5:colcon.colcon_core.verb:set package 'ur7e_motion' build argument 'ament_cmake_args' from command line to 'None'
[0.889s] Level 5:colcon.colcon_core.verb:set package 'ur7e_motion' build argument 'catkin_cmake_args' from command line to 'None'
[0.889s] Level 5:colcon.colcon_core.verb:set package 'ur7e_motion' build argument 'catkin_skip_building_tests' from command line to 'False'
[0.890s] DEBUG:colcon.colcon_core.verb:Building package 'ur7e_motion' with the following arguments: {'ament_cmake_args': None, 'build_base': '/home/liar/UR7e/build/ur7e_motion', 'catkin_cmake_args': None, 'catkin_skip_building_tests': False, 'cmake_args': None, 'cmake_clean_cache': False, 'cmake_clean_first': False, 'cmake_force_configure': False, 'cmake_target': None, 'cmake_target_skip_unavailable': False, 'install_base': '/home/liar/UR7e/install/ur7e_motion', 'merge_install': False, 'path': '/home/liar/UR7e/ros2_ws/src/ur7e_motion', 'symlink_install': True, 'test_result_base': None}
[0.890s] INFO:colcon.colcon_core.executor:Executing jobs using 'parallel' executor
[0.891s] DEBUG:colcon.colcon_parallel_executor.executor.parallel:run_until_complete
[0.891s] INFO:colcon.colcon_ros.task.ament_cmake.build:Building ROS package in '/home/liar/UR7e/ros2_ws/src/ur7e_motion' with build type 'ament_cmake'
[0.891s] INFO:colcon.colcon_cmake.task.cmake.build:Building CMake package in '/home/liar/UR7e/ros2_ws/src/ur7e_motion'
[0.909s] INFO:colcon.colcon_core.plugin_system:Skipping extension 'colcon_core.shell.bat': Not used on non-Windows systems
[0.909s] INFO:colcon.colcon_core.shell:Skip shell extension 'powershell' for command environment: Not usable outside of PowerShell
[0.909s] DEBUG:colcon.colcon_core.shell:Skip shell extension 'dsv' for command environment
[0.924s] DEBUG:colcon.colcon_core.event_handler.log_command:Invoking command in '/home/liar/UR7e/build/ur7e_motion': CMAKE_PREFIX_PATH=${CMAKE_PREFIX_PATH}:/opt/ros/jazzy DEBUGINFOD_URLS=https://debuginfod.ubuntu.com /usr/bin/cmake /home/liar/UR7e/ros2_ws/src/ur7e_motion -DAMENT_CMAKE_SYMLINK_INSTALL=1 -DCMAKE_INSTALL_PREFIX=/home/liar/UR7e/install/ur7e_motion
[12.306s] DEBUG:colcon.colcon_core.event_handler.log_command:Invoked command in '/home/liar/UR7e/build/ur7e_motion' returned '0': CMAKE_PREFIX_PATH=${CMAKE_PREFIX_PATH}:/opt/ros/jazzy DEBUGINFOD_URLS=https://debuginfod.ubuntu.com /usr/bin/cmake /home/liar/UR7e/ros2_ws/src/ur7e_motion -DAMENT_CMAKE_SYMLINK_INSTALL=1 -DCMAKE_INSTALL_PREFIX=/home/liar/UR7e/install/ur7e_motion
[12.313s] DEBUG:colcon.colcon_core.event_handler.log_command:Invoking command in '/home/liar/UR7e/build/ur7e_motion': CMAKE_PREFIX_PATH=${CMAKE_PREFIX_PATH}:/opt/ros/jazzy DEBUGINFOD_URLS=https://debuginfod.ubuntu.com /usr/bin/cmake --build /home/liar/UR7e/build/ur7e_motion -- -j16 -l16
[50.876s] DEBUG:colcon.colcon_core.event_handler.log_command:Invoked command in '/home/liar/UR7e/build/ur7e_motion' returned '0': CMAKE_PREFIX_PATH=${CMAKE_PREFIX_PATH}:/opt/ros/jazzy DEBUGINFOD_URLS=https://debuginfod.ubuntu.com /usr/bin/cmake --build /home/liar/UR7e/build/ur7e_motion -- -j16 -l16
[50.956s] Level 1:colcon.colcon_core.environment:create_environment_scripts_only(ur7e_motion)
[51.054s] DEBUG:colcon.colcon_core.event_handler.log_command:Invoking command in '/home/liar/UR7e/build/ur7e_motion': CMAKE_PREFIX_PATH=${CMAKE_PREFIX_PATH}:/opt/ros/jazzy DEBUGINFOD_URLS=https://debuginfod.ubuntu.com /usr/bin/cmake --install /home/liar/UR7e/build/ur7e_motion
[51.063s] DEBUG:colcon.colcon_core.event_handler.log_command:Invoked command in '/home/liar/UR7e/build/ur7e_motion' returned '1': CMAKE_PREFIX_PATH=${CMAKE_PREFIX_PATH}:/opt/ros/jazzy DEBUGINFOD_URLS=https://debuginfod.ubuntu.com /usr/bin/cmake --install /home/liar/UR7e/build/ur7e_motion
[51.521s] Level 1:colcon.colcon_core.environment:checking '/home/liar/UR7e/install/ur7e_motion' for CMake module files
[51.523s] Level 1:colcon.colcon_core.environment:checking '/home/liar/UR7e/install/ur7e_motion' for CMake config files
[51.525s] Level 1:colcon.colcon_core.environment:checking '/home/liar/UR7e/install/ur7e_motion/lib'
[51.526s] Level 1:colcon.colcon_core.environment:checking '/home/liar/UR7e/install/ur7e_motion/bin'
[51.526s] Level 1:colcon.colcon_core.environment:checking '/home/liar/UR7e/install/ur7e_motion/lib/pkgconfig/ur7e_motion.pc'
[51.527s] Level 1:colcon.colcon_core.environment:checking '/home/liar/UR7e/install/ur7e_motion/lib/python3.12/site-packages'
[51.529s] Level 1:colcon.colcon_core.environment:checking '/home/liar/UR7e/install/ur7e_motion/bin'
[51.529s] INFO:colcon.colcon_core.shell:Creating package script '/home/liar/UR7e/install/ur7e_motion/share/ur7e_motion/package.ps1'
[51.793s] INFO:colcon.colcon_core.shell:Creating package descriptor '/home/liar/UR7e/install/ur7e_motion/share/ur7e_motion/package.dsv'
[51.818s] INFO:colcon.colcon_core.shell:Creating package script '/home/liar/UR7e/install/ur7e_motion/share/ur7e_motion/package.sh'
[51.984s] INFO:colcon.colcon_core.shell:Creating package script '/home/liar/UR7e/install/ur7e_motion/share/ur7e_motion/package.bash'
[52.010s] INFO:colcon.colcon_core.shell:Creating package script '/home/liar/UR7e/install/ur7e_motion/share/ur7e_motion/package.zsh'
[52.013s] Level 1:colcon.colcon_core.environment:create_file_with_runtime_dependencies(/home/liar/UR7e/install/ur7e_motion/share/colcon-core/packages/ur7e_motion)
[52.025s] DEBUG:colcon.colcon_parallel_executor.executor.parallel:closing loop
[52.025s] DEBUG:colcon.colcon_parallel_executor.executor.parallel:loop closed
[52.025s] DEBUG:colcon.colcon_parallel_executor.executor.parallel:run_until_complete finished with '1'
[52.026s] DEBUG:colcon.colcon_core.event_reactor:joining thread
[52.426s] INFO:colcon.colcon_core.plugin_system:Skipping extension 'colcon_notification.desktop_notification.terminal_notifier': Not used on non-Darwin systems
[52.427s] INFO:colcon.colcon_core.plugin_system:Skipping extension 'colcon_notification.desktop_notification.win32': Not used on non-Windows systems
[52.427s] INFO:colcon.colcon_notification.desktop_notification:Sending desktop notification using 'notify2'
[52.492s] DEBUG:colcon.colcon_core.event_reactor:joined thread
[52.493s] INFO:colcon.colcon_core.shell:Creating prefix script '/home/liar/UR7e/install/local_setup.ps1'
[52.495s] INFO:colcon.colcon_core.shell:Creating prefix util module '/home/liar/UR7e/install/_local_setup_util_ps1.py'
[52.498s] INFO:colcon.colcon_core.shell:Creating prefix chain script '/home/liar/UR7e/install/setup.ps1'
[52.500s] INFO:colcon.colcon_core.shell:Creating prefix script '/home/liar/UR7e/install/local_setup.sh'
[52.501s] INFO:colcon.colcon_core.shell:Creating prefix util module '/home/liar/UR7e/install/_local_setup_util_sh.py'
[52.502s] INFO:colcon.colcon_core.shell:Creating prefix chain script '/home/liar/UR7e/install/setup.sh'
[52.504s] INFO:colcon.colcon_core.shell:Creating prefix script '/home/liar/UR7e/install/local_setup.bash'
[52.506s] INFO:colcon.colcon_core.shell:Creating prefix chain script '/home/liar/UR7e/install/setup.bash'
[52.508s] INFO:colcon.colcon_core.shell:Creating prefix script '/home/liar/UR7e/install/local_setup.zsh'
[52.510s] INFO:colcon.colcon_core.shell:Creating prefix chain script '/home/liar/UR7e/install/setup.zsh'
