[2.942s] Invoking command in '/home/liar/UR7e/build/ur7e_vision': DEBUGINFOD_URLS=https://debuginfod.ubuntu.com PYTHONPATH=/home/liar/UR7e/build/ur7e_vision/prefix_override:/usr/lib/python3/dist-packages/colcon_core/task/python/colcon_distutils_commands:/home/liar/UR7e/install/ur7e_vision/lib/python3.12/site-packages:${PYTHONPATH} /usr/bin/python3 -W ignore:setup.py install is deprecated -W ignore:easy_install command is deprecated setup.py develop --editable --build-directory /home/liar/UR7e/build/ur7e_vision/build --no-deps symlink_data
[3.645s] running develop
[4.408s] running egg_info
[4.408s] creating ur7e_vision.egg-info
[4.497s] writing ur7e_vision.egg-info/PKG-INFO
[4.501s] writing dependency_links to ur7e_vision.egg-info/dependency_links.txt
[4.503s] writing entry points to ur7e_vision.egg-info/entry_points.txt
[4.504s] writing requirements to ur7e_vision.egg-info/requires.txt
[4.505s] writing top-level names to ur7e_vision.egg-info/top_level.txt
[4.506s] writing manifest file 'ur7e_vision.egg-info/SOURCES.txt'
[4.699s] reading manifest file 'ur7e_vision.egg-info/SOURCES.txt'
[4.703s] writing manifest file 'ur7e_vision.egg-info/SOURCES.txt'
[4.754s] running build_ext
[4.756s] Creating /home/liar/UR7e/install/ur7e_vision/lib/python3.12/site-packages/ur7e-vision.egg-link (link to .)
[4.758s] Installing hik_camera_node script to /home/liar/UR7e/install/ur7e_vision/lib/ur7e_vision
[4.758s] Installing svm_detector_node script to /home/liar/UR7e/install/ur7e_vision/lib/ur7e_vision
[4.761s] 
[4.761s] Installed /home/liar/UR7e/build/ur7e_vision
[4.762s] running symlink_data
[4.763s] creating /home/liar/UR7e/install/ur7e_vision/share/ament_index
[4.764s] creating /home/liar/UR7e/install/ur7e_vision/share/ament_index/resource_index
[4.764s] creating /home/liar/UR7e/install/ur7e_vision/share/ament_index/resource_index/packages
[4.764s] symbolically linking /home/liar/UR7e/build/ur7e_vision/resource/ur7e_vision -> /home/liar/UR7e/install/ur7e_vision/share/ament_index/resource_index/packages
[4.764s] symbolically linking /home/liar/UR7e/build/ur7e_vision/package.xml -> /home/liar/UR7e/install/ur7e_vision/share/ur7e_vision
[4.765s] creating /home/liar/UR7e/install/ur7e_vision/share/ur7e_vision/launch
[4.765s] symbolically linking /home/liar/UR7e/build/ur7e_vision/launch/vision.launch.py -> /home/liar/UR7e/install/ur7e_vision/share/ur7e_vision/launch
[4.766s] creating /home/liar/UR7e/install/ur7e_vision/share/ur7e_vision/config
[4.766s] symbolically linking /home/liar/UR7e/build/ur7e_vision/config/labels.yaml -> /home/liar/UR7e/install/ur7e_vision/share/ur7e_vision/config
[4.767s] symbolically linking /home/liar/UR7e/build/ur7e_vision/config/vision.yaml -> /home/liar/UR7e/install/ur7e_vision/share/ur7e_vision/config
[4.767s] creating /home/liar/UR7e/install/ur7e_vision/share/ur7e_vision/models
[4.768s] symbolically linking /home/liar/UR7e/build/ur7e_vision/models/svm_scaler.npz -> /home/liar/UR7e/install/ur7e_vision/share/ur7e_vision/models
[4.768s] symbolically linking /home/liar/UR7e/build/ur7e_vision/models/class_reference.npz -> /home/liar/UR7e/install/ur7e_vision/share/ur7e_vision/models
[4.768s] symbolically linking /home/liar/UR7e/build/ur7e_vision/models/model_meta.json -> /home/liar/UR7e/install/ur7e_vision/share/ur7e_vision/models
[4.768s] symbolically linking /home/liar/UR7e/build/ur7e_vision/models/labels.json -> /home/liar/UR7e/install/ur7e_vision/share/ur7e_vision/models
[4.768s] symbolically linking /home/liar/UR7e/build/ur7e_vision/models/svm_model.xml -> /home/liar/UR7e/install/ur7e_vision/share/ur7e_vision/models
[4.768s] creating /home/liar/UR7e/install/ur7e_vision/share/ur7e_vision/calibration
[4.769s] symbolically linking /home/liar/UR7e/build/ur7e_vision/calibration/homography.yaml.example -> /home/liar/UR7e/install/ur7e_vision/share/ur7e_vision/calibration
[4.769s] symbolically linking /home/liar/UR7e/build/ur7e_vision/calibration/pixel_base_points.csv -> /home/liar/UR7e/install/ur7e_vision/share/ur7e_vision/calibration
[4.769s] symbolically linking /home/liar/UR7e/build/ur7e_vision/calibration/homography.yaml -> /home/liar/UR7e/install/ur7e_vision/share/ur7e_vision/calibration
[4.886s] Invoked command in '/home/liar/UR7e/build/ur7e_vision' returned '0': DEBUGINFOD_URLS=https://debuginfod.ubuntu.com PYTHONPATH=/home/liar/UR7e/build/ur7e_vision/prefix_override:/usr/lib/python3/dist-packages/colcon_core/task/python/colcon_distutils_commands:/home/liar/UR7e/install/ur7e_vision/lib/python3.12/site-packages:${PYTHONPATH} /usr/bin/python3 -W ignore:setup.py install is deprecated -W ignore:easy_install command is deprecated setup.py develop --editable --build-directory /home/liar/UR7e/build/ur7e_vision/build --no-deps symlink_data
