[0.186s] DEBUG:colcon:Command line arguments: ['/usr/bin/colcon', 'build', '--packages-select', 'ur7e_vision', '--symlink-install']
[0.187s] DEBUG:colcon:Parsed command line arguments: Namespace(log_base=None, log_level=None, verb_name='build', build_base='build', install_base='install', merge_install=False, symlink_install=True, test_result_base=None, continue_on_error=False, executor='parallel', parallel_workers=16, event_handlers=None, ignore_user_meta=False, metas=['./colcon.meta'], base_paths=['.'], packages_ignore=None, packages_ignore_regex=None, paths=None, packages_up_to=None, packages_up_to_regex=None, packages_above=None, packages_above_and_dependencies=None, packages_above_depth=None, packages_select_by_dep=None, packages_skip_by_dep=None, packages_skip_up_to=None, packages_select_build_failed=False, packages_skip_build_finished=False, packages_select_test_failures=False, packages_skip_test_passed=False, packages_select=['ur7e_vision'], packages_skip=None, packages_select_regex=None, packages_skip_regex=None, packages_start=None, packages_end=None, allow_overriding=[], cmake_args=None, cmake_target=None, cmake_target_skip_unavailable=False, cmake_clean_cache=False, cmake_clean_first=False, cmake_force_configure=False, ament_cmake_args=None, catkin_cmake_args=None, catkin_skip_building_tests=False, mixin_files=None, mixin=None, verb_parser=<colcon_mixin.mixin.mixin_argument.MixinArgumentDecorator object at 0x7ca55b6a8860>, verb_extension=<colcon_core.verb.build.BuildVerb object at 0x7ca55b7cf680>, main=<bound method BuildVerb.main of <colcon_core.verb.build.BuildVerb object at 0x7ca55b7cf680>>, mixin_verb=('build',))
[0.254s] Level 1:colcon.colcon_core.package_discovery:discover_packages(colcon_meta) check parameters
[0.254s] Level 1:colcon.colcon_core.package_discovery:discover_packages(recursive) check parameters
[0.254s] Level 1:colcon.colcon_core.package_discovery:discover_packages(ignore) check parameters
[0.254s] Level 1:colcon.colcon_core.package_discovery:discover_packages(path) check parameters
[0.255s] Level 1:colcon.colcon_core.package_discovery:discover_packages(colcon_meta) discover
[0.255s] Level 1:colcon.colcon_core.package_discovery:discover_packages(recursive) discover
[0.255s] INFO:colcon.colcon_core.package_discovery:Crawling recursively for packages in '/home/liar/UR7e/ros2_ws'
[0.255s] Level 1:colcon.colcon_core.package_identification:_identify(.) by extensions ['ignore', 'ignore_ament_install']
[0.255s] Level 1:colcon.colcon_core.package_identification:_identify(.) by extension 'ignore'
[0.255s] Level 1:colcon.colcon_core.package_identification:_identify(.) by extension 'ignore_ament_install'
[0.255s] Level 1:colcon.colcon_core.package_identification:_identify(.) by extensions ['colcon_pkg']
[0.255s] Level 1:colcon.colcon_core.package_identification:_identify(.) by extension 'colcon_pkg'
[0.255s] Level 1:colcon.colcon_core.package_identification:_identify(.) by extensions ['colcon_meta']
[0.255s] Level 1:colcon.colcon_core.package_identification:_identify(.) by extension 'colcon_meta'
[0.255s] Level 1:colcon.colcon_core.package_identification:_identify(.) by extensions ['ros']
[0.255s] Level 1:colcon.colcon_core.package_identification:_identify(.) by extension 'ros'
[0.289s] Level 1:colcon.colcon_core.package_identification:_identify(.) by extensions ['cmake', 'python']
[0.289s] Level 1:colcon.colcon_core.package_identification:_identify(.) by extension 'cmake'
[0.289s] Level 1:colcon.colcon_core.package_identification:_identify(.) by extension 'python'
[0.289s] Level 1:colcon.colcon_core.package_identification:_identify(.) by extensions ['python_setup_py']
[0.289s] Level 1:colcon.colcon_core.package_identification:_identify(.) by extension 'python_setup_py'
[0.290s] Level 1:colcon.colcon_core.package_identification:_identify(build) by extensions ['ignore', 'ignore_ament_install']
[0.290s] Level 1:colcon.colcon_core.package_identification:_identify(build) by extension 'ignore'
[0.290s] Level 1:colcon.colcon_core.package_identification:_identify(build) ignored
[0.290s] Level 1:colcon.colcon_core.package_identification:_identify(install) by extensions ['ignore', 'ignore_ament_install']
[0.290s] Level 1:colcon.colcon_core.package_identification:_identify(install) by extension 'ignore'
[0.290s] Level 1:colcon.colcon_core.package_identification:_identify(install) ignored
[0.290s] Level 1:colcon.colcon_core.package_identification:_identify(log) by extensions ['ignore', 'ignore_ament_install']
[0.290s] Level 1:colcon.colcon_core.package_identification:_identify(log) by extension 'ignore'
[0.291s] Level 1:colcon.colcon_core.package_identification:_identify(log) ignored
[0.291s] Level 1:colcon.colcon_core.package_identification:_identify(src) by extensions ['ignore', 'ignore_ament_install']
[0.291s] Level 1:colcon.colcon_core.package_identification:_identify(src) by extension 'ignore'
[0.291s] Level 1:colcon.colcon_core.package_identification:_identify(src) by extension 'ignore_ament_install'
[0.291s] Level 1:colcon.colcon_core.package_identification:_identify(src) by extensions ['colcon_pkg']
[0.291s] Level 1:colcon.colcon_core.package_identification:_identify(src) by extension 'colcon_pkg'
[0.291s] Level 1:colcon.colcon_core.package_identification:_identify(src) by extensions ['colcon_meta']
[0.291s] Level 1:colcon.colcon_core.package_identification:_identify(src) by extension 'colcon_meta'
[0.291s] Level 1:colcon.colcon_core.package_identification:_identify(src) by extensions ['ros']
[0.291s] Level 1:colcon.colcon_core.package_identification:_identify(src) by extension 'ros'
[0.291s] Level 1:colcon.colcon_core.package_identification:_identify(src) by extensions ['cmake', 'python']
[0.291s] Level 1:colcon.colcon_core.package_identification:_identify(src) by extension 'cmake'
[0.291s] Level 1:colcon.colcon_core.package_identification:_identify(src) by extension 'python'
[0.291s] Level 1:colcon.colcon_core.package_identification:_identify(src) by extensions ['python_setup_py']
[0.291s] Level 1:colcon.colcon_core.package_identification:_identify(src) by extension 'python_setup_py'
[0.292s] Level 1:colcon.colcon_core.package_identification:_identify(src/ur7e_motion) by extensions ['ignore', 'ignore_ament_install']
[0.292s] Level 1:colcon.colcon_core.package_identification:_identify(src/ur7e_motion) by extension 'ignore'
[0.292s] Level 1:colcon.colcon_core.package_identification:_identify(src/ur7e_motion) by extension 'ignore_ament_install'
[0.292s] Level 1:colcon.colcon_core.package_identification:_identify(src/ur7e_motion) by extensions ['colcon_pkg']
[0.292s] Level 1:colcon.colcon_core.package_identification:_identify(src/ur7e_motion) by extension 'colcon_pkg'
[0.292s] Level 1:colcon.colcon_core.package_identification:_identify(src/ur7e_motion) by extensions ['colcon_meta']
[0.292s] Level 1:colcon.colcon_core.package_identification:_identify(src/ur7e_motion) by extension 'colcon_meta'
[0.292s] Level 1:colcon.colcon_core.package_identification:_identify(src/ur7e_motion) by extensions ['ros']
[0.292s] Level 1:colcon.colcon_core.package_identification:_identify(src/ur7e_motion) by extension 'ros'
[0.295s] DEBUG:colcon.colcon_core.package_identification:Package 'src/ur7e_motion' with type 'ros.ament_cmake' and name 'ur7e_motion'
[0.295s] Level 1:colcon.colcon_core.package_identification:_identify(src/ur7e_vision) by extensions ['ignore', 'ignore_ament_install']
[0.295s] Level 1:colcon.colcon_core.package_identification:_identify(src/ur7e_vision) by extension 'ignore'
[0.296s] Level 1:colcon.colcon_core.package_identification:_identify(src/ur7e_vision) by extension 'ignore_ament_install'
[0.296s] Level 1:colcon.colcon_core.package_identification:_identify(src/ur7e_vision) by extensions ['colcon_pkg']
[0.296s] Level 1:colcon.colcon_core.package_identification:_identify(src/ur7e_vision) by extension 'colcon_pkg'
[0.296s] Level 1:colcon.colcon_core.package_identification:_identify(src/ur7e_vision) by extensions ['colcon_meta']
[0.296s] Level 1:colcon.colcon_core.package_identification:_identify(src/ur7e_vision) by extension 'colcon_meta'
[0.296s] Level 1:colcon.colcon_core.package_identification:_identify(src/ur7e_vision) by extensions ['ros']
[0.296s] Level 1:colcon.colcon_core.package_identification:_identify(src/ur7e_vision) by extension 'ros'
[0.296s] DEBUG:colcon.colcon_core.package_identification:Package 'src/ur7e_vision' with type 'ros.ament_python' and name 'ur7e_vision'
[0.297s] Level 1:colcon.colcon_core.package_discovery:discover_packages(recursive) using defaults
[0.297s] Level 1:colcon.colcon_core.package_discovery:discover_packages(ignore) discover
[0.297s] Level 1:colcon.colcon_core.package_discovery:discover_packages(ignore) using defaults
[0.297s] Level 1:colcon.colcon_core.package_discovery:discover_packages(path) discover
[0.297s] Level 1:colcon.colcon_core.package_discovery:discover_packages(path) using defaults
[0.320s] INFO:colcon.colcon_core.package_selection:Skipping not selected package 'ur7e_motion' in 'src/ur7e_motion'
[0.321s] Level 1:colcon.colcon_core.package_discovery:discover_packages(prefix_path) check parameters
[0.321s] Level 1:colcon.colcon_core.package_discovery:discover_packages(prefix_path) discover
[0.324s] DEBUG:colcon.colcon_installed_package_information.package_discovery:Found 362 installed packages in /opt/ros/jazzy
[0.326s] Level 1:colcon.colcon_core.package_discovery:discover_packages(prefix_path) using defaults
[0.402s] Level 5:colcon.colcon_core.verb:set package 'ur7e_vision' build argument 'cmake_args' from command line to 'None'
[0.402s] Level 5:colcon.colcon_core.verb:set package 'ur7e_vision' build argument 'cmake_target' from command line to 'None'
[0.403s] Level 5:colcon.colcon_core.verb:set package 'ur7e_vision' build argument 'cmake_target_skip_unavailable' from command line to 'False'
[0.403s] Level 5:colcon.colcon_core.verb:set package 'ur7e_vision' build argument 'cmake_clean_cache' from command line to 'False'
[0.403s] Level 5:colcon.colcon_core.verb:set package 'ur7e_vision' build argument 'cmake_clean_first' from command line to 'False'
[0.403s] Level 5:colcon.colcon_core.verb:set package 'ur7e_vision' build argument 'cmake_force_configure' from command line to 'False'
[0.403s] Level 5:colcon.colcon_core.verb:set package 'ur7e_vision' build argument 'ament_cmake_args' from command line to 'None'
[0.403s] Level 5:colcon.colcon_core.verb:set package 'ur7e_vision' build argument 'catkin_cmake_args' from command line to 'None'
[0.403s] Level 5:colcon.colcon_core.verb:set package 'ur7e_vision' build argument 'catkin_skip_building_tests' from command line to 'False'
[0.403s] DEBUG:colcon.colcon_core.verb:Building package 'ur7e_vision' with the following arguments: {'ament_cmake_args': None, 'build_base': '/home/liar/UR7e/ros2_ws/build/ur7e_vision', 'catkin_cmake_args': None, 'catkin_skip_building_tests': False, 'cmake_args': None, 'cmake_clean_cache': False, 'cmake_clean_first': False, 'cmake_force_configure': False, 'cmake_target': None, 'cmake_target_skip_unavailable': False, 'install_base': '/home/liar/UR7e/ros2_ws/install/ur7e_vision', 'merge_install': False, 'path': '/home/liar/UR7e/ros2_ws/src/ur7e_vision', 'symlink_install': True, 'test_result_base': None}
[0.404s] INFO:colcon.colcon_core.executor:Executing jobs using 'parallel' executor
[0.405s] DEBUG:colcon.colcon_parallel_executor.executor.parallel:run_until_complete
[0.406s] INFO:colcon.colcon_ros.task.ament_python.build:Building ROS package in '/home/liar/UR7e/ros2_ws/src/ur7e_vision' with build type 'ament_python'
[0.406s] Level 1:colcon.colcon_core.shell:create_environment_hook('ur7e_vision', 'ament_prefix_path')
[0.408s] INFO:colcon.colcon_core.plugin_system:Skipping extension 'colcon_core.shell.bat': Not used on non-Windows systems
[0.409s] INFO:colcon.colcon_core.shell:Creating environment hook '/home/liar/UR7e/ros2_ws/install/ur7e_vision/share/ur7e_vision/hook/ament_prefix_path.ps1'
[0.410s] INFO:colcon.colcon_core.shell:Creating environment descriptor '/home/liar/UR7e/ros2_ws/install/ur7e_vision/share/ur7e_vision/hook/ament_prefix_path.dsv'
[0.410s] INFO:colcon.colcon_core.shell:Creating environment hook '/home/liar/UR7e/ros2_ws/install/ur7e_vision/share/ur7e_vision/hook/ament_prefix_path.sh'
[0.411s] INFO:colcon.colcon_core.shell:Skip shell extension 'powershell' for command environment: Not usable outside of PowerShell
[0.412s] DEBUG:colcon.colcon_core.shell:Skip shell extension 'dsv' for command environment
[0.877s] INFO:colcon.colcon_core.task.python.build:Building Python package in '/home/liar/UR7e/ros2_ws/src/ur7e_vision'
[0.878s] INFO:colcon.colcon_core.shell:Skip shell extension 'powershell' for command environment: Not usable outside of PowerShell
[0.879s] DEBUG:colcon.colcon_core.shell:Skip shell extension 'dsv' for command environment
[1.975s] DEBUG:colcon.colcon_core.task.python.build:Available setuptools commands: easy_install, register, test, build_py, symlink_data, upload, bdist_dumb, egg_info, compile_catalog, build_clib, check, dist_info, rotate, editable_wheel, develop, build_scripts, init_catalog, build_ext, install_egg_info, extract_messages, bdist_egg, install_lib, alias, install_scripts, bdist_rpm, install_data, update_catalog, setopt, sdist, install_headers, bdist, saveopts, build, clean, upload_docs, install
[2.472s] DEBUG:colcon.colcon_core.task.python.build:Available setuptools 'develop' options: --upgrade, --optimize, --egg-path, --multi-version, --zip-ok, --find-links, --editable, --site-dirs, --exclude-scripts, --script-dir, --verbose, --local-snapshots-ok, --install-dir, --record, --version, --dry-run, --allow-hosts, --install-layout, --always-unzip, --prefix, --force-installation-into-system-dir, --no-user-cfg, --user, --uninstall, --build-directory, --no-deps, --help, --no-find-links, --always-copy, --index-url, --quiet
[2.476s] DEBUG:colcon.colcon_core.event_handler.log_command:Invoking command in '/home/liar/UR7e/ros2_ws/build/ur7e_vision': DEBUGINFOD_URLS=https://debuginfod.ubuntu.com PYTHONPATH=/home/liar/UR7e/ros2_ws/build/ur7e_vision/prefix_override:/usr/lib/python3/dist-packages/colcon_core/task/python/colcon_distutils_commands:/home/liar/UR7e/ros2_ws/install/ur7e_vision/lib/python3.12/site-packages:${PYTHONPATH} /usr/bin/python3 -W ignore:setup.py install is deprecated -W ignore:easy_install command is deprecated setup.py develop --editable --build-directory /home/liar/UR7e/ros2_ws/build/ur7e_vision/build --no-deps symlink_data
[3.426s] Level 1:colcon.colcon_core.shell:create_environment_hook('ur7e_vision', 'pythonpath_develop')
[3.426s] INFO:colcon.colcon_core.shell:Creating environment hook '/home/liar/UR7e/ros2_ws/build/ur7e_vision/share/ur7e_vision/hook/pythonpath_develop.ps1'
[3.427s] DEBUG:colcon.colcon_core.event_handler.log_command:Invoked command in '/home/liar/UR7e/ros2_ws/build/ur7e_vision' returned '0': DEBUGINFOD_URLS=https://debuginfod.ubuntu.com PYTHONPATH=/home/liar/UR7e/ros2_ws/build/ur7e_vision/prefix_override:/usr/lib/python3/dist-packages/colcon_core/task/python/colcon_distutils_commands:/home/liar/UR7e/ros2_ws/install/ur7e_vision/lib/python3.12/site-packages:${PYTHONPATH} /usr/bin/python3 -W ignore:setup.py install is deprecated -W ignore:easy_install command is deprecated setup.py develop --editable --build-directory /home/liar/UR7e/ros2_ws/build/ur7e_vision/build --no-deps symlink_data
[3.429s] INFO:colcon.colcon_core.shell:Creating environment descriptor '/home/liar/UR7e/ros2_ws/build/ur7e_vision/share/ur7e_vision/hook/pythonpath_develop.dsv'
[3.430s] INFO:colcon.colcon_core.shell:Creating environment hook '/home/liar/UR7e/ros2_ws/build/ur7e_vision/share/ur7e_vision/hook/pythonpath_develop.sh'
[3.441s] Level 1:colcon.colcon_core.environment:checking '/home/liar/UR7e/ros2_ws/install/ur7e_vision' for CMake module files
[3.443s] Level 1:colcon.colcon_core.environment:checking '/home/liar/UR7e/ros2_ws/install/ur7e_vision' for CMake config files
[3.446s] Level 1:colcon.colcon_core.environment:checking '/home/liar/UR7e/ros2_ws/install/ur7e_vision/lib'
[3.447s] Level 1:colcon.colcon_core.environment:checking '/home/liar/UR7e/ros2_ws/install/ur7e_vision/bin'
[3.447s] Level 1:colcon.colcon_core.environment:checking '/home/liar/UR7e/ros2_ws/install/ur7e_vision/lib/pkgconfig/ur7e_vision.pc'
[3.448s] Level 1:colcon.colcon_core.environment:checking '/home/liar/UR7e/ros2_ws/install/ur7e_vision/lib/python3.12/site-packages'
[3.448s] Level 1:colcon.colcon_core.shell:create_environment_hook('ur7e_vision', 'pythonpath')
[3.449s] INFO:colcon.colcon_core.shell:Creating environment hook '/home/liar/UR7e/ros2_ws/install/ur7e_vision/share/ur7e_vision/hook/pythonpath.ps1'
[3.451s] INFO:colcon.colcon_core.shell:Creating environment descriptor '/home/liar/UR7e/ros2_ws/install/ur7e_vision/share/ur7e_vision/hook/pythonpath.dsv'
[3.453s] INFO:colcon.colcon_core.shell:Creating environment hook '/home/liar/UR7e/ros2_ws/install/ur7e_vision/share/ur7e_vision/hook/pythonpath.sh'
[3.456s] Level 1:colcon.colcon_core.environment:checking '/home/liar/UR7e/ros2_ws/install/ur7e_vision/bin'
[3.457s] Level 1:colcon.colcon_core.environment:create_environment_scripts_only(ur7e_vision)
[3.458s] INFO:colcon.colcon_core.shell:Creating package script '/home/liar/UR7e/ros2_ws/install/ur7e_vision/share/ur7e_vision/package.ps1'
[3.463s] INFO:colcon.colcon_core.shell:Creating package descriptor '/home/liar/UR7e/ros2_ws/install/ur7e_vision/share/ur7e_vision/package.dsv'
[3.465s] INFO:colcon.colcon_core.shell:Creating package script '/home/liar/UR7e/ros2_ws/install/ur7e_vision/share/ur7e_vision/package.sh'
[3.469s] INFO:colcon.colcon_core.shell:Creating package script '/home/liar/UR7e/ros2_ws/install/ur7e_vision/share/ur7e_vision/package.bash'
[3.471s] INFO:colcon.colcon_core.shell:Creating package script '/home/liar/UR7e/ros2_ws/install/ur7e_vision/share/ur7e_vision/package.zsh'
[3.473s] Level 1:colcon.colcon_core.environment:create_file_with_runtime_dependencies(/home/liar/UR7e/ros2_ws/install/ur7e_vision/share/colcon-core/packages/ur7e_vision)
[3.474s] DEBUG:colcon.colcon_parallel_executor.executor.parallel:closing loop
[3.476s] DEBUG:colcon.colcon_parallel_executor.executor.parallel:loop closed
[3.476s] DEBUG:colcon.colcon_parallel_executor.executor.parallel:run_until_complete finished with '0'
[3.476s] DEBUG:colcon.colcon_core.event_reactor:joining thread
[3.494s] INFO:colcon.colcon_core.plugin_system:Skipping extension 'colcon_notification.desktop_notification.terminal_notifier': Not used on non-Darwin systems
[3.494s] INFO:colcon.colcon_core.plugin_system:Skipping extension 'colcon_notification.desktop_notification.win32': Not used on non-Windows systems
[3.494s] INFO:colcon.colcon_notification.desktop_notification:Sending desktop notification using 'notify2'
[3.545s] DEBUG:colcon.colcon_core.event_reactor:joined thread
[3.546s] INFO:colcon.colcon_core.shell:Creating prefix script '/home/liar/UR7e/ros2_ws/install/local_setup.ps1'
[3.548s] INFO:colcon.colcon_core.shell:Creating prefix util module '/home/liar/UR7e/ros2_ws/install/_local_setup_util_ps1.py'
[3.552s] INFO:colcon.colcon_core.shell:Creating prefix chain script '/home/liar/UR7e/ros2_ws/install/setup.ps1'
[3.555s] INFO:colcon.colcon_core.shell:Creating prefix script '/home/liar/UR7e/ros2_ws/install/local_setup.sh'
[3.556s] INFO:colcon.colcon_core.shell:Creating prefix util module '/home/liar/UR7e/ros2_ws/install/_local_setup_util_sh.py'
[3.558s] INFO:colcon.colcon_core.shell:Creating prefix chain script '/home/liar/UR7e/ros2_ws/install/setup.sh'
[3.561s] INFO:colcon.colcon_core.shell:Creating prefix script '/home/liar/UR7e/ros2_ws/install/local_setup.bash'
[3.563s] INFO:colcon.colcon_core.shell:Creating prefix chain script '/home/liar/UR7e/ros2_ws/install/setup.bash'
[3.566s] INFO:colcon.colcon_core.shell:Creating prefix script '/home/liar/UR7e/ros2_ws/install/local_setup.zsh'
[3.568s] INFO:colcon.colcon_core.shell:Creating prefix chain script '/home/liar/UR7e/ros2_ws/install/setup.zsh'
