[0.937s] Invoking command in '/home/liar/UR7e/ros2_ws/build/ur7e_vision': DEBUGINFOD_URLS=https://debuginfod.ubuntu.com PYTHONPATH=/home/liar/UR7e/ros2_ws/build/ur7e_vision/prefix_override:/usr/lib/python3/dist-packages/colcon_core/task/python/colcon_distutils_commands:/home/liar/UR7e/ros2_ws/install/ur7e_vision/lib/python3.12/site-packages:${PYTHONPATH} /usr/bin/python3 -W ignore:setup.py install is deprecated -W ignore:easy_install command is deprecated setup.py develop --editable --build-directory /home/liar/UR7e/ros2_ws/build/ur7e_vision/build --no-deps symlink_data
[1.221s] running develop
[1.356s] running egg_info
[1.356s] creating ur7e_vision.egg-info
[1.368s] writing ur7e_vision.egg-info/PKG-INFO
[1.369s] writing dependency_links to ur7e_vision.egg-info/dependency_links.txt
[1.369s] writing entry points to ur7e_vision.egg-info/entry_points.txt
[1.369s] writing requirements to ur7e_vision.egg-info/requires.txt
[1.369s] writing top-level names to ur7e_vision.egg-info/top_level.txt
[1.369s] writing manifest file 'ur7e_vision.egg-info/SOURCES.txt'
[1.395s] reading manifest file 'ur7e_vision.egg-info/SOURCES.txt'
[1.396s] writing manifest file 'ur7e_vision.egg-info/SOURCES.txt'
[1.412s] running build_ext
[1.412s] Creating /home/liar/UR7e/ros2_ws/install/ur7e_vision/lib/python3.12/site-packages/ur7e-vision.egg-link (link to .)
[1.413s] Installing hik_camera_node script to /home/liar/UR7e/ros2_ws/install/ur7e_vision/lib/ur7e_vision
[1.413s] Installing svm_detector_node script to /home/liar/UR7e/ros2_ws/install/ur7e_vision/lib/ur7e_vision
[1.413s] 
[1.413s] Installed /home/liar/UR7e/ros2_ws/build/ur7e_vision
[1.413s] running symlink_data
[1.414s] creating /home/liar/UR7e/ros2_ws/install/ur7e_vision/share/ament_index
[1.414s] creating /home/liar/UR7e/ros2_ws/install/ur7e_vision/share/ament_index/resource_index
[1.414s] creating /home/liar/UR7e/ros2_ws/install/ur7e_vision/share/ament_index/resource_index/packages
[1.414s] symbolically linking /home/liar/UR7e/ros2_ws/build/ur7e_vision/resource/ur7e_vision -> /home/liar/UR7e/ros2_ws/install/ur7e_vision/share/ament_index/resource_index/packages
[1.414s] symbolically linking /home/liar/UR7e/ros2_ws/build/ur7e_vision/package.xml -> /home/liar/UR7e/ros2_ws/install/ur7e_vision/share/ur7e_vision
[1.414s] creating /home/liar/UR7e/ros2_ws/install/ur7e_vision/share/ur7e_vision/launch
[1.414s] symbolically linking /home/liar/UR7e/ros2_ws/build/ur7e_vision/launch/vision.launch.py -> /home/liar/UR7e/ros2_ws/install/ur7e_vision/share/ur7e_vision/launch
[1.414s] creating /home/liar/UR7e/ros2_ws/install/ur7e_vision/share/ur7e_vision/config
[1.415s] symbolically linking /home/liar/UR7e/ros2_ws/build/ur7e_vision/config/labels.yaml -> /home/liar/UR7e/ros2_ws/install/ur7e_vision/share/ur7e_vision/config
[1.415s] symbolically linking /home/liar/UR7e/ros2_ws/build/ur7e_vision/config/vision.yaml -> /home/liar/UR7e/ros2_ws/install/ur7e_vision/share/ur7e_vision/config
[1.415s] creating /home/liar/UR7e/ros2_ws/install/ur7e_vision/share/ur7e_vision/models
[1.415s] symbolically linking /home/liar/UR7e/ros2_ws/build/ur7e_vision/models/svm_scaler.npz -> /home/liar/UR7e/ros2_ws/install/ur7e_vision/share/ur7e_vision/models
[1.415s] symbolically linking /home/liar/UR7e/ros2_ws/build/ur7e_vision/models/class_reference.npz -> /home/liar/UR7e/ros2_ws/install/ur7e_vision/share/ur7e_vision/models
[1.415s] symbolically linking /home/liar/UR7e/ros2_ws/build/ur7e_vision/models/model_meta.json -> /home/liar/UR7e/ros2_ws/install/ur7e_vision/share/ur7e_vision/models
[1.415s] symbolically linking /home/liar/UR7e/ros2_ws/build/ur7e_vision/models/labels.json -> /home/liar/UR7e/ros2_ws/install/ur7e_vision/share/ur7e_vision/models
[1.415s] symbolically linking /home/liar/UR7e/ros2_ws/build/ur7e_vision/models/svm_model.xml -> /home/liar/UR7e/ros2_ws/install/ur7e_vision/share/ur7e_vision/models
[1.415s] creating /home/liar/UR7e/ros2_ws/install/ur7e_vision/share/ur7e_vision/calibration
[1.415s] symbolically linking /home/liar/UR7e/ros2_ws/build/ur7e_vision/calibration/homography.yaml.example -> /home/liar/UR7e/ros2_ws/install/ur7e_vision/share/ur7e_vision/calibration
[1.415s] symbolically linking /home/liar/UR7e/ros2_ws/build/ur7e_vision/calibration/pixel_base_points.csv -> /home/liar/UR7e/ros2_ws/install/ur7e_vision/share/ur7e_vision/calibration
[1.452s] Invoked command in '/home/liar/UR7e/ros2_ws/build/ur7e_vision' returned '0': DEBUGINFOD_URLS=https://debuginfod.ubuntu.com PYTHONPATH=/home/liar/UR7e/ros2_ws/build/ur7e_vision/prefix_override:/usr/lib/python3/dist-packages/colcon_core/task/python/colcon_distutils_commands:/home/liar/UR7e/ros2_ws/install/ur7e_vision/lib/python3.12/site-packages:${PYTHONPATH} /usr/bin/python3 -W ignore:setup.py install is deprecated -W ignore:easy_install command is deprecated setup.py develop --editable --build-directory /home/liar/UR7e/ros2_ws/build/ur7e_vision/build --no-deps symlink_data
