[0.927s] Invoking command in '/home/liar/UR7e/ros2_ws/build/ur7e_vision': DEBUGINFOD_URLS=https://debuginfod.ubuntu.com PYTHONPATH=/home/liar/UR7e/ros2_ws/build/ur7e_vision/prefix_override:/usr/lib/python3/dist-packages/colcon_core/task/python/colcon_distutils_commands:/home/liar/UR7e/ros2_ws/install/ur7e_vision/lib/python3.12/site-packages:${PYTHONPATH} /usr/bin/python3 -W ignore:setup.py install is deprecated -W ignore:easy_install command is deprecated setup.py develop --editable --build-directory /home/liar/UR7e/ros2_ws/build/ur7e_vision/build --no-deps symlink_data
[1.199s] running develop
[1.345s] running egg_info
[1.345s] creating ur7e_vision.egg-info
[1.358s] writing ur7e_vision.egg-info/PKG-INFO
[1.359s] writing dependency_links to ur7e_vision.egg-info/dependency_links.txt
[1.359s] writing entry points to ur7e_vision.egg-info/entry_points.txt
[1.359s] writing requirements to ur7e_vision.egg-info/requires.txt
[1.359s] writing top-level names to ur7e_vision.egg-info/top_level.txt
[1.359s] writing manifest file 'ur7e_vision.egg-info/SOURCES.txt'
[1.386s] reading manifest file 'ur7e_vision.egg-info/SOURCES.txt'
[1.387s] writing manifest file 'ur7e_vision.egg-info/SOURCES.txt'
[1.401s] running build_ext
[1.401s] Creating /home/liar/UR7e/ros2_ws/install/ur7e_vision/lib/python3.12/site-packages/ur7e-vision.egg-link (link to .)
[1.402s] Installing hik_camera_node script to /home/liar/UR7e/ros2_ws/install/ur7e_vision/lib/ur7e_vision
[1.402s] Installing svm_detector_node script to /home/liar/UR7e/ros2_ws/install/ur7e_vision/lib/ur7e_vision
[1.402s] 
[1.402s] Installed /home/liar/UR7e/ros2_ws/build/ur7e_vision
[1.402s] running symlink_data
[1.402s] creating /home/liar/UR7e/ros2_ws/install/ur7e_vision/share/ament_index
[1.402s] creating /home/liar/UR7e/ros2_ws/install/ur7e_vision/share/ament_index/resource_index
[1.402s] creating /home/liar/UR7e/ros2_ws/install/ur7e_vision/share/ament_index/resource_index/packages
[1.403s] symbolically linking /home/liar/UR7e/ros2_ws/build/ur7e_vision/resource/ur7e_vision -> /home/liar/UR7e/ros2_ws/install/ur7e_vision/share/ament_index/resource_index/packages
[1.403s] symbolically linking /home/liar/UR7e/ros2_ws/build/ur7e_vision/package.xml -> /home/liar/UR7e/ros2_ws/install/ur7e_vision/share/ur7e_vision
[1.404s] creating /home/liar/UR7e/ros2_ws/install/ur7e_vision/share/ur7e_vision/launch
[1.404s] symbolically linking /home/liar/UR7e/ros2_ws/build/ur7e_vision/launch/vision.launch.py -> /home/liar/UR7e/ros2_ws/install/ur7e_vision/share/ur7e_vision/launch
[1.404s] creating /home/liar/UR7e/ros2_ws/install/ur7e_vision/share/ur7e_vision/config
[1.404s] symbolically linking /home/liar/UR7e/ros2_ws/build/ur7e_vision/config/labels.yaml -> /home/liar/UR7e/ros2_ws/install/ur7e_vision/share/ur7e_vision/config
[1.404s] symbolically linking /home/liar/UR7e/ros2_ws/build/ur7e_vision/config/vision.yaml -> /home/liar/UR7e/ros2_ws/install/ur7e_vision/share/ur7e_vision/config
[1.404s] creating /home/liar/UR7e/ros2_ws/install/ur7e_vision/share/ur7e_vision/models
[1.404s] symbolically linking /home/liar/UR7e/ros2_ws/build/ur7e_vision/models/svm_scaler.npz -> /home/liar/UR7e/ros2_ws/install/ur7e_vision/share/ur7e_vision/models
[1.404s] symbolically linking /home/liar/UR7e/ros2_ws/build/ur7e_vision/models/class_reference.npz -> /home/liar/UR7e/ros2_ws/install/ur7e_vision/share/ur7e_vision/models
[1.404s] symbolically linking /home/liar/UR7e/ros2_ws/build/ur7e_vision/models/model_meta.json -> /home/liar/UR7e/ros2_ws/install/ur7e_vision/share/ur7e_vision/models
[1.404s] symbolically linking /home/liar/UR7e/ros2_ws/build/ur7e_vision/models/labels.json -> /home/liar/UR7e/ros2_ws/install/ur7e_vision/share/ur7e_vision/models
[1.404s] symbolically linking /home/liar/UR7e/ros2_ws/build/ur7e_vision/models/svm_model.xml -> /home/liar/UR7e/ros2_ws/install/ur7e_vision/share/ur7e_vision/models
[1.404s] creating /home/liar/UR7e/ros2_ws/install/ur7e_vision/share/ur7e_vision/calibration
[1.404s] symbolically linking /home/liar/UR7e/ros2_ws/build/ur7e_vision/calibration/homography.yaml.example -> /home/liar/UR7e/ros2_ws/install/ur7e_vision/share/ur7e_vision/calibration
[1.404s] symbolically linking /home/liar/UR7e/ros2_ws/build/ur7e_vision/calibration/pixel_base_points.csv -> /home/liar/UR7e/ros2_ws/install/ur7e_vision/share/ur7e_vision/calibration
[1.449s] Invoked command in '/home/liar/UR7e/ros2_ws/build/ur7e_vision' returned '0': DEBUGINFOD_URLS=https://debuginfod.ubuntu.com PYTHONPATH=/home/liar/UR7e/ros2_ws/build/ur7e_vision/prefix_override:/usr/lib/python3/dist-packages/colcon_core/task/python/colcon_distutils_commands:/home/liar/UR7e/ros2_ws/install/ur7e_vision/lib/python3.12/site-packages:${PYTHONPATH} /usr/bin/python3 -W ignore:setup.py install is deprecated -W ignore:easy_install command is deprecated setup.py develop --editable --build-directory /home/liar/UR7e/ros2_ws/build/ur7e_vision/build --no-deps symlink_data
