[0.309s] DEBUG:colcon:Command line arguments: ['/usr/bin/colcon', 'build', '--packages-select', 'ur7e_motion', '--symlink-install']
[0.310s] DEBUG:colcon:Parsed command line arguments: Namespace(log_base=None, log_level=None, verb_name='build', build_base='build', install_base='install', merge_install=False, symlink_install=True, test_result_base=None, continue_on_error=False, executor='parallel', parallel_workers=16, event_handlers=None, ignore_user_meta=False, metas=['./colcon.meta'], base_paths=['.'], packages_ignore=None, packages_ignore_regex=None, paths=None, packages_up_to=None, packages_up_to_regex=None, packages_above=None, packages_above_and_dependencies=None, packages_above_depth=None, packages_select_by_dep=None, packages_skip_by_dep=None, packages_skip_up_to=None, packages_select_build_failed=False, packages_skip_build_finished=False, packages_select_test_failures=False, packages_skip_test_passed=False, packages_select=['ur7e_motion'], packages_skip=None, packages_select_regex=None, packages_skip_regex=None, packages_start=None, packages_end=None, allow_overriding=[], cmake_args=None, cmake_target=None, cmake_target_skip_unavailable=False, cmake_clean_cache=False, cmake_clean_first=False, cmake_force_configure=False, ament_cmake_args=None, catkin_cmake_args=None, catkin_skip_building_tests=False, mixin_files=None, mixin=None, verb_parser=<colcon_mixin.mixin.mixin_argument.MixinArgumentDecorator object at 0x75b4e1184530>, verb_extension=<colcon_core.verb.build.BuildVerb object at 0x75b4e12c4b90>, main=<bound method BuildVerb.main of <colcon_core.verb.build.BuildVerb object at 0x75b4e12c4b90>>, mixin_verb=('build',))
[0.428s] Level 1:colcon.colcon_core.package_discovery:discover_packages(colcon_meta) check parameters
[0.428s] Level 1:colcon.colcon_core.package_discovery:discover_packages(recursive) check parameters
[0.428s] Level 1:colcon.colcon_core.package_discovery:discover_packages(ignore) check parameters
[0.428s] Level 1:colcon.colcon_core.package_discovery:discover_packages(path) check parameters
[0.428s] Level 1:colcon.colcon_core.package_discovery:discover_packages(colcon_meta) discover
[0.428s] Level 1:colcon.colcon_core.package_discovery:discover_packages(recursive) discover
[0.428s] INFO:colcon.colcon_core.package_discovery:Crawling recursively for packages in '/home/liar/UR7e/ros2_ws'
[0.429s] Level 1:colcon.colcon_core.package_identification:_identify(.) by extensions ['ignore', 'ignore_ament_install']
[0.429s] Level 1:colcon.colcon_core.package_identification:_identify(.) by extension 'ignore'
[0.429s] Level 1:colcon.colcon_core.package_identification:_identify(.) by extension 'ignore_ament_install'
[0.429s] Level 1:colcon.colcon_core.package_identification:_identify(.) by extensions ['colcon_pkg']
[0.429s] Level 1:colcon.colcon_core.package_identification:_identify(.) by extension 'colcon_pkg'
[0.429s] Level 1:colcon.colcon_core.package_identification:_identify(.) by extensions ['colcon_meta']
[0.429s] Level 1:colcon.colcon_core.package_identification:_identify(.) by extension 'colcon_meta'
[0.429s] Level 1:colcon.colcon_core.package_identification:_identify(.) by extensions ['ros']
[0.429s] Level 1:colcon.colcon_core.package_identification:_identify(.) by extension 'ros'
[0.538s] Level 1:colcon.colcon_core.package_identification:_identify(.) by extensions ['cmake', 'python']
[0.538s] Level 1:colcon.colcon_core.package_identification:_identify(.) by extension 'cmake'
[0.538s] Level 1:colcon.colcon_core.package_identification:_identify(.) by extension 'python'
[0.538s] Level 1:colcon.colcon_core.package_identification:_identify(.) by extensions ['python_setup_py']
[0.538s] Level 1:colcon.colcon_core.package_identification:_identify(.) by extension 'python_setup_py'
[0.538s] Level 1:colcon.colcon_core.package_identification:_identify(build) by extensions ['ignore', 'ignore_ament_install']
[0.539s] Level 1:colcon.colcon_core.package_identification:_identify(build) by extension 'ignore'
[0.539s] Level 1:colcon.colcon_core.package_identification:_identify(build) ignored
[0.539s] Level 1:colcon.colcon_core.package_identification:_identify(install) by extensions ['ignore', 'ignore_ament_install']
[0.539s] Level 1:colcon.colcon_core.package_identification:_identify(install) by extension 'ignore'
[0.539s] Level 1:colcon.colcon_core.package_identification:_identify(install) ignored
[0.540s] Level 1:colcon.colcon_core.package_identification:_identify(log) by extensions ['ignore', 'ignore_ament_install']
[0.540s] Level 1:colcon.colcon_core.package_identification:_identify(log) by extension 'ignore'
[0.540s] Level 1:colcon.colcon_core.package_identification:_identify(log) ignored
[0.540s] Level 1:colcon.colcon_core.package_identification:_identify(src) by extensions ['ignore', 'ignore_ament_install']
[0.541s] Level 1:colcon.colcon_core.package_identification:_identify(src) by extension 'ignore'
[0.541s] Level 1:colcon.colcon_core.package_identification:_identify(src) by extension 'ignore_ament_install'
[0.541s] Level 1:colcon.colcon_core.package_identification:_identify(src) by extensions ['colcon_pkg']
[0.541s] Level 1:colcon.colcon_core.package_identification:_identify(src) by extension 'colcon_pkg'
[0.541s] Level 1:colcon.colcon_core.package_identification:_identify(src) by extensions ['colcon_meta']
[0.541s] Level 1:colcon.colcon_core.package_identification:_identify(src) by extension 'colcon_meta'
[0.541s] Level 1:colcon.colcon_core.package_identification:_identify(src) by extensions ['ros']
[0.541s] Level 1:colcon.colcon_core.package_identification:_identify(src) by extension 'ros'
[0.542s] Level 1:colcon.colcon_core.package_identification:_identify(src) by extensions ['cmake', 'python']
[0.542s] Level 1:colcon.colcon_core.package_identification:_identify(src) by extension 'cmake'
[0.542s] Level 1:colcon.colcon_core.package_identification:_identify(src) by extension 'python'
[0.542s] Level 1:colcon.colcon_core.package_identification:_identify(src) by extensions ['python_setup_py']
[0.542s] Level 1:colcon.colcon_core.package_identification:_identify(src) by extension 'python_setup_py'
[0.542s] Level 1:colcon.colcon_core.package_identification:_identify(src/ur7e_motion) by extensions ['ignore', 'ignore_ament_install']
[0.542s] Level 1:colcon.colcon_core.package_identification:_identify(src/ur7e_motion) by extension 'ignore'
[0.543s] Level 1:colcon.colcon_core.package_identification:_identify(src/ur7e_motion) by extension 'ignore_ament_install'
[0.543s] Level 1:colcon.colcon_core.package_identification:_identify(src/ur7e_motion) by extensions ['colcon_pkg']
[0.543s] Level 1:colcon.colcon_core.package_identification:_identify(src/ur7e_motion) by extension 'colcon_pkg'
[0.543s] Level 1:colcon.colcon_core.package_identification:_identify(src/ur7e_motion) by extensions ['colcon_meta']
[0.543s] Level 1:colcon.colcon_core.package_identification:_identify(src/ur7e_motion) by extension 'colcon_meta'
[0.543s] Level 1:colcon.colcon_core.package_identification:_identify(src/ur7e_motion) by extensions ['ros']
[0.543s] Level 1:colcon.colcon_core.package_identification:_identify(src/ur7e_motion) by extension 'ros'
[0.575s] DEBUG:colcon.colcon_core.package_identification:Package 'src/ur7e_motion' with type 'ros.ament_cmake' and name 'ur7e_motion'
[0.575s] Level 1:colcon.colcon_core.package_identification:_identify(src/ur7e_vision) by extensions ['ignore', 'ignore_ament_install']
[0.576s] Level 1:colcon.colcon_core.package_identification:_identify(src/ur7e_vision) by extension 'ignore'
[0.576s] Level 1:colcon.colcon_core.package_identification:_identify(src/ur7e_vision) by extension 'ignore_ament_install'
[0.576s] Level 1:colcon.colcon_core.package_identification:_identify(src/ur7e_vision) by extensions ['colcon_pkg']
[0.576s] Level 1:colcon.colcon_core.package_identification:_identify(src/ur7e_vision) by extension 'colcon_pkg'
[0.576s] Level 1:colcon.colcon_core.package_identification:_identify(src/ur7e_vision) by extensions ['colcon_meta']
[0.576s] Level 1:colcon.colcon_core.package_identification:_identify(src/ur7e_vision) by extension 'colcon_meta'
[0.576s] Level 1:colcon.colcon_core.package_identification:_identify(src/ur7e_vision) by extensions ['ros']
[0.576s] Level 1:colcon.colcon_core.package_identification:_identify(src/ur7e_vision) by extension 'ros'
[0.578s] DEBUG:colcon.colcon_core.package_identification:Package 'src/ur7e_vision' with type 'ros.ament_python' and name 'ur7e_vision'
[0.578s] Level 1:colcon.colcon_core.package_discovery:discover_packages(recursive) using defaults
[0.578s] Level 1:colcon.colcon_core.package_discovery:discover_packages(ignore) discover
[0.578s] Level 1:colcon.colcon_core.package_discovery:discover_packages(ignore) using defaults
[0.578s] Level 1:colcon.colcon_core.package_discovery:discover_packages(path) discover
[0.579s] Level 1:colcon.colcon_core.package_discovery:discover_packages(path) using defaults
[0.727s] INFO:colcon.colcon_core.package_selection:Skipping not selected package 'ur7e_vision' in 'src/ur7e_vision'
[0.728s] Level 1:colcon.colcon_core.package_discovery:discover_packages(prefix_path) check parameters
[0.729s] Level 1:colcon.colcon_core.package_discovery:discover_packages(prefix_path) discover
[0.741s] DEBUG:colcon.colcon_installed_package_information.package_discovery:Found 362 installed packages in /opt/ros/jazzy
[0.747s] Level 1:colcon.colcon_core.package_discovery:discover_packages(prefix_path) using defaults
[0.865s] Level 5:colcon.colcon_core.verb:set package 'ur7e_motion' build argument 'cmake_args' from command line to 'None'
[0.865s] Level 5:colcon.colcon_core.verb:set package 'ur7e_motion' build argument 'cmake_target' from command line to 'None'
[0.865s] Level 5:colcon.colcon_core.verb:set package 'ur7e_motion' build argument 'cmake_target_skip_unavailable' from command line to 'False'
[0.865s] Level 5:colcon.colcon_core.verb:set package 'ur7e_motion' build argument 'cmake_clean_cache' from command line to 'False'
[0.865s] Level 5:colcon.colcon_core.verb:set package 'ur7e_motion' build argument 'cmake_clean_first' from command line to 'False'
[0.865s] Level 5:colcon.colcon_core.verb:set package 'ur7e_motion' build argument 'cmake_force_configure' from command line to 'False'
[0.865s] Level 5:colcon.colcon_core.verb:set package 'ur7e_motion' build argument 'ament_cmake_args' from command line to 'None'
[0.865s] Level 5:colcon.colcon_core.verb:set package 'ur7e_motion' build argument 'catkin_cmake_args' from command line to 'None'
[0.865s] Level 5:colcon.colcon_core.verb:set package 'ur7e_motion' build argument 'catkin_skip_building_tests' from command line to 'False'
[0.865s] DEBUG:colcon.colcon_core.verb:Building package 'ur7e_motion' with the following arguments: {'ament_cmake_args': None, 'build_base': '/home/liar/UR7e/ros2_ws/build/ur7e_motion', 'catkin_cmake_args': None, 'catkin_skip_building_tests': False, 'cmake_args': None, 'cmake_clean_cache': False, 'cmake_clean_first': False, 'cmake_force_configure': False, 'cmake_target': None, 'cmake_target_skip_unavailable': False, 'install_base': '/home/liar/UR7e/ros2_ws/install/ur7e_motion', 'merge_install': False, 'path': '/home/liar/UR7e/ros2_ws/src/ur7e_motion', 'symlink_install': True, 'test_result_base': None}
[0.865s] INFO:colcon.colcon_core.executor:Executing jobs using 'parallel' executor
[0.866s] DEBUG:colcon.colcon_parallel_executor.executor.parallel:run_until_complete
[0.866s] INFO:colcon.colcon_ros.task.ament_cmake.build:Building ROS package in '/home/liar/UR7e/ros2_ws/src/ur7e_motion' with build type 'ament_cmake'
[0.866s] INFO:colcon.colcon_cmake.task.cmake.build:Building CMake package in '/home/liar/UR7e/ros2_ws/src/ur7e_motion'
[0.888s] INFO:colcon.colcon_core.plugin_system:Skipping extension 'colcon_core.shell.bat': Not used on non-Windows systems
[0.888s] INFO:colcon.colcon_core.shell:Skip shell extension 'powershell' for command environment: Not usable outside of PowerShell
[0.889s] DEBUG:colcon.colcon_core.shell:Skip shell extension 'dsv' for command environment
[0.934s] DEBUG:colcon.colcon_core.event_handler.log_command:Invoking command in '/home/liar/UR7e/ros2_ws/build/ur7e_motion': CMAKE_PREFIX_PATH=${CMAKE_PREFIX_PATH}:/opt/ros/jazzy DEBUGINFOD_URLS=https://debuginfod.ubuntu.com /usr/bin/cmake --build /home/liar/UR7e/ros2_ws/build/ur7e_motion -- -j16 -l16
[27.217s] DEBUG:colcon.colcon_core.event_handler.log_command:Invoked command in '/home/liar/UR7e/ros2_ws/build/ur7e_motion' returned '0': CMAKE_PREFIX_PATH=${CMAKE_PREFIX_PATH}:/opt/ros/jazzy DEBUGINFOD_URLS=https://debuginfod.ubuntu.com /usr/bin/cmake --build /home/liar/UR7e/ros2_ws/build/ur7e_motion -- -j16 -l16
[27.254s] DEBUG:colcon.colcon_core.event_handler.log_command:Invoking command in '/home/liar/UR7e/ros2_ws/build/ur7e_motion': CMAKE_PREFIX_PATH=${CMAKE_PREFIX_PATH}:/opt/ros/jazzy DEBUGINFOD_URLS=https://debuginfod.ubuntu.com /usr/bin/cmake --install /home/liar/UR7e/ros2_ws/build/ur7e_motion
[27.291s] Level 1:colcon.colcon_core.environment:create_environment_scripts_only(ur7e_motion)
[27.292s] DEBUG:colcon.colcon_core.event_handler.log_command:Invoked command in '/home/liar/UR7e/ros2_ws/build/ur7e_motion' returned '0': CMAKE_PREFIX_PATH=${CMAKE_PREFIX_PATH}:/opt/ros/jazzy DEBUGINFOD_URLS=https://debuginfod.ubuntu.com /usr/bin/cmake --install /home/liar/UR7e/ros2_ws/build/ur7e_motion
[27.294s] Level 1:colcon.colcon_core.environment:checking '/home/liar/UR7e/ros2_ws/install/ur7e_motion' for CMake module files
[27.297s] Level 1:colcon.colcon_core.environment:checking '/home/liar/UR7e/ros2_ws/install/ur7e_motion' for CMake config files
[27.298s] Level 1:colcon.colcon_core.shell:create_environment_hook('ur7e_motion', 'cmake_prefix_path')
[27.299s] INFO:colcon.colcon_core.shell:Creating environment hook '/home/liar/UR7e/ros2_ws/install/ur7e_motion/share/ur7e_motion/hook/cmake_prefix_path.ps1'
[27.301s] INFO:colcon.colcon_core.shell:Creating environment descriptor '/home/liar/UR7e/ros2_ws/install/ur7e_motion/share/ur7e_motion/hook/cmake_prefix_path.dsv'
[27.303s] INFO:colcon.colcon_core.shell:Creating environment hook '/home/liar/UR7e/ros2_ws/install/ur7e_motion/share/ur7e_motion/hook/cmake_prefix_path.sh'
[27.307s] Level 1:colcon.colcon_core.environment:checking '/home/liar/UR7e/ros2_ws/install/ur7e_motion/lib'
[27.308s] Level 1:colcon.colcon_core.environment:checking '/home/liar/UR7e/ros2_ws/install/ur7e_motion/bin'
[27.308s] Level 1:colcon.colcon_core.environment:checking '/home/liar/UR7e/ros2_ws/install/ur7e_motion/lib/pkgconfig/ur7e_motion.pc'
[27.310s] Level 1:colcon.colcon_core.environment:checking '/home/liar/UR7e/ros2_ws/install/ur7e_motion/lib/python3.12/site-packages'
[27.311s] Level 1:colcon.colcon_core.environment:checking '/home/liar/UR7e/ros2_ws/install/ur7e_motion/bin'
[27.313s] INFO:colcon.colcon_core.shell:Creating package script '/home/liar/UR7e/ros2_ws/install/ur7e_motion/share/ur7e_motion/package.ps1'
[27.317s] INFO:colcon.colcon_core.shell:Creating package descriptor '/home/liar/UR7e/ros2_ws/install/ur7e_motion/share/ur7e_motion/package.dsv'
[27.319s] INFO:colcon.colcon_core.shell:Creating package script '/home/liar/UR7e/ros2_ws/install/ur7e_motion/share/ur7e_motion/package.sh'
[27.322s] INFO:colcon.colcon_core.shell:Creating package script '/home/liar/UR7e/ros2_ws/install/ur7e_motion/share/ur7e_motion/package.bash'
[27.324s] INFO:colcon.colcon_core.shell:Creating package script '/home/liar/UR7e/ros2_ws/install/ur7e_motion/share/ur7e_motion/package.zsh'
[27.327s] Level 1:colcon.colcon_core.environment:create_file_with_runtime_dependencies(/home/liar/UR7e/ros2_ws/install/ur7e_motion/share/colcon-core/packages/ur7e_motion)
[27.329s] Level 1:colcon.colcon_core.environment:create_environment_scripts_only(ur7e_motion)
[27.329s] Level 1:colcon.colcon_core.environment:checking '/home/liar/UR7e/ros2_ws/install/ur7e_motion' for CMake module files
[27.332s] Level 1:colcon.colcon_core.environment:checking '/home/liar/UR7e/ros2_ws/install/ur7e_motion' for CMake config files
[27.333s] Level 1:colcon.colcon_core.shell:create_environment_hook('ur7e_motion', 'cmake_prefix_path')
[27.333s] INFO:colcon.colcon_core.shell:Creating environment hook '/home/liar/UR7e/ros2_ws/install/ur7e_motion/share/ur7e_motion/hook/cmake_prefix_path.ps1'
[27.335s] INFO:colcon.colcon_core.shell:Creating environment descriptor '/home/liar/UR7e/ros2_ws/install/ur7e_motion/share/ur7e_motion/hook/cmake_prefix_path.dsv'
[27.336s] INFO:colcon.colcon_core.shell:Creating environment hook '/home/liar/UR7e/ros2_ws/install/ur7e_motion/share/ur7e_motion/hook/cmake_prefix_path.sh'
[27.339s] Level 1:colcon.colcon_core.environment:checking '/home/liar/UR7e/ros2_ws/install/ur7e_motion/lib'
[27.339s] Level 1:colcon.colcon_core.environment:checking '/home/liar/UR7e/ros2_ws/install/ur7e_motion/bin'
[27.339s] Level 1:colcon.colcon_core.environment:checking '/home/liar/UR7e/ros2_ws/install/ur7e_motion/lib/pkgconfig/ur7e_motion.pc'
[27.340s] Level 1:colcon.colcon_core.environment:checking '/home/liar/UR7e/ros2_ws/install/ur7e_motion/lib/python3.12/site-packages'
[27.341s] Level 1:colcon.colcon_core.environment:checking '/home/liar/UR7e/ros2_ws/install/ur7e_motion/bin'
[27.342s] INFO:colcon.colcon_core.shell:Creating package script '/home/liar/UR7e/ros2_ws/install/ur7e_motion/share/ur7e_motion/package.ps1'
[27.344s] INFO:colcon.colcon_core.shell:Creating package descriptor '/home/liar/UR7e/ros2_ws/install/ur7e_motion/share/ur7e_motion/package.dsv'
[27.346s] INFO:colcon.colcon_core.shell:Creating package script '/home/liar/UR7e/ros2_ws/install/ur7e_motion/share/ur7e_motion/package.sh'
[27.347s] INFO:colcon.colcon_core.shell:Creating package script '/home/liar/UR7e/ros2_ws/install/ur7e_motion/share/ur7e_motion/package.bash'
[27.349s] INFO:colcon.colcon_core.shell:Creating package script '/home/liar/UR7e/ros2_ws/install/ur7e_motion/share/ur7e_motion/package.zsh'
[27.350s] Level 1:colcon.colcon_core.environment:create_file_with_runtime_dependencies(/home/liar/UR7e/ros2_ws/install/ur7e_motion/share/colcon-core/packages/ur7e_motion)
[27.351s] DEBUG:colcon.colcon_parallel_executor.executor.parallel:closing loop
[27.352s] DEBUG:colcon.colcon_parallel_executor.executor.parallel:loop closed
[27.352s] DEBUG:colcon.colcon_parallel_executor.executor.parallel:run_until_complete finished with '0'
[27.353s] DEBUG:colcon.colcon_core.event_reactor:joining thread
[27.372s] INFO:colcon.colcon_core.plugin_system:Skipping extension 'colcon_notification.desktop_notification.terminal_notifier': Not used on non-Darwin systems
[27.373s] INFO:colcon.colcon_core.plugin_system:Skipping extension 'colcon_notification.desktop_notification.win32': Not used on non-Windows systems
[27.373s] INFO:colcon.colcon_notification.desktop_notification:Sending desktop notification using 'notify2'
[27.427s] DEBUG:colcon.colcon_core.event_reactor:joined thread
[27.427s] INFO:colcon.colcon_core.shell:Creating prefix script '/home/liar/UR7e/ros2_ws/install/local_setup.ps1'
[27.429s] INFO:colcon.colcon_core.shell:Creating prefix util module '/home/liar/UR7e/ros2_ws/install/_local_setup_util_ps1.py'
[27.431s] INFO:colcon.colcon_core.shell:Creating prefix chain script '/home/liar/UR7e/ros2_ws/install/setup.ps1'
[27.434s] INFO:colcon.colcon_core.shell:Creating prefix script '/home/liar/UR7e/ros2_ws/install/local_setup.sh'
[27.435s] INFO:colcon.colcon_core.shell:Creating prefix util module '/home/liar/UR7e/ros2_ws/install/_local_setup_util_sh.py'
[27.436s] INFO:colcon.colcon_core.shell:Creating prefix chain script '/home/liar/UR7e/ros2_ws/install/setup.sh'
[27.438s] INFO:colcon.colcon_core.shell:Creating prefix script '/home/liar/UR7e/ros2_ws/install/local_setup.bash'
[27.439s] INFO:colcon.colcon_core.shell:Creating prefix chain script '/home/liar/UR7e/ros2_ws/install/setup.bash'
[27.440s] INFO:colcon.colcon_core.shell:Creating prefix script '/home/liar/UR7e/ros2_ws/install/local_setup.zsh'
[27.441s] INFO:colcon.colcon_core.shell:Creating prefix chain script '/home/liar/UR7e/ros2_ws/install/setup.zsh'
