[0.056s] Invoking command in '/home/liar/UR7e/ros2_ws/build/ur7e_motion': CMAKE_PREFIX_PATH=${CMAKE_PREFIX_PATH}:/opt/ros/jazzy DEBUGINFOD_URLS=https://debuginfod.ubuntu.com /usr/bin/cmake --build /home/liar/UR7e/ros2_ws/build/ur7e_motion -- -j8 -l8
[0.781s] [ 33%] Built target target_motion_node
[1.133s] [ 66%] Built target pick_task_node
[1.516s] [ 83%] [32mBuilding CXX object CMakeFiles/gripper_io_node.dir/src/gripper_io_node.cpp.o[0m
[30.828s] [100%] [32m[1mLinking CXX executable gripper_io_node[0m
[32.068s] [100%] Built target gripper_io_node
[32.126s] Invoked command in '/home/liar/UR7e/ros2_ws/build/ur7e_motion' returned '0': CMAKE_PREFIX_PATH=${CMAKE_PREFIX_PATH}:/opt/ros/jazzy DEBUGINFOD_URLS=https://debuginfod.ubuntu.com /usr/bin/cmake --build /home/liar/UR7e/ros2_ws/build/ur7e_motion -- -j8 -l8
[32.168s] Invoking command in '/home/liar/UR7e/ros2_ws/build/ur7e_motion': CMAKE_PREFIX_PATH=${CMAKE_PREFIX_PATH}:/opt/ros/jazzy DEBUGINFOD_URLS=https://debuginfod.ubuntu.com /usr/bin/cmake --install /home/liar/UR7e/ros2_ws/build/ur7e_motion
[32.206s] -- Install configuration: ""
[32.210s] -- Execute custom install script
[32.214s] -- Up-to-date symlink: /home/liar/UR7e/ros2_ws/install/ur7e_motion/lib/ur7e_motion/target_motion_node
[32.216s] -- Up-to-date symlink: /home/liar/UR7e/ros2_ws/install/ur7e_motion/lib/ur7e_motion/gripper_io_node
[32.217s] -- Up-to-date symlink: /home/liar/UR7e/ros2_ws/install/ur7e_motion/lib/ur7e_motion/pick_task_node
[32.221s] -- Up-to-date symlink: /home/liar/UR7e/ros2_ws/install/ur7e_motion/share/ur7e_motion/config/motion.yaml
[32.221s] -- Up-to-date symlink: /home/liar/UR7e/ros2_ws/install/ur7e_motion/share/ament_index/resource_index/package_run_dependencies/ur7e_motion
[32.222s] -- Up-to-date symlink: /home/liar/UR7e/ros2_ws/install/ur7e_motion/share/ament_index/resource_index/parent_prefix_path/ur7e_motion
[32.222s] -- Up-to-date symlink: /home/liar/UR7e/ros2_ws/install/ur7e_motion/share/ur7e_motion/environment/ament_prefix_path.sh
[32.224s] -- Up-to-date symlink: /home/liar/UR7e/ros2_ws/install/ur7e_motion/share/ur7e_motion/environment/ament_prefix_path.dsv
[32.224s] -- Up-to-date symlink: /home/liar/UR7e/ros2_ws/install/ur7e_motion/share/ur7e_motion/environment/path.sh
[32.225s] -- Up-to-date symlink: /home/liar/UR7e/ros2_ws/install/ur7e_motion/share/ur7e_motion/environment/path.dsv
[32.226s] -- Up-to-date symlink: /home/liar/UR7e/ros2_ws/install/ur7e_motion/share/ur7e_motion/local_setup.bash
[32.226s] -- Up-to-date symlink: /home/liar/UR7e/ros2_ws/install/ur7e_motion/share/ur7e_motion/local_setup.sh
[32.227s] -- Up-to-date symlink: /home/liar/UR7e/ros2_ws/install/ur7e_motion/share/ur7e_motion/local_setup.zsh
[32.227s] -- Up-to-date symlink: /home/liar/UR7e/ros2_ws/install/ur7e_motion/share/ur7e_motion/local_setup.dsv
[32.227s] -- Symlinking: /home/liar/UR7e/ros2_ws/install/ur7e_motion/share/ur7e_motion/package.dsv
[32.263s] -- Up-to-date symlink: /home/liar/UR7e/ros2_ws/install/ur7e_motion/share/ament_index/resource_index/packages/ur7e_motion
[32.266s] -- Up-to-date symlink: /home/liar/UR7e/ros2_ws/install/ur7e_motion/share/ur7e_motion/cmake/ur7e_motionConfig.cmake
[32.268s] -- Up-to-date symlink: /home/liar/UR7e/ros2_ws/install/ur7e_motion/share/ur7e_motion/cmake/ur7e_motionConfig-version.cmake
[32.269s] -- Up-to-date symlink: /home/liar/UR7e/ros2_ws/install/ur7e_motion/share/ur7e_motion/package.xml
[32.279s] Invoked command in '/home/liar/UR7e/ros2_ws/build/ur7e_motion' returned '0': CMAKE_PREFIX_PATH=${CMAKE_PREFIX_PATH}:/opt/ros/jazzy DEBUGINFOD_URLS=https://debuginfod.ubuntu.com /usr/bin/cmake --install /home/liar/UR7e/ros2_ws/build/ur7e_motion
