[0.012s] Invoking command in '/home/liar/UR7e/ros2_ws/build/ur7e_motion': CMAKE_PREFIX_PATH=${CMAKE_PREFIX_PATH}:/home/liar/UR7e/ros2_ws/install/ur7e_vision:/opt/ros/jazzy DEBUGINFOD_URLS=https://debuginfod.ubuntu.com /usr/bin/cmake /home/liar/UR7e/ros2_ws/src/ur7e_motion -DAMENT_CMAKE_SYMLINK_INSTALL=1 -DCMAKE_INSTALL_PREFIX=/home/liar/UR7e/ros2_ws/install/ur7e_motion
[0.125s] -- The C compiler identification is GNU 13.3.0
[0.190s] -- The CXX compiler identification is GNU 13.3.0
[0.213s] -- Detecting C compiler ABI info
[0.327s] -- Detecting C compiler ABI info - done
[0.335s] -- Check for working C compiler: /usr/bin/cc - skipped
[0.336s] -- Detecting C compile features
[0.336s] -- Detecting C compile features - done
[0.351s] -- Detecting CXX compiler ABI info
[0.469s] -- Detecting CXX compiler ABI info - done
[0.474s] -- Check for working CXX compiler: /usr/bin/c++ - skipped
[0.474s] -- Detecting CXX compile features
[0.474s] -- Detecting CXX compile features - done
[0.492s] -- Found ament_cmake: 2.5.6 (/opt/ros/jazzy/share/ament_cmake/cmake)
[0.646s] -- Found Python3: /usr/bin/python3 (found version "3.12.3") found components: Interpreter 
[0.713s] -- Override CMake install command with custom implementation using symlinks instead of copying resources
[0.750s] -- Found rclcpp: 28.1.21 (/opt/ros/jazzy/share/rclcpp/cmake)
[0.794s] -- Found rosidl_generator_c: 4.6.9 (/opt/ros/jazzy/share/rosidl_generator_c/cmake)
[0.806s] -- Found rosidl_generator_cpp: 4.6.9 (/opt/ros/jazzy/share/rosidl_generator_cpp/cmake)
[0.825s] -- Using all available rosidl_typesupport_c: rosidl_typesupport_fastrtps_c;rosidl_typesupport_introspection_c
[0.842s] -- Using all available rosidl_typesupport_cpp: rosidl_typesupport_fastrtps_cpp;rosidl_typesupport_introspection_cpp
[0.916s] -- Found rmw_implementation_cmake: 7.3.3 (/opt/ros/jazzy/share/rmw_implementation_cmake/cmake)
[0.919s] -- Found rmw_fastrtps_cpp: 8.4.4 (/opt/ros/jazzy/share/rmw_fastrtps_cpp/cmake)
[1.032s] -- Found OpenSSL: /usr/lib/x86_64-linux-gnu/libcrypto.so (found version "3.0.13")  
[1.053s] -- Found FastRTPS: /opt/ros/jazzy/include (Required is at least version "2.13") 
[1.078s] -- Using RMW implementation 'rmw_fastrtps_cpp' as default
[1.152s] -- Found geometry_msgs: 5.3.8 (/opt/ros/jazzy/share/geometry_msgs/cmake)
[1.181s] -- Found std_srvs: 5.3.8 (/opt/ros/jazzy/share/std_srvs/cmake)
[1.196s] -- Found ur_msgs: 2.5.0 (/opt/ros/jazzy/share/ur_msgs/cmake)
[1.347s] -- Found moveit_ros_planning_interface: 2.12.4 (/opt/ros/jazzy/share/moveit_ros_planning_interface/cmake)
[1.491s] -- Found Boost: /usr/lib/x86_64-linux-gnu/cmake/Boost-1.83.0/BoostConfig.cmake (found version "1.83.0") found components: date_time filesystem program_options system thread 
[1.660s] -- Found Boost: /usr/lib/x86_64-linux-gnu/cmake/Boost-1.83.0/BoostConfig.cmake (found version "1.83.0") found components: chrono date_time filesystem iostreams program_options regex serialization system thread 
[1.748s] -- Found parameter_traits: 0.7.3 (/opt/ros/jazzy/share/parameter_traits/cmake)
[1.764s] [0mCMake Deprecation Warning at /opt/ros/jazzy/share/tl_expected/cmake/tl_expectedConfig.cmake:37 (message):
[1.764s]   Package 'tl_expected' is deprecated (This package will be removed in ROS 2
[1.764s]   Lyrical Luth.
[1.764s] 
[1.764s]         Use tl/expected.hpp from libexpected-dev,
[1.764s]         or rcpputils/tl_expected/expected.hpp if the system header is not available)
[1.764s] Call Stack (most recent call first):
[1.764s]   /opt/ros/jazzy/share/parameter_traits/cmake/ament_cmake_export_dependencies-extras.cmake:21 (find_package)
[1.764s]   /opt/ros/jazzy/share/parameter_traits/cmake/parameter_traitsConfig.cmake:41 (include)
[1.765s]   /opt/ros/jazzy/share/generate_parameter_library/cmake/generate_parameter_library-extras.cmake:30 (find_package)
[1.765s]   /opt/ros/jazzy/share/generate_parameter_library/cmake/generate_parameter_libraryConfig.cmake:41 (include)
[1.765s]   /opt/ros/jazzy/share/moveit_core/cmake/ament_cmake_export_dependencies-extras.cmake:21 (find_package)
[1.765s]   /opt/ros/jazzy/share/moveit_core/cmake/moveit_coreConfig.cmake:41 (include)
[1.765s]   /opt/ros/jazzy/share/moveit_ros_planning_interface/cmake/ament_cmake_export_dependencies-extras.cmake:21 (find_package)
[1.765s]   /opt/ros/jazzy/share/moveit_ros_planning_interface/cmake/moveit_ros_planning_interfaceConfig.cmake:41 (include)
[1.765s]   CMakeLists.txt:18 (find_package)
[1.765s] 
[1.765s] [0m
[1.768s] -- Found rclcpp_lifecycle: 28.1.21 (/opt/ros/jazzy/share/rclcpp_lifecycle/cmake)
[1.873s] -- Found Eigen3: TRUE (found version "3.4.0") 
[1.874s] -- Ensuring Eigen3 include directory is part of orocos-kdl CMake target
[2.051s] -- Found Boost: /usr/lib/x86_64-linux-gnu/cmake/Boost-1.83.0/BoostConfig.cmake (found version "1.83.0") found components: system filesystem date_time program_options thread chrono 
[2.102s] -- Found Boost: /usr/lib/x86_64-linux-gnu/cmake/Boost-1.83.0/BoostConfig.cmake (found version "1.83.0") found components: thread system filesystem regex date_time program_options 
[2.130s] -- Found Boost: /usr/lib/x86_64-linux-gnu/cmake/Boost-1.83.0/BoostConfig.cmake (found version "1.83.0") found components: system filesystem date_time program_options thread 
[2.277s] -- Configuring done (2.3s)
[2.335s] -- Generating done (0.0s)
[2.347s] -- Build files have been written to: /home/liar/UR7e/ros2_ws/build/ur7e_motion
[2.375s] Invoked command in '/home/liar/UR7e/ros2_ws/build/ur7e_motion' returned '0': CMAKE_PREFIX_PATH=${CMAKE_PREFIX_PATH}:/home/liar/UR7e/ros2_ws/install/ur7e_vision:/opt/ros/jazzy DEBUGINFOD_URLS=https://debuginfod.ubuntu.com /usr/bin/cmake /home/liar/UR7e/ros2_ws/src/ur7e_motion -DAMENT_CMAKE_SYMLINK_INSTALL=1 -DCMAKE_INSTALL_PREFIX=/home/liar/UR7e/ros2_ws/install/ur7e_motion
[2.376s] Invoking command in '/home/liar/UR7e/ros2_ws/build/ur7e_motion': CMAKE_PREFIX_PATH=${CMAKE_PREFIX_PATH}:/home/liar/UR7e/ros2_ws/install/ur7e_vision:/opt/ros/jazzy DEBUGINFOD_URLS=https://debuginfod.ubuntu.com /usr/bin/cmake --build /home/liar/UR7e/ros2_ws/build/ur7e_motion -- -j8 -l8
[2.460s] [ 16%] [32mBuilding CXX object CMakeFiles/pick_task_node.dir/src/pick_task_node.cpp.o[0m
[2.461s] [ 33%] [32mBuilding CXX object CMakeFiles/gripper_io_node.dir/src/gripper_io_node.cpp.o[0m
[2.462s] [ 50%] [32mBuilding CXX object CMakeFiles/target_motion_node.dir/src/target_motion_node.cpp.o[0m
[18.199s] [ 66%] [32m[1mLinking CXX executable gripper_io_node[0m
[18.670s] [ 66%] Built target gripper_io_node
[18.738s] [ 83%] [32m[1mLinking CXX executable pick_task_node[0m
[19.202s] [ 83%] Built target pick_task_node
[22.959s] [100%] [32m[1mLinking CXX executable target_motion_node[0m
[23.614s] [100%] Built target target_motion_node
[23.631s] Invoked command in '/home/liar/UR7e/ros2_ws/build/ur7e_motion' returned '0': CMAKE_PREFIX_PATH=${CMAKE_PREFIX_PATH}:/home/liar/UR7e/ros2_ws/install/ur7e_vision:/opt/ros/jazzy DEBUGINFOD_URLS=https://debuginfod.ubuntu.com /usr/bin/cmake --build /home/liar/UR7e/ros2_ws/build/ur7e_motion -- -j8 -l8
[23.644s] Invoking command in '/home/liar/UR7e/ros2_ws/build/ur7e_motion': CMAKE_PREFIX_PATH=${CMAKE_PREFIX_PATH}:/home/liar/UR7e/ros2_ws/install/ur7e_vision:/opt/ros/jazzy DEBUGINFOD_URLS=https://debuginfod.ubuntu.com /usr/bin/cmake --install /home/liar/UR7e/ros2_ws/build/ur7e_motion
[23.655s] -- Install configuration: ""
[23.655s] -- Execute custom install script
[23.656s] -- Symlinking: /home/liar/UR7e/ros2_ws/install/ur7e_motion/lib/ur7e_motion/target_motion_node
[23.667s] -- Symlinking: /home/liar/UR7e/ros2_ws/install/ur7e_motion/lib/ur7e_motion/gripper_io_node
[23.680s] -- Symlinking: /home/liar/UR7e/ros2_ws/install/ur7e_motion/lib/ur7e_motion/pick_task_node
[23.696s] -- Symlinking: /home/liar/UR7e/ros2_ws/install/ur7e_motion/share/ur7e_motion/config/motion.yaml
[23.708s] -- Symlinking: /home/liar/UR7e/ros2_ws/install/ur7e_motion/share/ament_index/resource_index/package_run_dependencies/ur7e_motion
[23.722s] -- Symlinking: /home/liar/UR7e/ros2_ws/install/ur7e_motion/share/ament_index/resource_index/parent_prefix_path/ur7e_motion
[23.733s] -- Symlinking: /home/liar/UR7e/ros2_ws/install/ur7e_motion/share/ur7e_motion/environment/ament_prefix_path.sh
[23.748s] -- Symlinking: /home/liar/UR7e/ros2_ws/install/ur7e_motion/share/ur7e_motion/environment/ament_prefix_path.dsv
[23.764s] -- Symlinking: /home/liar/UR7e/ros2_ws/install/ur7e_motion/share/ur7e_motion/environment/path.sh
[23.779s] -- Symlinking: /home/liar/UR7e/ros2_ws/install/ur7e_motion/share/ur7e_motion/environment/path.dsv
[23.793s] -- Symlinking: /home/liar/UR7e/ros2_ws/install/ur7e_motion/share/ur7e_motion/local_setup.bash
[23.804s] -- Symlinking: /home/liar/UR7e/ros2_ws/install/ur7e_motion/share/ur7e_motion/local_setup.sh
[23.814s] -- Symlinking: /home/liar/UR7e/ros2_ws/install/ur7e_motion/share/ur7e_motion/local_setup.zsh
[23.827s] -- Symlinking: /home/liar/UR7e/ros2_ws/install/ur7e_motion/share/ur7e_motion/local_setup.dsv
[23.842s] -- Symlinking: /home/liar/UR7e/ros2_ws/install/ur7e_motion/share/ur7e_motion/package.dsv
[23.854s] -- Symlinking: /home/liar/UR7e/ros2_ws/install/ur7e_motion/share/ament_index/resource_index/packages/ur7e_motion
[23.867s] -- Symlinking: /home/liar/UR7e/ros2_ws/install/ur7e_motion/share/ur7e_motion/cmake/ur7e_motionConfig.cmake
[23.880s] -- Symlinking: /home/liar/UR7e/ros2_ws/install/ur7e_motion/share/ur7e_motion/cmake/ur7e_motionConfig-version.cmake
[23.893s] -- Symlinking: /home/liar/UR7e/ros2_ws/install/ur7e_motion/share/ur7e_motion/package.xml
[23.906s] Invoked command in '/home/liar/UR7e/ros2_ws/build/ur7e_motion' returned '0': CMAKE_PREFIX_PATH=${CMAKE_PREFIX_PATH}:/home/liar/UR7e/ros2_ws/install/ur7e_vision:/opt/ros/jazzy DEBUGINFOD_URLS=https://debuginfod.ubuntu.com /usr/bin/cmake --install /home/liar/UR7e/ros2_ws/build/ur7e_motion
