[0.016s] Invoking command in '/home/liar/UR7e/ros2_ws/build/ur7e_motion': CMAKE_PREFIX_PATH=${CMAKE_PREFIX_PATH}:/home/liar/UR7e/ros2_ws/install/ur7e_vision:/opt/ros/jazzy DEBUGINFOD_URLS=https://debuginfod.ubuntu.com /usr/bin/cmake --build /home/liar/UR7e/ros2_ws/build/ur7e_motion -- -j8 -l8
[0.112s] [ 50%] Built target gripper_io_node
[0.132s] [100%] Built target target_motion_node
[0.148s] Invoked command in '/home/liar/UR7e/ros2_ws/build/ur7e_motion' returned '0': CMAKE_PREFIX_PATH=${CMAKE_PREFIX_PATH}:/home/liar/UR7e/ros2_ws/install/ur7e_vision:/opt/ros/jazzy DEBUGINFOD_URLS=https://debuginfod.ubuntu.com /usr/bin/cmake --build /home/liar/UR7e/ros2_ws/build/ur7e_motion -- -j8 -l8
[0.161s] Invoking command in '/home/liar/UR7e/ros2_ws/build/ur7e_motion': CMAKE_PREFIX_PATH=${CMAKE_PREFIX_PATH}:/home/liar/UR7e/ros2_ws/install/ur7e_vision:/opt/ros/jazzy DEBUGINFOD_URLS=https://debuginfod.ubuntu.com /usr/bin/cmake --install /home/liar/UR7e/ros2_ws/build/ur7e_motion
[0.170s] -- Install configuration: ""
[0.170s] -- Execute custom install script
[0.171s] -- Up-to-date symlink: /home/liar/UR7e/ros2_ws/install/ur7e_motion/lib/ur7e_motion/target_motion_node
[0.171s] -- Up-to-date symlink: /home/liar/UR7e/ros2_ws/install/ur7e_motion/lib/ur7e_motion/gripper_io_node
[0.171s] -- Up-to-date symlink: /home/liar/UR7e/ros2_ws/install/ur7e_motion/share/ur7e_motion/config/motion.yaml
[0.171s] -- Up-to-date symlink: /home/liar/UR7e/ros2_ws/install/ur7e_motion/share/ament_index/resource_index/package_run_dependencies/ur7e_motion
[0.171s] -- Up-to-date symlink: /home/liar/UR7e/ros2_ws/install/ur7e_motion/share/ament_index/resource_index/parent_prefix_path/ur7e_motion
[0.172s] -- Up-to-date symlink: /home/liar/UR7e/ros2_ws/install/ur7e_motion/share/ur7e_motion/environment/ament_prefix_path.sh
[0.172s] -- Up-to-date symlink: /home/liar/UR7e/ros2_ws/install/ur7e_motion/share/ur7e_motion/environment/ament_prefix_path.dsv
[0.172s] -- Up-to-date symlink: /home/liar/UR7e/ros2_ws/install/ur7e_motion/share/ur7e_motion/environment/path.sh
[0.172s] -- Up-to-date symlink: /home/liar/UR7e/ros2_ws/install/ur7e_motion/share/ur7e_motion/environment/path.dsv
[0.172s] -- Up-to-date symlink: /home/liar/UR7e/ros2_ws/install/ur7e_motion/share/ur7e_motion/local_setup.bash
[0.172s] -- Up-to-date symlink: /home/liar/UR7e/ros2_ws/install/ur7e_motion/share/ur7e_motion/local_setup.sh
[0.172s] -- Up-to-date symlink: /home/liar/UR7e/ros2_ws/install/ur7e_motion/share/ur7e_motion/local_setup.zsh
[0.172s] -- Up-to-date symlink: /home/liar/UR7e/ros2_ws/install/ur7e_motion/share/ur7e_motion/local_setup.dsv
[0.172s] -- Symlinking: /home/liar/UR7e/ros2_ws/install/ur7e_motion/share/ur7e_motion/package.dsv
[0.184s] -- Up-to-date symlink: /home/liar/UR7e/ros2_ws/install/ur7e_motion/share/ament_index/resource_index/packages/ur7e_motion
[0.184s] -- Up-to-date symlink: /home/liar/UR7e/ros2_ws/install/ur7e_motion/share/ur7e_motion/cmake/ur7e_motionConfig.cmake
[0.184s] -- Up-to-date symlink: /home/liar/UR7e/ros2_ws/install/ur7e_motion/share/ur7e_motion/cmake/ur7e_motionConfig-version.cmake
[0.185s] -- Up-to-date symlink: /home/liar/UR7e/ros2_ws/install/ur7e_motion/share/ur7e_motion/package.xml
[0.187s] Invoked command in '/home/liar/UR7e/ros2_ws/build/ur7e_motion' returned '0': CMAKE_PREFIX_PATH=${CMAKE_PREFIX_PATH}:/home/liar/UR7e/ros2_ws/install/ur7e_vision:/opt/ros/jazzy DEBUGINFOD_URLS=https://debuginfod.ubuntu.com /usr/bin/cmake --install /home/liar/UR7e/ros2_ws/build/ur7e_motion
