[0.014s] Invoking command in '/home/liar/UR7e/ros2_ws/build/ur7e_motion': CMAKE_PREFIX_PATH=${CMAKE_PREFIX_PATH}:/home/liar/UR7e/ros2_ws/install/ur7e_vision:/opt/ros/jazzy DEBUGINFOD_URLS=https://debuginfod.ubuntu.com /usr/bin/cmake --build /home/liar/UR7e/ros2_ws/build/ur7e_motion -- -j8 -l8
[0.060s] -- Found ament_cmake: 2.5.6 (/opt/ros/jazzy/share/ament_cmake/cmake)
[0.272s] -- Override CMake install command with custom implementation using symlinks instead of copying resources
[0.304s] -- Found rclcpp: 28.1.21 (/opt/ros/jazzy/share/rclcpp/cmake)
[0.357s] -- Found rosidl_generator_c: 4.6.9 (/opt/ros/jazzy/share/rosidl_generator_c/cmake)
[0.372s] -- Found rosidl_generator_cpp: 4.6.9 (/opt/ros/jazzy/share/rosidl_generator_cpp/cmake)
[0.392s] -- Using all available rosidl_typesupport_c: rosidl_typesupport_fastrtps_c;rosidl_typesupport_introspection_c
[0.414s] -- Using all available rosidl_typesupport_cpp: rosidl_typesupport_fastrtps_cpp;rosidl_typesupport_introspection_cpp
[0.505s] -- Found rmw_implementation_cmake: 7.3.3 (/opt/ros/jazzy/share/rmw_implementation_cmake/cmake)
[0.509s] -- Found rmw_fastrtps_cpp: 8.4.4 (/opt/ros/jazzy/share/rmw_fastrtps_cpp/cmake)
[0.595s] -- Using RMW implementation 'rmw_fastrtps_cpp' as default
[0.697s] -- Found geometry_msgs: 5.3.8 (/opt/ros/jazzy/share/geometry_msgs/cmake)
[0.744s] -- Found std_srvs: 5.3.8 (/opt/ros/jazzy/share/std_srvs/cmake)
[0.767s] -- Found ur_msgs: 2.5.0 (/opt/ros/jazzy/share/ur_msgs/cmake)
[0.973s] -- Found moveit_ros_planning_interface: 2.12.4 (/opt/ros/jazzy/share/moveit_ros_planning_interface/cmake)
[0.993s] -- Found Boost: /usr/lib/x86_64-linux-gnu/cmake/Boost-1.83.0/BoostConfig.cmake (found version "1.83.0") found components: date_time filesystem program_options system thread 
[1.176s] -- Found Boost: /usr/lib/x86_64-linux-gnu/cmake/Boost-1.83.0/BoostConfig.cmake (found version "1.83.0") found components: chrono date_time filesystem iostreams program_options regex serialization system thread 
[1.217s] -- Found parameter_traits: 0.7.3 (/opt/ros/jazzy/share/parameter_traits/cmake)
[1.228s] [0mCMake Deprecation Warning at /opt/ros/jazzy/share/tl_expected/cmake/tl_expectedConfig.cmake:37 (message):
[1.229s]   Package 'tl_expected' is deprecated (This package will be removed in ROS 2
[1.229s]   Lyrical Luth.
[1.229s] 
[1.229s]         Use tl/expected.hpp from libexpected-dev,
[1.229s]         or rcpputils/tl_expected/expected.hpp if the system header is not available)
[1.229s] Call Stack (most recent call first):
[1.229s]   /opt/ros/jazzy/share/parameter_traits/cmake/ament_cmake_export_dependencies-extras.cmake:21 (find_package)
[1.229s]   /opt/ros/jazzy/share/parameter_traits/cmake/parameter_traitsConfig.cmake:41 (include)
[1.229s]   /opt/ros/jazzy/share/generate_parameter_library/cmake/generate_parameter_library-extras.cmake:30 (find_package)
[1.229s]   /opt/ros/jazzy/share/generate_parameter_library/cmake/generate_parameter_libraryConfig.cmake:41 (include)
[1.229s]   /opt/ros/jazzy/share/moveit_core/cmake/ament_cmake_export_dependencies-extras.cmake:21 (find_package)
[1.229s]   /opt/ros/jazzy/share/moveit_core/cmake/moveit_coreConfig.cmake:41 (include)
[1.229s]   /opt/ros/jazzy/share/moveit_ros_planning_interface/cmake/ament_cmake_export_dependencies-extras.cmake:21 (find_package)
[1.229s]   /opt/ros/jazzy/share/moveit_ros_planning_interface/cmake/moveit_ros_planning_interfaceConfig.cmake:41 (include)
[1.229s]   CMakeLists.txt:18 (find_package)
[1.229s] 
[1.229s] [0m
[1.231s] -- Found rclcpp_lifecycle: 28.1.21 (/opt/ros/jazzy/share/rclcpp_lifecycle/cmake)
[1.328s] -- Ensuring Eigen3 include directory is part of orocos-kdl CMake target
[1.497s] -- Found Boost: /usr/lib/x86_64-linux-gnu/cmake/Boost-1.83.0/BoostConfig.cmake (found version "1.83.0") found components: system filesystem date_time program_options thread chrono 
[1.543s] -- Found Boost: /usr/lib/x86_64-linux-gnu/cmake/Boost-1.83.0/BoostConfig.cmake (found version "1.83.0") found components: thread system filesystem regex date_time program_options 
[1.567s] -- Found Boost: /usr/lib/x86_64-linux-gnu/cmake/Boost-1.83.0/BoostConfig.cmake (found version "1.83.0") found components: system filesystem date_time program_options thread 
[1.693s] -- Configuring done (1.6s)
[1.718s] [31mCMake Error at CMakeLists.txt:20 (add_executable):
[1.718s]   Cannot find source file:
[1.718s] 
[1.718s]     pick_task_node.cpp
[1.718s] 
[1.718s]   Tried extensions .c .C .c++ .cc .cpp .cxx .cu .mpp .m .M .mm .ixx .cppm
[1.719s]   .ccm .cxxm .c++m .h .hh .h++ .hm .hpp .hxx .in .txx .f .F .for .f77 .f90
[1.719s]   .f95 .f03 .hip .ispc
[1.719s] 
[1.719s] [0m
[1.768s] [31mCMake Error at CMakeLists.txt:20 (add_executable):
[1.769s]   No SOURCES given to target: target_motion_node
[1.769s] 
[1.769s] [0m
[1.769s] [0mCMake Generate step failed.  Build files cannot be regenerated correctly.[0m
[1.784s] gmake: *** [Makefile:308: cmake_check_build_system] Error 1
[1.788s] Invoked command in '/home/liar/UR7e/ros2_ws/build/ur7e_motion' returned '2': CMAKE_PREFIX_PATH=${CMAKE_PREFIX_PATH}:/home/liar/UR7e/ros2_ws/install/ur7e_vision:/opt/ros/jazzy DEBUGINFOD_URLS=https://debuginfod.ubuntu.com /usr/bin/cmake --build /home/liar/UR7e/ros2_ws/build/ur7e_motion -- -j8 -l8
