[0.448s] DEBUG:colcon:Command line arguments: ['/usr/bin/colcon', 'build', '--packages-select', 'ur7e_vision', '--symlink-install']
[0.448s] DEBUG:colcon:Parsed command line arguments: Namespace(log_base=None, log_level=None, verb_name='build', build_base='build', install_base='install', merge_install=False, symlink_install=True, test_result_base=None, continue_on_error=False, executor='parallel', parallel_workers=8, event_handlers=None, ignore_user_meta=False, metas=['./colcon.meta'], base_paths=['.'], packages_ignore=None, packages_ignore_regex=None, paths=None, packages_up_to=None, packages_up_to_regex=None, packages_above=None, packages_above_and_dependencies=None, packages_above_depth=None, packages_select_by_dep=None, packages_skip_by_dep=None, packages_skip_up_to=None, packages_select_build_failed=False, packages_skip_build_finished=False, packages_select_test_failures=False, packages_skip_test_passed=False, packages_select=['ur7e_vision'], packages_skip=None, packages_select_regex=None, packages_skip_regex=None, packages_start=None, packages_end=None, allow_overriding=[], cmake_args=None, cmake_target=None, cmake_target_skip_unavailable=False, cmake_clean_cache=False, cmake_clean_first=False, cmake_force_configure=False, ament_cmake_args=None, catkin_cmake_args=None, catkin_skip_building_tests=False, mixin_files=None, mixin=None, verb_parser=<colcon_mixin.mixin.mixin_argument.MixinArgumentDecorator object at 0x76e2e899cef0>, verb_extension=<colcon_core.verb.build.BuildVerb object at 0x76e2e899ca70>, main=<bound method BuildVerb.main of <colcon_core.verb.build.BuildVerb object at 0x76e2e899ca70>>, mixin_verb=('build',))
[0.580s] Level 1:colcon.colcon_core.package_discovery:discover_packages(colcon_meta) check parameters
[0.581s] Level 1:colcon.colcon_core.package_discovery:discover_packages(recursive) check parameters
[0.581s] Level 1:colcon.colcon_core.package_discovery:discover_packages(ignore) check parameters
[0.581s] Level 1:colcon.colcon_core.package_discovery:discover_packages(path) check parameters
[0.581s] Level 1:colcon.colcon_core.package_discovery:discover_packages(colcon_meta) discover
[0.581s] Level 1:colcon.colcon_core.package_discovery:discover_packages(recursive) discover
[0.581s] INFO:colcon.colcon_core.package_discovery:Crawling recursively for packages in '/home/liar/UR7e'
[0.581s] Level 1:colcon.colcon_core.package_identification:_identify(.) by extensions ['ignore', 'ignore_ament_install']
[0.581s] Level 1:colcon.colcon_core.package_identification:_identify(.) by extension 'ignore'
[0.582s] Level 1:colcon.colcon_core.package_identification:_identify(.) by extension 'ignore_ament_install'
[0.582s] Level 1:colcon.colcon_core.package_identification:_identify(.) by extensions ['colcon_pkg']
[0.582s] Level 1:colcon.colcon_core.package_identification:_identify(.) by extension 'colcon_pkg'
[0.582s] Level 1:colcon.colcon_core.package_identification:_identify(.) by extensions ['colcon_meta']
[0.582s] Level 1:colcon.colcon_core.package_identification:_identify(.) by extension 'colcon_meta'
[0.582s] Level 1:colcon.colcon_core.package_identification:_identify(.) by extensions ['ros']
[0.582s] Level 1:colcon.colcon_core.package_identification:_identify(.) by extension 'ros'
[0.630s] Level 1:colcon.colcon_core.package_identification:_identify(.) by extensions ['cmake', 'python']
[0.630s] Level 1:colcon.colcon_core.package_identification:_identify(.) by extension 'cmake'
[0.631s] Level 1:colcon.colcon_core.package_identification:_identify(.) by extension 'python'
[0.631s] Level 1:colcon.colcon_core.package_identification:_identify(.) by extensions ['python_setup_py']
[0.631s] Level 1:colcon.colcon_core.package_identification:_identify(.) by extension 'python_setup_py'
[0.631s] Level 1:colcon.colcon_core.package_identification:_identify(build) by extensions ['ignore', 'ignore_ament_install']
[0.631s] Level 1:colcon.colcon_core.package_identification:_identify(build) by extension 'ignore'
[0.631s] Level 1:colcon.colcon_core.package_identification:_identify(build) ignored
[0.632s] Level 1:colcon.colcon_core.package_identification:_identify(calibration) by extensions ['ignore', 'ignore_ament_install']
[0.632s] Level 1:colcon.colcon_core.package_identification:_identify(calibration) by extension 'ignore'
[0.632s] Level 1:colcon.colcon_core.package_identification:_identify(calibration) by extension 'ignore_ament_install'
[0.633s] Level 1:colcon.colcon_core.package_identification:_identify(calibration) by extensions ['colcon_pkg']
[0.633s] Level 1:colcon.colcon_core.package_identification:_identify(calibration) by extension 'colcon_pkg'
[0.633s] Level 1:colcon.colcon_core.package_identification:_identify(calibration) by extensions ['colcon_meta']
[0.633s] Level 1:colcon.colcon_core.package_identification:_identify(calibration) by extension 'colcon_meta'
[0.633s] Level 1:colcon.colcon_core.package_identification:_identify(calibration) by extensions ['ros']
[0.633s] Level 1:colcon.colcon_core.package_identification:_identify(calibration) by extension 'ros'
[0.634s] Level 1:colcon.colcon_core.package_identification:_identify(calibration) by extensions ['cmake', 'python']
[0.634s] Level 1:colcon.colcon_core.package_identification:_identify(calibration) by extension 'cmake'
[0.634s] Level 1:colcon.colcon_core.package_identification:_identify(calibration) by extension 'python'
[0.634s] Level 1:colcon.colcon_core.package_identification:_identify(calibration) by extensions ['python_setup_py']
[0.634s] Level 1:colcon.colcon_core.package_identification:_identify(calibration) by extension 'python_setup_py'
[0.635s] Level 1:colcon.colcon_core.package_identification:_identify(config) by extensions ['ignore', 'ignore_ament_install']
[0.635s] Level 1:colcon.colcon_core.package_identification:_identify(config) by extension 'ignore'
[0.635s] Level 1:colcon.colcon_core.package_identification:_identify(config) by extension 'ignore_ament_install'
[0.635s] Level 1:colcon.colcon_core.package_identification:_identify(config) by extensions ['colcon_pkg']
[0.635s] Level 1:colcon.colcon_core.package_identification:_identify(config) by extension 'colcon_pkg'
[0.636s] Level 1:colcon.colcon_core.package_identification:_identify(config) by extensions ['colcon_meta']
[0.636s] Level 1:colcon.colcon_core.package_identification:_identify(config) by extension 'colcon_meta'
[0.636s] Level 1:colcon.colcon_core.package_identification:_identify(config) by extensions ['ros']
[0.636s] Level 1:colcon.colcon_core.package_identification:_identify(config) by extension 'ros'
[0.636s] Level 1:colcon.colcon_core.package_identification:_identify(config) by extensions ['cmake', 'python']
[0.636s] Level 1:colcon.colcon_core.package_identification:_identify(config) by extension 'cmake'
[0.636s] Level 1:colcon.colcon_core.package_identification:_identify(config) by extension 'python'
[0.636s] Level 1:colcon.colcon_core.package_identification:_identify(config) by extensions ['python_setup_py']
[0.636s] Level 1:colcon.colcon_core.package_identification:_identify(config) by extension 'python_setup_py'
[0.636s] Level 1:colcon.colcon_core.package_identification:_identify(install) by extensions ['ignore', 'ignore_ament_install']
[0.637s] Level 1:colcon.colcon_core.package_identification:_identify(install) by extension 'ignore'
[0.637s] Level 1:colcon.colcon_core.package_identification:_identify(install) ignored
[0.637s] Level 1:colcon.colcon_core.package_identification:_identify(log) by extensions ['ignore', 'ignore_ament_install']
[0.637s] Level 1:colcon.colcon_core.package_identification:_identify(log) by extension 'ignore'
[0.637s] Level 1:colcon.colcon_core.package_identification:_identify(log) ignored
[0.637s] Level 1:colcon.colcon_core.package_identification:_identify(logs) by extensions ['ignore', 'ignore_ament_install']
[0.637s] Level 1:colcon.colcon_core.package_identification:_identify(logs) by extension 'ignore'
[0.638s] Level 1:colcon.colcon_core.package_identification:_identify(logs) by extension 'ignore_ament_install'
[0.638s] Level 1:colcon.colcon_core.package_identification:_identify(logs) by extensions ['colcon_pkg']
[0.638s] Level 1:colcon.colcon_core.package_identification:_identify(logs) by extension 'colcon_pkg'
[0.638s] Level 1:colcon.colcon_core.package_identification:_identify(logs) by extensions ['colcon_meta']
[0.638s] Level 1:colcon.colcon_core.package_identification:_identify(logs) by extension 'colcon_meta'
[0.638s] Level 1:colcon.colcon_core.package_identification:_identify(logs) by extensions ['ros']
[0.638s] Level 1:colcon.colcon_core.package_identification:_identify(logs) by extension 'ros'
[0.638s] Level 1:colcon.colcon_core.package_identification:_identify(logs) by extensions ['cmake', 'python']
[0.638s] Level 1:colcon.colcon_core.package_identification:_identify(logs) by extension 'cmake'
[0.639s] Level 1:colcon.colcon_core.package_identification:_identify(logs) by extension 'python'
[0.639s] Level 1:colcon.colcon_core.package_identification:_identify(logs) by extensions ['python_setup_py']
[0.639s] Level 1:colcon.colcon_core.package_identification:_identify(logs) by extension 'python_setup_py'
[0.639s] Level 1:colcon.colcon_core.package_identification:_identify(ros2_ws) by extensions ['ignore', 'ignore_ament_install']
[0.639s] Level 1:colcon.colcon_core.package_identification:_identify(ros2_ws) by extension 'ignore'
[0.639s] Level 1:colcon.colcon_core.package_identification:_identify(ros2_ws) by extension 'ignore_ament_install'
[0.639s] Level 1:colcon.colcon_core.package_identification:_identify(ros2_ws) by extensions ['colcon_pkg']
[0.640s] Level 1:colcon.colcon_core.package_identification:_identify(ros2_ws) by extension 'colcon_pkg'
[0.640s] Level 1:colcon.colcon_core.package_identification:_identify(ros2_ws) by extensions ['colcon_meta']
[0.640s] Level 1:colcon.colcon_core.package_identification:_identify(ros2_ws) by extension 'colcon_meta'
[0.640s] Level 1:colcon.colcon_core.package_identification:_identify(ros2_ws) by extensions ['ros']
[0.640s] Level 1:colcon.colcon_core.package_identification:_identify(ros2_ws) by extension 'ros'
[0.640s] Level 1:colcon.colcon_core.package_identification:_identify(ros2_ws) by extensions ['cmake', 'python']
[0.640s] Level 1:colcon.colcon_core.package_identification:_identify(ros2_ws) by extension 'cmake'
[0.640s] Level 1:colcon.colcon_core.package_identification:_identify(ros2_ws) by extension 'python'
[0.640s] Level 1:colcon.colcon_core.package_identification:_identify(ros2_ws) by extensions ['python_setup_py']
[0.640s] Level 1:colcon.colcon_core.package_identification:_identify(ros2_ws) by extension 'python_setup_py'
[0.641s] Level 1:colcon.colcon_core.package_identification:_identify(ros2_ws/build) by extensions ['ignore', 'ignore_ament_install']
[0.641s] Level 1:colcon.colcon_core.package_identification:_identify(ros2_ws/build) by extension 'ignore'
[0.641s] Level 1:colcon.colcon_core.package_identification:_identify(ros2_ws/build) ignored
[0.641s] Level 1:colcon.colcon_core.package_identification:_identify(ros2_ws/install) by extensions ['ignore', 'ignore_ament_install']
[0.641s] Level 1:colcon.colcon_core.package_identification:_identify(ros2_ws/install) by extension 'ignore'
[0.641s] Level 1:colcon.colcon_core.package_identification:_identify(ros2_ws/install) ignored
[0.641s] Level 1:colcon.colcon_core.package_identification:_identify(ros2_ws/log) by extensions ['ignore', 'ignore_ament_install']
[0.642s] Level 1:colcon.colcon_core.package_identification:_identify(ros2_ws/log) by extension 'ignore'
[0.642s] Level 1:colcon.colcon_core.package_identification:_identify(ros2_ws/log) ignored
[0.642s] Level 1:colcon.colcon_core.package_identification:_identify(ros2_ws/src) by extensions ['ignore', 'ignore_ament_install']
[0.642s] Level 1:colcon.colcon_core.package_identification:_identify(ros2_ws/src) by extension 'ignore'
[0.642s] Level 1:colcon.colcon_core.package_identification:_identify(ros2_ws/src) by extension 'ignore_ament_install'
[0.642s] Level 1:colcon.colcon_core.package_identification:_identify(ros2_ws/src) by extensions ['colcon_pkg']
[0.643s] Level 1:colcon.colcon_core.package_identification:_identify(ros2_ws/src) by extension 'colcon_pkg'
[0.643s] Level 1:colcon.colcon_core.package_identification:_identify(ros2_ws/src) by extensions ['colcon_meta']
[0.643s] Level 1:colcon.colcon_core.package_identification:_identify(ros2_ws/src) by extension 'colcon_meta'
[0.643s] Level 1:colcon.colcon_core.package_identification:_identify(ros2_ws/src) by extensions ['ros']
[0.643s] Level 1:colcon.colcon_core.package_identification:_identify(ros2_ws/src) by extension 'ros'
[0.643s] Level 1:colcon.colcon_core.package_identification:_identify(ros2_ws/src) by extensions ['cmake', 'python']
[0.643s] Level 1:colcon.colcon_core.package_identification:_identify(ros2_ws/src) by extension 'cmake'
[0.644s] Level 1:colcon.colcon_core.package_identification:_identify(ros2_ws/src) by extension 'python'
[0.644s] Level 1:colcon.colcon_core.package_identification:_identify(ros2_ws/src) by extensions ['python_setup_py']
[0.644s] Level 1:colcon.colcon_core.package_identification:_identify(ros2_ws/src) by extension 'python_setup_py'
[0.644s] Level 1:colcon.colcon_core.package_identification:_identify(ros2_ws/src/ur7e_bringup) by extensions ['ignore', 'ignore_ament_install']
[0.644s] Level 1:colcon.colcon_core.package_identification:_identify(ros2_ws/src/ur7e_bringup) by extension 'ignore'
[0.644s] Level 1:colcon.colcon_core.package_identification:_identify(ros2_ws/src/ur7e_bringup) by extension 'ignore_ament_install'
[0.644s] Level 1:colcon.colcon_core.package_identification:_identify(ros2_ws/src/ur7e_bringup) by extensions ['colcon_pkg']
[0.644s] Level 1:colcon.colcon_core.package_identification:_identify(ros2_ws/src/ur7e_bringup) by extension 'colcon_pkg'
[0.644s] Level 1:colcon.colcon_core.package_identification:_identify(ros2_ws/src/ur7e_bringup) by extensions ['colcon_meta']
[0.644s] Level 1:colcon.colcon_core.package_identification:_identify(ros2_ws/src/ur7e_bringup) by extension 'colcon_meta'
[0.645s] Level 1:colcon.colcon_core.package_identification:_identify(ros2_ws/src/ur7e_bringup) by extensions ['ros']
[0.645s] Level 1:colcon.colcon_core.package_identification:_identify(ros2_ws/src/ur7e_bringup) by extension 'ros'
[0.645s] Level 1:colcon.colcon_core.package_identification:_identify(ros2_ws/src/ur7e_bringup) by extensions ['cmake', 'python']
[0.645s] Level 1:colcon.colcon_core.package_identification:_identify(ros2_ws/src/ur7e_bringup) by extension 'cmake'
[0.645s] Level 1:colcon.colcon_core.package_identification:_identify(ros2_ws/src/ur7e_bringup) by extension 'python'
[0.645s] Level 1:colcon.colcon_core.package_identification:_identify(ros2_ws/src/ur7e_bringup) by extensions ['python_setup_py']
[0.645s] Level 1:colcon.colcon_core.package_identification:_identify(ros2_ws/src/ur7e_bringup) by extension 'python_setup_py'
[0.645s] Level 1:colcon.colcon_core.package_identification:_identify(ros2_ws/src/ur7e_cell_description) by extensions ['ignore', 'ignore_ament_install']
[0.645s] Level 1:colcon.colcon_core.package_identification:_identify(ros2_ws/src/ur7e_cell_description) by extension 'ignore'
[0.646s] Level 1:colcon.colcon_core.package_identification:_identify(ros2_ws/src/ur7e_cell_description) by extension 'ignore_ament_install'
[0.646s] Level 1:colcon.colcon_core.package_identification:_identify(ros2_ws/src/ur7e_cell_description) by extensions ['colcon_pkg']
[0.646s] Level 1:colcon.colcon_core.package_identification:_identify(ros2_ws/src/ur7e_cell_description) by extension 'colcon_pkg'
[0.646s] Level 1:colcon.colcon_core.package_identification:_identify(ros2_ws/src/ur7e_cell_description) by extensions ['colcon_meta']
[0.646s] Level 1:colcon.colcon_core.package_identification:_identify(ros2_ws/src/ur7e_cell_description) by extension 'colcon_meta'
[0.646s] Level 1:colcon.colcon_core.package_identification:_identify(ros2_ws/src/ur7e_cell_description) by extensions ['ros']
[0.646s] Level 1:colcon.colcon_core.package_identification:_identify(ros2_ws/src/ur7e_cell_description) by extension 'ros'
[0.646s] Level 1:colcon.colcon_core.package_identification:_identify(ros2_ws/src/ur7e_cell_description) by extensions ['cmake', 'python']
[0.646s] Level 1:colcon.colcon_core.package_identification:_identify(ros2_ws/src/ur7e_cell_description) by extension 'cmake'
[0.646s] Level 1:colcon.colcon_core.package_identification:_identify(ros2_ws/src/ur7e_cell_description) by extension 'python'
[0.646s] Level 1:colcon.colcon_core.package_identification:_identify(ros2_ws/src/ur7e_cell_description) by extensions ['python_setup_py']
[0.646s] Level 1:colcon.colcon_core.package_identification:_identify(ros2_ws/src/ur7e_cell_description) by extension 'python_setup_py'
[0.647s] Level 1:colcon.colcon_core.package_identification:_identify(ros2_ws/src/ur7e_motion) by extensions ['ignore', 'ignore_ament_install']
[0.647s] Level 1:colcon.colcon_core.package_identification:_identify(ros2_ws/src/ur7e_motion) by extension 'ignore'
[0.647s] Level 1:colcon.colcon_core.package_identification:_identify(ros2_ws/src/ur7e_motion) by extension 'ignore_ament_install'
[0.647s] Level 1:colcon.colcon_core.package_identification:_identify(ros2_ws/src/ur7e_motion) by extensions ['colcon_pkg']
[0.647s] Level 1:colcon.colcon_core.package_identification:_identify(ros2_ws/src/ur7e_motion) by extension 'colcon_pkg'
[0.647s] Level 1:colcon.colcon_core.package_identification:_identify(ros2_ws/src/ur7e_motion) by extensions ['colcon_meta']
[0.647s] Level 1:colcon.colcon_core.package_identification:_identify(ros2_ws/src/ur7e_motion) by extension 'colcon_meta'
[0.648s] Level 1:colcon.colcon_core.package_identification:_identify(ros2_ws/src/ur7e_motion) by extensions ['ros']
[0.648s] Level 1:colcon.colcon_core.package_identification:_identify(ros2_ws/src/ur7e_motion) by extension 'ros'
[0.656s] DEBUG:colcon.colcon_core.package_identification:Package 'ros2_ws/src/ur7e_motion' with type 'ros.ament_cmake' and name 'ur7e_motion'
[0.656s] Level 1:colcon.colcon_core.package_identification:_identify(ros2_ws/src/ur7e_vision) by extensions ['ignore', 'ignore_ament_install']
[0.656s] Level 1:colcon.colcon_core.package_identification:_identify(ros2_ws/src/ur7e_vision) by extension 'ignore'
[0.656s] Level 1:colcon.colcon_core.package_identification:_identify(ros2_ws/src/ur7e_vision) by extension 'ignore_ament_install'
[0.656s] Level 1:colcon.colcon_core.package_identification:_identify(ros2_ws/src/ur7e_vision) by extensions ['colcon_pkg']
[0.656s] Level 1:colcon.colcon_core.package_identification:_identify(ros2_ws/src/ur7e_vision) by extension 'colcon_pkg'
[0.656s] Level 1:colcon.colcon_core.package_identification:_identify(ros2_ws/src/ur7e_vision) by extensions ['colcon_meta']
[0.657s] Level 1:colcon.colcon_core.package_identification:_identify(ros2_ws/src/ur7e_vision) by extension 'colcon_meta'
[0.657s] Level 1:colcon.colcon_core.package_identification:_identify(ros2_ws/src/ur7e_vision) by extensions ['ros']
[0.657s] Level 1:colcon.colcon_core.package_identification:_identify(ros2_ws/src/ur7e_vision) by extension 'ros'
[0.658s] DEBUG:colcon.colcon_core.package_identification:Package 'ros2_ws/src/ur7e_vision' with type 'ros.ament_python' and name 'ur7e_vision'
[0.658s] Level 1:colcon.colcon_core.package_identification:_identify(scripts) by extensions ['ignore', 'ignore_ament_install']
[0.658s] Level 1:colcon.colcon_core.package_identification:_identify(scripts) by extension 'ignore'
[0.658s] Level 1:colcon.colcon_core.package_identification:_identify(scripts) by extension 'ignore_ament_install'
[0.658s] Level 1:colcon.colcon_core.package_identification:_identify(scripts) by extensions ['colcon_pkg']
[0.659s] Level 1:colcon.colcon_core.package_identification:_identify(scripts) by extension 'colcon_pkg'
[0.659s] Level 1:colcon.colcon_core.package_identification:_identify(scripts) by extensions ['colcon_meta']
[0.659s] Level 1:colcon.colcon_core.package_identification:_identify(scripts) by extension 'colcon_meta'
[0.659s] Level 1:colcon.colcon_core.package_identification:_identify(scripts) by extensions ['ros']
[0.659s] Level 1:colcon.colcon_core.package_identification:_identify(scripts) by extension 'ros'
[0.659s] Level 1:colcon.colcon_core.package_identification:_identify(scripts) by extensions ['cmake', 'python']
[0.659s] Level 1:colcon.colcon_core.package_identification:_identify(scripts) by extension 'cmake'
[0.659s] Level 1:colcon.colcon_core.package_identification:_identify(scripts) by extension 'python'
[0.659s] Level 1:colcon.colcon_core.package_identification:_identify(scripts) by extensions ['python_setup_py']
[0.659s] Level 1:colcon.colcon_core.package_identification:_identify(scripts) by extension 'python_setup_py'
[0.659s] Level 1:colcon.colcon_core.package_discovery:discover_packages(recursive) using defaults
[0.660s] Level 1:colcon.colcon_core.package_discovery:discover_packages(ignore) discover
[0.660s] Level 1:colcon.colcon_core.package_discovery:discover_packages(ignore) using defaults
[0.660s] Level 1:colcon.colcon_core.package_discovery:discover_packages(path) discover
[0.660s] Level 1:colcon.colcon_core.package_discovery:discover_packages(path) using defaults
[0.703s] INFO:colcon.colcon_core.package_selection:Skipping not selected package 'ur7e_motion' in 'ros2_ws/src/ur7e_motion'
[0.705s] Level 1:colcon.colcon_core.package_discovery:discover_packages(prefix_path) check parameters
[0.705s] Level 1:colcon.colcon_core.package_discovery:discover_packages(prefix_path) discover
[0.716s] DEBUG:colcon.colcon_installed_package_information.package_discovery:Found 379 installed packages in /opt/ros/jazzy
[0.719s] Level 1:colcon.colcon_core.package_discovery:discover_packages(prefix_path) using defaults
[0.818s] Level 5:colcon.colcon_core.verb:set package 'ur7e_vision' build argument 'cmake_args' from command line to 'None'
[0.818s] Level 5:colcon.colcon_core.verb:set package 'ur7e_vision' build argument 'cmake_target' from command line to 'None'
[0.818s] Level 5:colcon.colcon_core.verb:set package 'ur7e_vision' build argument 'cmake_target_skip_unavailable' from command line to 'False'
[0.818s] Level 5:colcon.colcon_core.verb:set package 'ur7e_vision' build argument 'cmake_clean_cache' from command line to 'False'
[0.818s] Level 5:colcon.colcon_core.verb:set package 'ur7e_vision' build argument 'cmake_clean_first' from command line to 'False'
[0.818s] Level 5:colcon.colcon_core.verb:set package 'ur7e_vision' build argument 'cmake_force_configure' from command line to 'False'
[0.819s] Level 5:colcon.colcon_core.verb:set package 'ur7e_vision' build argument 'ament_cmake_args' from command line to 'None'
[0.819s] Level 5:colcon.colcon_core.verb:set package 'ur7e_vision' build argument 'catkin_cmake_args' from command line to 'None'
[0.819s] Level 5:colcon.colcon_core.verb:set package 'ur7e_vision' build argument 'catkin_skip_building_tests' from command line to 'False'
[0.819s] DEBUG:colcon.colcon_core.verb:Building package 'ur7e_vision' with the following arguments: {'ament_cmake_args': None, 'build_base': '/home/liar/UR7e/build/ur7e_vision', 'catkin_cmake_args': None, 'catkin_skip_building_tests': False, 'cmake_args': None, 'cmake_clean_cache': False, 'cmake_clean_first': False, 'cmake_force_configure': False, 'cmake_target': None, 'cmake_target_skip_unavailable': False, 'install_base': '/home/liar/UR7e/install/ur7e_vision', 'merge_install': False, 'path': '/home/liar/UR7e/ros2_ws/src/ur7e_vision', 'symlink_install': True, 'test_result_base': None}
[0.819s] INFO:colcon.colcon_core.executor:Executing jobs using 'parallel' executor
[0.820s] DEBUG:colcon.colcon_parallel_executor.executor.parallel:run_until_complete
[0.821s] INFO:colcon.colcon_ros.task.ament_python.build:Building ROS package in '/home/liar/UR7e/ros2_ws/src/ur7e_vision' with build type 'ament_python'
[0.821s] Level 1:colcon.colcon_core.shell:create_environment_hook('ur7e_vision', 'ament_prefix_path')
[0.836s] INFO:colcon.colcon_core.plugin_system:Skipping extension 'colcon_core.shell.bat': Not used on non-Windows systems
[0.837s] INFO:colcon.colcon_core.shell:Creating environment hook '/home/liar/UR7e/install/ur7e_vision/share/ur7e_vision/hook/ament_prefix_path.ps1'
[0.840s] INFO:colcon.colcon_core.shell:Creating environment descriptor '/home/liar/UR7e/install/ur7e_vision/share/ur7e_vision/hook/ament_prefix_path.dsv'
[0.842s] INFO:colcon.colcon_core.shell:Creating environment hook '/home/liar/UR7e/install/ur7e_vision/share/ur7e_vision/hook/ament_prefix_path.sh'
[0.844s] INFO:colcon.colcon_core.shell:Skip shell extension 'powershell' for command environment: Not usable outside of PowerShell
[0.844s] DEBUG:colcon.colcon_core.shell:Skip shell extension 'dsv' for command environment
[1.329s] INFO:colcon.colcon_core.task.python.build:Building Python package in '/home/liar/UR7e/ros2_ws/src/ur7e_vision'
[1.330s] INFO:colcon.colcon_core.shell:Skip shell extension 'powershell' for command environment: Not usable outside of PowerShell
[1.330s] DEBUG:colcon.colcon_core.shell:Skip shell extension 'dsv' for command environment
[3.126s] DEBUG:colcon.colcon_core.task.python.build:Available setuptools commands: setopt, check, install_headers, build_ext, egg_info, build, bdist, build_scripts, bdist_dumb, build_py, saveopts, build_clib, install_lib, extract_messages, install, rotate, upload_docs, clean, bdist_egg, compile_catalog, register, update_catalog, sdist, symlink_data, editable_wheel, easy_install, install_data, upload, develop, init_catalog, install_egg_info, dist_info, alias, install_scripts, bdist_rpm, test
[3.772s] DEBUG:colcon.colcon_core.task.python.build:Available setuptools 'develop' options: --multi-version, --quiet, --record, --build-directory, --no-user-cfg, --install-dir, --find-links, --user, --version, --optimize, --exclude-scripts, --help, --no-deps, --index-url, --force-installation-into-system-dir, --install-layout, --verbose, --uninstall, --prefix, --allow-hosts, --no-find-links, --upgrade, --always-copy, --script-dir, --zip-ok, --local-snapshots-ok, --dry-run, --always-unzip, --egg-path, --editable, --site-dirs
[3.775s] DEBUG:colcon.colcon_core.event_handler.log_command:Invoking command in '/home/liar/UR7e/build/ur7e_vision': DEBUGINFOD_URLS=https://debuginfod.ubuntu.com PYTHONPATH=/home/liar/UR7e/build/ur7e_vision/prefix_override:/usr/lib/python3/dist-packages/colcon_core/task/python/colcon_distutils_commands:/home/liar/UR7e/install/ur7e_vision/lib/python3.12/site-packages:${PYTHONPATH} /usr/bin/python3 -W ignore:setup.py install is deprecated -W ignore:easy_install command is deprecated setup.py develop --editable --build-directory /home/liar/UR7e/build/ur7e_vision/build --no-deps symlink_data
[5.197s] Level 1:colcon.colcon_core.shell:create_environment_hook('ur7e_vision', 'pythonpath_develop')
[5.197s] INFO:colcon.colcon_core.shell:Creating environment hook '/home/liar/UR7e/build/ur7e_vision/share/ur7e_vision/hook/pythonpath_develop.ps1'
[5.200s] DEBUG:colcon.colcon_core.event_handler.log_command:Invoked command in '/home/liar/UR7e/build/ur7e_vision' returned '0': DEBUGINFOD_URLS=https://debuginfod.ubuntu.com PYTHONPATH=/home/liar/UR7e/build/ur7e_vision/prefix_override:/usr/lib/python3/dist-packages/colcon_core/task/python/colcon_distutils_commands:/home/liar/UR7e/install/ur7e_vision/lib/python3.12/site-packages:${PYTHONPATH} /usr/bin/python3 -W ignore:setup.py install is deprecated -W ignore:easy_install command is deprecated setup.py develop --editable --build-directory /home/liar/UR7e/build/ur7e_vision/build --no-deps symlink_data
[5.201s] INFO:colcon.colcon_core.shell:Creating environment descriptor '/home/liar/UR7e/build/ur7e_vision/share/ur7e_vision/hook/pythonpath_develop.dsv'
[5.202s] INFO:colcon.colcon_core.shell:Creating environment hook '/home/liar/UR7e/build/ur7e_vision/share/ur7e_vision/hook/pythonpath_develop.sh'
[5.228s] Level 1:colcon.colcon_core.environment:checking '/home/liar/UR7e/install/ur7e_vision' for CMake module files
[5.229s] Level 1:colcon.colcon_core.environment:checking '/home/liar/UR7e/install/ur7e_vision' for CMake config files
[5.231s] Level 1:colcon.colcon_core.environment:checking '/home/liar/UR7e/install/ur7e_vision/lib'
[5.231s] Level 1:colcon.colcon_core.environment:checking '/home/liar/UR7e/install/ur7e_vision/bin'
[5.232s] Level 1:colcon.colcon_core.environment:checking '/home/liar/UR7e/install/ur7e_vision/lib/pkgconfig/ur7e_vision.pc'
[5.232s] Level 1:colcon.colcon_core.environment:checking '/home/liar/UR7e/install/ur7e_vision/lib/python3.12/site-packages'
[5.232s] Level 1:colcon.colcon_core.shell:create_environment_hook('ur7e_vision', 'pythonpath')
[5.232s] INFO:colcon.colcon_core.shell:Creating environment hook '/home/liar/UR7e/install/ur7e_vision/share/ur7e_vision/hook/pythonpath.ps1'
[5.233s] INFO:colcon.colcon_core.shell:Creating environment descriptor '/home/liar/UR7e/install/ur7e_vision/share/ur7e_vision/hook/pythonpath.dsv'
[5.234s] INFO:colcon.colcon_core.shell:Creating environment hook '/home/liar/UR7e/install/ur7e_vision/share/ur7e_vision/hook/pythonpath.sh'
[5.236s] Level 1:colcon.colcon_core.environment:checking '/home/liar/UR7e/install/ur7e_vision/bin'
[5.236s] Level 1:colcon.colcon_core.environment:create_environment_scripts_only(ur7e_vision)
[5.236s] INFO:colcon.colcon_core.shell:Creating package script '/home/liar/UR7e/install/ur7e_vision/share/ur7e_vision/package.ps1'
[5.240s] INFO:colcon.colcon_core.shell:Creating package descriptor '/home/liar/UR7e/install/ur7e_vision/share/ur7e_vision/package.dsv'
[5.243s] INFO:colcon.colcon_core.shell:Creating package script '/home/liar/UR7e/install/ur7e_vision/share/ur7e_vision/package.sh'
[5.245s] INFO:colcon.colcon_core.shell:Creating package script '/home/liar/UR7e/install/ur7e_vision/share/ur7e_vision/package.bash'
[5.248s] INFO:colcon.colcon_core.shell:Creating package script '/home/liar/UR7e/install/ur7e_vision/share/ur7e_vision/package.zsh'
[5.252s] Level 1:colcon.colcon_core.environment:create_file_with_runtime_dependencies(/home/liar/UR7e/install/ur7e_vision/share/colcon-core/packages/ur7e_vision)
[5.254s] DEBUG:colcon.colcon_parallel_executor.executor.parallel:closing loop
[5.255s] DEBUG:colcon.colcon_parallel_executor.executor.parallel:loop closed
[5.255s] DEBUG:colcon.colcon_parallel_executor.executor.parallel:run_until_complete finished with '0'
[5.255s] DEBUG:colcon.colcon_core.event_reactor:joining thread
[5.310s] INFO:colcon.colcon_core.plugin_system:Skipping extension 'colcon_notification.desktop_notification.terminal_notifier': Not used on non-Darwin systems
[5.310s] INFO:colcon.colcon_core.plugin_system:Skipping extension 'colcon_notification.desktop_notification.win32': Not used on non-Windows systems
[5.310s] INFO:colcon.colcon_notification.desktop_notification:Sending desktop notification using 'notify2'
[5.574s] DEBUG:colcon.colcon_core.event_reactor:joined thread
[5.574s] INFO:colcon.colcon_core.shell:Creating prefix script '/home/liar/UR7e/install/local_setup.ps1'
[5.578s] INFO:colcon.colcon_core.shell:Creating prefix util module '/home/liar/UR7e/install/_local_setup_util_ps1.py'
[5.581s] INFO:colcon.colcon_core.shell:Creating prefix chain script '/home/liar/UR7e/install/setup.ps1'
[5.583s] INFO:colcon.colcon_core.shell:Creating prefix script '/home/liar/UR7e/install/local_setup.sh'
[5.586s] INFO:colcon.colcon_core.shell:Creating prefix util module '/home/liar/UR7e/install/_local_setup_util_sh.py'
[5.587s] INFO:colcon.colcon_core.shell:Creating prefix chain script '/home/liar/UR7e/install/setup.sh'
[5.588s] INFO:colcon.colcon_core.shell:Creating prefix script '/home/liar/UR7e/install/local_setup.bash'
[5.590s] INFO:colcon.colcon_core.shell:Creating prefix chain script '/home/liar/UR7e/install/setup.bash'
[5.594s] INFO:colcon.colcon_core.shell:Creating prefix script '/home/liar/UR7e/install/local_setup.zsh'
[5.596s] INFO:colcon.colcon_core.shell:Creating prefix chain script '/home/liar/UR7e/install/setup.zsh'
