[0.049s] Invoking command in '/home/liar/UR7e/ros2_ws/build/ur7e_motion': CMAKE_PREFIX_PATH=${CMAKE_PREFIX_PATH}:/opt/ros/jazzy DEBUGINFOD_URLS=https://debuginfod.ubuntu.com /usr/bin/cmake --build /home/liar/UR7e/ros2_ws/build/ur7e_motion -- -j8 -l8
[0.792s] [ 16%] [32mBuilding CXX object CMakeFiles/pick_task_node.dir/src/pick_task_node.cpp.o[0m
[0.818s] [ 50%] Built target gripper_io_node
[0.931s] [ 66%] [32mBuilding CXX object CMakeFiles/target_motion_node.dir/src/target_motion_node.cpp.o[0m
[38.128s] [ 83%] [32m[1mLinking CXX executable pick_task_node[0m
[39.693s] [ 83%] Built target pick_task_node
[42.602s] [100%] [32m[1mLinking CXX executable target_motion_node[0m
[44.822s] [100%] Built target target_motion_node
[44.857s] Invoked command in '/home/liar/UR7e/ros2_ws/build/ur7e_motion' returned '0': CMAKE_PREFIX_PATH=${CMAKE_PREFIX_PATH}:/opt/ros/jazzy DEBUGINFOD_URLS=https://debuginfod.ubuntu.com /usr/bin/cmake --build /home/liar/UR7e/ros2_ws/build/ur7e_motion -- -j8 -l8
[44.890s] Invoking command in '/home/liar/UR7e/ros2_ws/build/ur7e_motion': CMAKE_PREFIX_PATH=${CMAKE_PREFIX_PATH}:/opt/ros/jazzy DEBUGINFOD_URLS=https://debuginfod.ubuntu.com /usr/bin/cmake --install /home/liar/UR7e/ros2_ws/build/ur7e_motion
[44.919s] -- Install configuration: ""
[44.921s] -- Execute custom install script
[44.924s] -- Up-to-date symlink: /home/liar/UR7e/ros2_ws/install/ur7e_motion/lib/ur7e_motion/target_motion_node
[44.925s] -- Up-to-date symlink: /home/liar/UR7e/ros2_ws/install/ur7e_motion/lib/ur7e_motion/gripper_io_node
[44.927s] -- Up-to-date symlink: /home/liar/UR7e/ros2_ws/install/ur7e_motion/lib/ur7e_motion/pick_task_node
[44.928s] -- Up-to-date symlink: /home/liar/UR7e/ros2_ws/install/ur7e_motion/share/ur7e_motion/config/motion.yaml
[44.930s] -- Up-to-date symlink: /home/liar/UR7e/ros2_ws/install/ur7e_motion/share/ament_index/resource_index/package_run_dependencies/ur7e_motion
[44.933s] -- Up-to-date symlink: /home/liar/UR7e/ros2_ws/install/ur7e_motion/share/ament_index/resource_index/parent_prefix_path/ur7e_motion
[44.934s] -- Up-to-date symlink: /home/liar/UR7e/ros2_ws/install/ur7e_motion/share/ur7e_motion/environment/ament_prefix_path.sh
[44.934s] -- Up-to-date symlink: /home/liar/UR7e/ros2_ws/install/ur7e_motion/share/ur7e_motion/environment/ament_prefix_path.dsv
[44.934s] -- Up-to-date symlink: /home/liar/UR7e/ros2_ws/install/ur7e_motion/share/ur7e_motion/environment/path.sh
[44.934s] -- Up-to-date symlink: /home/liar/UR7e/ros2_ws/install/ur7e_motion/share/ur7e_motion/environment/path.dsv
[44.937s] -- Up-to-date symlink: /home/liar/UR7e/ros2_ws/install/ur7e_motion/share/ur7e_motion/local_setup.bash
[44.938s] -- Up-to-date symlink: /home/liar/UR7e/ros2_ws/install/ur7e_motion/share/ur7e_motion/local_setup.sh
[44.938s] -- Up-to-date symlink: /home/liar/UR7e/ros2_ws/install/ur7e_motion/share/ur7e_motion/local_setup.zsh
[44.940s] -- Up-to-date symlink: /home/liar/UR7e/ros2_ws/install/ur7e_motion/share/ur7e_motion/local_setup.dsv
[44.940s] -- Symlinking: /home/liar/UR7e/ros2_ws/install/ur7e_motion/share/ur7e_motion/package.dsv
[44.979s] -- Up-to-date symlink: /home/liar/UR7e/ros2_ws/install/ur7e_motion/share/ament_index/resource_index/packages/ur7e_motion
[44.982s] -- Up-to-date symlink: /home/liar/UR7e/ros2_ws/install/ur7e_motion/share/ur7e_motion/cmake/ur7e_motionConfig.cmake
[44.983s] -- Up-to-date symlink: /home/liar/UR7e/ros2_ws/install/ur7e_motion/share/ur7e_motion/cmake/ur7e_motionConfig-version.cmake
[44.983s] -- Up-to-date symlink: /home/liar/UR7e/ros2_ws/install/ur7e_motion/share/ur7e_motion/package.xml
[44.995s] Invoked command in '/home/liar/UR7e/ros2_ws/build/ur7e_motion' returned '0': CMAKE_PREFIX_PATH=${CMAKE_PREFIX_PATH}:/opt/ros/jazzy DEBUGINFOD_URLS=https://debuginfod.ubuntu.com /usr/bin/cmake --install /home/liar/UR7e/ros2_ws/build/ur7e_motion
