[0.838s] DEBUG:colcon:Command line arguments: ['/usr/bin/colcon', 'build', '--packages-select', 'ur7e_motion', 'ur7e_vision', '--symlink-install']
[0.838s] DEBUG:colcon:Parsed command line arguments: Namespace(log_base=None, log_level=None, verb_name='build', build_base='build', install_base='install', merge_install=False, symlink_install=True, test_result_base=None, continue_on_error=False, executor='parallel', parallel_workers=8, event_handlers=None, ignore_user_meta=False, metas=['./colcon.meta'], base_paths=['.'], packages_ignore=None, packages_ignore_regex=None, paths=None, packages_up_to=None, packages_up_to_regex=None, packages_above=None, packages_above_and_dependencies=None, packages_above_depth=None, packages_select_by_dep=None, packages_skip_by_dep=None, packages_skip_up_to=None, packages_select_build_failed=False, packages_skip_build_finished=False, packages_select_test_failures=False, packages_skip_test_passed=False, packages_select=['ur7e_motion', 'ur7e_vision'], packages_skip=None, packages_select_regex=None, packages_skip_regex=None, packages_start=None, packages_end=None, allow_overriding=[], cmake_args=None, cmake_target=None, cmake_target_skip_unavailable=False, cmake_clean_cache=False, cmake_clean_first=False, cmake_force_configure=False, ament_cmake_args=None, catkin_cmake_args=None, catkin_skip_building_tests=False, mixin_files=None, mixin=None, verb_parser=<colcon_mixin.mixin.mixin_argument.MixinArgumentDecorator object at 0x70239b59cef0>, verb_extension=<colcon_core.verb.build.BuildVerb object at 0x70239b59cb30>, main=<bound method BuildVerb.main of <colcon_core.verb.build.BuildVerb object at 0x70239b59cb30>>, mixin_verb=('build',))
[1.116s] Level 1:colcon.colcon_core.package_discovery:discover_packages(colcon_meta) check parameters
[1.116s] Level 1:colcon.colcon_core.package_discovery:discover_packages(recursive) check parameters
[1.116s] Level 1:colcon.colcon_core.package_discovery:discover_packages(ignore) check parameters
[1.116s] Level 1:colcon.colcon_core.package_discovery:discover_packages(path) check parameters
[1.116s] Level 1:colcon.colcon_core.package_discovery:discover_packages(colcon_meta) discover
[1.117s] Level 1:colcon.colcon_core.package_discovery:discover_packages(recursive) discover
[1.117s] INFO:colcon.colcon_core.package_discovery:Crawling recursively for packages in '/home/liar/UR7e/ros2_ws'
[1.117s] Level 1:colcon.colcon_core.package_identification:_identify(.) by extensions ['ignore', 'ignore_ament_install']
[1.117s] Level 1:colcon.colcon_core.package_identification:_identify(.) by extension 'ignore'
[1.117s] Level 1:colcon.colcon_core.package_identification:_identify(.) by extension 'ignore_ament_install'
[1.117s] Level 1:colcon.colcon_core.package_identification:_identify(.) by extensions ['colcon_pkg']
[1.117s] Level 1:colcon.colcon_core.package_identification:_identify(.) by extension 'colcon_pkg'
[1.118s] Level 1:colcon.colcon_core.package_identification:_identify(.) by extensions ['colcon_meta']
[1.118s] Level 1:colcon.colcon_core.package_identification:_identify(.) by extension 'colcon_meta'
[1.118s] Level 1:colcon.colcon_core.package_identification:_identify(.) by extensions ['ros']
[1.118s] Level 1:colcon.colcon_core.package_identification:_identify(.) by extension 'ros'
[1.365s] Level 1:colcon.colcon_core.package_identification:_identify(.) by extensions ['cmake', 'python']
[1.365s] Level 1:colcon.colcon_core.package_identification:_identify(.) by extension 'cmake'
[1.366s] Level 1:colcon.colcon_core.package_identification:_identify(.) by extension 'python'
[1.366s] Level 1:colcon.colcon_core.package_identification:_identify(.) by extensions ['python_setup_py']
[1.366s] Level 1:colcon.colcon_core.package_identification:_identify(.) by extension 'python_setup_py'
[1.366s] Level 1:colcon.colcon_core.package_identification:_identify(build) by extensions ['ignore', 'ignore_ament_install']
[1.367s] Level 1:colcon.colcon_core.package_identification:_identify(build) by extension 'ignore'
[1.367s] Level 1:colcon.colcon_core.package_identification:_identify(build) ignored
[1.367s] Level 1:colcon.colcon_core.package_identification:_identify(install) by extensions ['ignore', 'ignore_ament_install']
[1.367s] Level 1:colcon.colcon_core.package_identification:_identify(install) by extension 'ignore'
[1.368s] Level 1:colcon.colcon_core.package_identification:_identify(install) ignored
[1.368s] Level 1:colcon.colcon_core.package_identification:_identify(log) by extensions ['ignore', 'ignore_ament_install']
[1.369s] Level 1:colcon.colcon_core.package_identification:_identify(log) by extension 'ignore'
[1.372s] Level 1:colcon.colcon_core.package_identification:_identify(log) ignored
[1.373s] Level 1:colcon.colcon_core.package_identification:_identify(src) by extensions ['ignore', 'ignore_ament_install']
[1.373s] Level 1:colcon.colcon_core.package_identification:_identify(src) by extension 'ignore'
[1.373s] Level 1:colcon.colcon_core.package_identification:_identify(src) by extension 'ignore_ament_install'
[1.373s] Level 1:colcon.colcon_core.package_identification:_identify(src) by extensions ['colcon_pkg']
[1.373s] Level 1:colcon.colcon_core.package_identification:_identify(src) by extension 'colcon_pkg'
[1.374s] Level 1:colcon.colcon_core.package_identification:_identify(src) by extensions ['colcon_meta']
[1.374s] Level 1:colcon.colcon_core.package_identification:_identify(src) by extension 'colcon_meta'
[1.374s] Level 1:colcon.colcon_core.package_identification:_identify(src) by extensions ['ros']
[1.374s] Level 1:colcon.colcon_core.package_identification:_identify(src) by extension 'ros'
[1.374s] Level 1:colcon.colcon_core.package_identification:_identify(src) by extensions ['cmake', 'python']
[1.374s] Level 1:colcon.colcon_core.package_identification:_identify(src) by extension 'cmake'
[1.374s] Level 1:colcon.colcon_core.package_identification:_identify(src) by extension 'python'
[1.374s] Level 1:colcon.colcon_core.package_identification:_identify(src) by extensions ['python_setup_py']
[1.374s] Level 1:colcon.colcon_core.package_identification:_identify(src) by extension 'python_setup_py'
[1.375s] Level 1:colcon.colcon_core.package_identification:_identify(src/ur7e_bringup) by extensions ['ignore', 'ignore_ament_install']
[1.375s] Level 1:colcon.colcon_core.package_identification:_identify(src/ur7e_bringup) by extension 'ignore'
[1.375s] Level 1:colcon.colcon_core.package_identification:_identify(src/ur7e_bringup) by extension 'ignore_ament_install'
[1.375s] Level 1:colcon.colcon_core.package_identification:_identify(src/ur7e_bringup) by extensions ['colcon_pkg']
[1.375s] Level 1:colcon.colcon_core.package_identification:_identify(src/ur7e_bringup) by extension 'colcon_pkg'
[1.375s] Level 1:colcon.colcon_core.package_identification:_identify(src/ur7e_bringup) by extensions ['colcon_meta']
[1.375s] Level 1:colcon.colcon_core.package_identification:_identify(src/ur7e_bringup) by extension 'colcon_meta'
[1.375s] Level 1:colcon.colcon_core.package_identification:_identify(src/ur7e_bringup) by extensions ['ros']
[1.375s] Level 1:colcon.colcon_core.package_identification:_identify(src/ur7e_bringup) by extension 'ros'
[1.376s] Level 1:colcon.colcon_core.package_identification:_identify(src/ur7e_bringup) by extensions ['cmake', 'python']
[1.376s] Level 1:colcon.colcon_core.package_identification:_identify(src/ur7e_bringup) by extension 'cmake'
[1.376s] Level 1:colcon.colcon_core.package_identification:_identify(src/ur7e_bringup) by extension 'python'
[1.376s] Level 1:colcon.colcon_core.package_identification:_identify(src/ur7e_bringup) by extensions ['python_setup_py']
[1.376s] Level 1:colcon.colcon_core.package_identification:_identify(src/ur7e_bringup) by extension 'python_setup_py'
[1.376s] Level 1:colcon.colcon_core.package_identification:_identify(src/ur7e_cell_description) by extensions ['ignore', 'ignore_ament_install']
[1.377s] Level 1:colcon.colcon_core.package_identification:_identify(src/ur7e_cell_description) by extension 'ignore'
[1.377s] Level 1:colcon.colcon_core.package_identification:_identify(src/ur7e_cell_description) by extension 'ignore_ament_install'
[1.377s] Level 1:colcon.colcon_core.package_identification:_identify(src/ur7e_cell_description) by extensions ['colcon_pkg']
[1.377s] Level 1:colcon.colcon_core.package_identification:_identify(src/ur7e_cell_description) by extension 'colcon_pkg'
[1.377s] Level 1:colcon.colcon_core.package_identification:_identify(src/ur7e_cell_description) by extensions ['colcon_meta']
[1.377s] Level 1:colcon.colcon_core.package_identification:_identify(src/ur7e_cell_description) by extension 'colcon_meta'
[1.377s] Level 1:colcon.colcon_core.package_identification:_identify(src/ur7e_cell_description) by extensions ['ros']
[1.378s] Level 1:colcon.colcon_core.package_identification:_identify(src/ur7e_cell_description) by extension 'ros'
[1.378s] Level 1:colcon.colcon_core.package_identification:_identify(src/ur7e_cell_description) by extensions ['cmake', 'python']
[1.378s] Level 1:colcon.colcon_core.package_identification:_identify(src/ur7e_cell_description) by extension 'cmake'
[1.378s] Level 1:colcon.colcon_core.package_identification:_identify(src/ur7e_cell_description) by extension 'python'
[1.378s] Level 1:colcon.colcon_core.package_identification:_identify(src/ur7e_cell_description) by extensions ['python_setup_py']
[1.378s] Level 1:colcon.colcon_core.package_identification:_identify(src/ur7e_cell_description) by extension 'python_setup_py'
[1.378s] Level 1:colcon.colcon_core.package_identification:_identify(src/ur7e_motion) by extensions ['ignore', 'ignore_ament_install']
[1.378s] Level 1:colcon.colcon_core.package_identification:_identify(src/ur7e_motion) by extension 'ignore'
[1.379s] Level 1:colcon.colcon_core.package_identification:_identify(src/ur7e_motion) by extension 'ignore_ament_install'
[1.379s] Level 1:colcon.colcon_core.package_identification:_identify(src/ur7e_motion) by extensions ['colcon_pkg']
[1.379s] Level 1:colcon.colcon_core.package_identification:_identify(src/ur7e_motion) by extension 'colcon_pkg'
[1.381s] Level 1:colcon.colcon_core.package_identification:_identify(src/ur7e_motion) by extensions ['colcon_meta']
[1.381s] Level 1:colcon.colcon_core.package_identification:_identify(src/ur7e_motion) by extension 'colcon_meta'
[1.381s] Level 1:colcon.colcon_core.package_identification:_identify(src/ur7e_motion) by extensions ['ros']
[1.382s] Level 1:colcon.colcon_core.package_identification:_identify(src/ur7e_motion) by extension 'ros'
[1.402s] DEBUG:colcon.colcon_core.package_identification:Package 'src/ur7e_motion' with type 'ros.ament_cmake' and name 'ur7e_motion'
[1.403s] Level 1:colcon.colcon_core.package_identification:_identify(src/ur7e_vision) by extensions ['ignore', 'ignore_ament_install']
[1.403s] Level 1:colcon.colcon_core.package_identification:_identify(src/ur7e_vision) by extension 'ignore'
[1.403s] Level 1:colcon.colcon_core.package_identification:_identify(src/ur7e_vision) by extension 'ignore_ament_install'
[1.403s] Level 1:colcon.colcon_core.package_identification:_identify(src/ur7e_vision) by extensions ['colcon_pkg']
[1.403s] Level 1:colcon.colcon_core.package_identification:_identify(src/ur7e_vision) by extension 'colcon_pkg'
[1.403s] Level 1:colcon.colcon_core.package_identification:_identify(src/ur7e_vision) by extensions ['colcon_meta']
[1.403s] Level 1:colcon.colcon_core.package_identification:_identify(src/ur7e_vision) by extension 'colcon_meta'
[1.404s] Level 1:colcon.colcon_core.package_identification:_identify(src/ur7e_vision) by extensions ['ros']
[1.404s] Level 1:colcon.colcon_core.package_identification:_identify(src/ur7e_vision) by extension 'ros'
[1.410s] DEBUG:colcon.colcon_core.package_identification:Package 'src/ur7e_vision' with type 'ros.ament_python' and name 'ur7e_vision'
[1.410s] Level 1:colcon.colcon_core.package_discovery:discover_packages(recursive) using defaults
[1.410s] Level 1:colcon.colcon_core.package_discovery:discover_packages(ignore) discover
[1.411s] Level 1:colcon.colcon_core.package_discovery:discover_packages(ignore) using defaults
[1.411s] Level 1:colcon.colcon_core.package_discovery:discover_packages(path) discover
[1.412s] Level 1:colcon.colcon_core.package_discovery:discover_packages(path) using defaults
[1.534s] Level 1:colcon.colcon_core.package_discovery:discover_packages(prefix_path) check parameters
[1.534s] Level 1:colcon.colcon_core.package_discovery:discover_packages(prefix_path) discover
[1.545s] DEBUG:colcon.colcon_installed_package_information.package_discovery:Found 379 installed packages in /opt/ros/jazzy
[1.553s] Level 1:colcon.colcon_core.package_discovery:discover_packages(prefix_path) using defaults
[1.722s] Level 5:colcon.colcon_core.verb:set package 'ur7e_motion' build argument 'cmake_args' from command line to 'None'
[1.722s] Level 5:colcon.colcon_core.verb:set package 'ur7e_motion' build argument 'cmake_target' from command line to 'None'
[1.722s] Level 5:colcon.colcon_core.verb:set package 'ur7e_motion' build argument 'cmake_target_skip_unavailable' from command line to 'False'
[1.722s] Level 5:colcon.colcon_core.verb:set package 'ur7e_motion' build argument 'cmake_clean_cache' from command line to 'False'
[1.722s] Level 5:colcon.colcon_core.verb:set package 'ur7e_motion' build argument 'cmake_clean_first' from command line to 'False'
[1.722s] Level 5:colcon.colcon_core.verb:set package 'ur7e_motion' build argument 'cmake_force_configure' from command line to 'False'
[1.722s] Level 5:colcon.colcon_core.verb:set package 'ur7e_motion' build argument 'ament_cmake_args' from command line to 'None'
[1.722s] Level 5:colcon.colcon_core.verb:set package 'ur7e_motion' build argument 'catkin_cmake_args' from command line to 'None'
[1.722s] Level 5:colcon.colcon_core.verb:set package 'ur7e_motion' build argument 'catkin_skip_building_tests' from command line to 'False'
[1.722s] DEBUG:colcon.colcon_core.verb:Building package 'ur7e_motion' with the following arguments: {'ament_cmake_args': None, 'build_base': '/home/liar/UR7e/ros2_ws/build/ur7e_motion', 'catkin_cmake_args': None, 'catkin_skip_building_tests': False, 'cmake_args': None, 'cmake_clean_cache': False, 'cmake_clean_first': False, 'cmake_force_configure': False, 'cmake_target': None, 'cmake_target_skip_unavailable': False, 'install_base': '/home/liar/UR7e/ros2_ws/install/ur7e_motion', 'merge_install': False, 'path': '/home/liar/UR7e/ros2_ws/src/ur7e_motion', 'symlink_install': True, 'test_result_base': None}
[1.723s] Level 5:colcon.colcon_core.verb:set package 'ur7e_vision' build argument 'cmake_args' from command line to 'None'
[1.723s] Level 5:colcon.colcon_core.verb:set package 'ur7e_vision' build argument 'cmake_target' from command line to 'None'
[1.723s] Level 5:colcon.colcon_core.verb:set package 'ur7e_vision' build argument 'cmake_target_skip_unavailable' from command line to 'False'
[1.723s] Level 5:colcon.colcon_core.verb:set package 'ur7e_vision' build argument 'cmake_clean_cache' from command line to 'False'
[1.723s] Level 5:colcon.colcon_core.verb:set package 'ur7e_vision' build argument 'cmake_clean_first' from command line to 'False'
[1.723s] Level 5:colcon.colcon_core.verb:set package 'ur7e_vision' build argument 'cmake_force_configure' from command line to 'False'
[1.723s] Level 5:colcon.colcon_core.verb:set package 'ur7e_vision' build argument 'ament_cmake_args' from command line to 'None'
[1.724s] Level 5:colcon.colcon_core.verb:set package 'ur7e_vision' build argument 'catkin_cmake_args' from command line to 'None'
[1.724s] Level 5:colcon.colcon_core.verb:set package 'ur7e_vision' build argument 'catkin_skip_building_tests' from command line to 'False'
[1.724s] DEBUG:colcon.colcon_core.verb:Building package 'ur7e_vision' with the following arguments: {'ament_cmake_args': None, 'build_base': '/home/liar/UR7e/ros2_ws/build/ur7e_vision', 'catkin_cmake_args': None, 'catkin_skip_building_tests': False, 'cmake_args': None, 'cmake_clean_cache': False, 'cmake_clean_first': False, 'cmake_force_configure': False, 'cmake_target': None, 'cmake_target_skip_unavailable': False, 'install_base': '/home/liar/UR7e/ros2_ws/install/ur7e_vision', 'merge_install': False, 'path': '/home/liar/UR7e/ros2_ws/src/ur7e_vision', 'symlink_install': True, 'test_result_base': None}
[1.724s] INFO:colcon.colcon_core.executor:Executing jobs using 'parallel' executor
[1.726s] DEBUG:colcon.colcon_parallel_executor.executor.parallel:run_until_complete
[1.726s] INFO:colcon.colcon_ros.task.ament_cmake.build:Building ROS package in '/home/liar/UR7e/ros2_ws/src/ur7e_motion' with build type 'ament_cmake'
[1.727s] INFO:colcon.colcon_cmake.task.cmake.build:Building CMake package in '/home/liar/UR7e/ros2_ws/src/ur7e_motion'
[1.738s] INFO:colcon.colcon_core.plugin_system:Skipping extension 'colcon_core.shell.bat': Not used on non-Windows systems
[1.738s] INFO:colcon.colcon_core.shell:Skip shell extension 'powershell' for command environment: Not usable outside of PowerShell
[1.738s] DEBUG:colcon.colcon_core.shell:Skip shell extension 'dsv' for command environment
[1.751s] INFO:colcon.colcon_ros.task.ament_python.build:Building ROS package in '/home/liar/UR7e/ros2_ws/src/ur7e_vision' with build type 'ament_python'
[1.751s] Level 1:colcon.colcon_core.shell:create_environment_hook('ur7e_vision', 'ament_prefix_path')
[1.751s] INFO:colcon.colcon_core.shell:Creating environment hook '/home/liar/UR7e/ros2_ws/install/ur7e_vision/share/ur7e_vision/hook/ament_prefix_path.ps1'
[1.753s] INFO:colcon.colcon_core.shell:Creating environment descriptor '/home/liar/UR7e/ros2_ws/install/ur7e_vision/share/ur7e_vision/hook/ament_prefix_path.dsv'
[1.755s] INFO:colcon.colcon_core.shell:Creating environment hook '/home/liar/UR7e/ros2_ws/install/ur7e_vision/share/ur7e_vision/hook/ament_prefix_path.sh'
[1.757s] INFO:colcon.colcon_core.shell:Skip shell extension 'powershell' for command environment: Not usable outside of PowerShell
[1.757s] DEBUG:colcon.colcon_core.shell:Skip shell extension 'dsv' for command environment
[1.785s] DEBUG:colcon.colcon_core.event_handler.log_command:Invoking command in '/home/liar/UR7e/ros2_ws/build/ur7e_motion': CMAKE_PREFIX_PATH=${CMAKE_PREFIX_PATH}:/opt/ros/jazzy DEBUGINFOD_URLS=https://debuginfod.ubuntu.com /usr/bin/cmake --build /home/liar/UR7e/ros2_ws/build/ur7e_motion -- -j8 -l8
[2.453s] INFO:colcon.colcon_core.task.python.build:Building Python package in '/home/liar/UR7e/ros2_ws/src/ur7e_vision'
[2.454s] INFO:colcon.colcon_core.shell:Skip shell extension 'powershell' for command environment: Not usable outside of PowerShell
[2.454s] DEBUG:colcon.colcon_core.shell:Skip shell extension 'dsv' for command environment
[6.065s] DEBUG:colcon.colcon_core.task.python.build:Available setuptools commands: build_scripts, build_ext, develop, saveopts, init_catalog, rotate, bdist, editable_wheel, register, build_clib, bdist_egg, upload_docs, easy_install, install_egg_info, clean, test, symlink_data, check, install, bdist_rpm, build, update_catalog, setopt, install_lib, dist_info, egg_info, install_headers, extract_messages, compile_catalog, upload, install_scripts, bdist_dumb, install_data, alias, sdist, build_py
[7.155s] DEBUG:colcon.colcon_core.task.python.build:Available setuptools 'develop' options: --help, --find-links, --zip-ok, --quiet, --user, --prefix, --always-unzip, --version, --force-installation-into-system-dir, --index-url, --upgrade, --build-directory, --record, --no-find-links, --site-dirs, --editable, --install-layout, --script-dir, --always-copy, --allow-hosts, --exclude-scripts, --dry-run, --egg-path, --no-user-cfg, --no-deps, --local-snapshots-ok, --install-dir, --uninstall, --verbose, --multi-version, --optimize
[7.159s] DEBUG:colcon.colcon_core.event_handler.log_command:Invoking command in '/home/liar/UR7e/ros2_ws/build/ur7e_vision': DEBUGINFOD_URLS=https://debuginfod.ubuntu.com PYTHONPATH=/home/liar/UR7e/ros2_ws/build/ur7e_vision/prefix_override:/usr/lib/python3/dist-packages/colcon_core/task/python/colcon_distutils_commands:/home/liar/UR7e/ros2_ws/install/ur7e_vision/lib/python3.12/site-packages:${PYTHONPATH} /usr/bin/python3 -W ignore:setup.py install is deprecated -W ignore:easy_install command is deprecated setup.py develop --editable --build-directory /home/liar/UR7e/ros2_ws/build/ur7e_vision/build --no-deps symlink_data
[9.995s] Level 1:colcon.colcon_core.shell:create_environment_hook('ur7e_vision', 'pythonpath_develop')
[9.996s] INFO:colcon.colcon_core.shell:Creating environment hook '/home/liar/UR7e/ros2_ws/build/ur7e_vision/share/ur7e_vision/hook/pythonpath_develop.ps1'
[9.995s] DEBUG:colcon.colcon_core.event_handler.log_command:Invoked command in '/home/liar/UR7e/ros2_ws/build/ur7e_vision' returned '0': DEBUGINFOD_URLS=https://debuginfod.ubuntu.com PYTHONPATH=/home/liar/UR7e/ros2_ws/build/ur7e_vision/prefix_override:/usr/lib/python3/dist-packages/colcon_core/task/python/colcon_distutils_commands:/home/liar/UR7e/ros2_ws/install/ur7e_vision/lib/python3.12/site-packages:${PYTHONPATH} /usr/bin/python3 -W ignore:setup.py install is deprecated -W ignore:easy_install command is deprecated setup.py develop --editable --build-directory /home/liar/UR7e/ros2_ws/build/ur7e_vision/build --no-deps symlink_data
[9.999s] INFO:colcon.colcon_core.shell:Creating environment descriptor '/home/liar/UR7e/ros2_ws/build/ur7e_vision/share/ur7e_vision/hook/pythonpath_develop.dsv'
[10.007s] INFO:colcon.colcon_core.shell:Creating environment hook '/home/liar/UR7e/ros2_ws/build/ur7e_vision/share/ur7e_vision/hook/pythonpath_develop.sh'
[10.029s] Level 1:colcon.colcon_core.environment:checking '/home/liar/UR7e/ros2_ws/install/ur7e_vision' for CMake module files
[10.030s] Level 1:colcon.colcon_core.environment:checking '/home/liar/UR7e/ros2_ws/install/ur7e_vision' for CMake config files
[10.034s] Level 1:colcon.colcon_core.environment:checking '/home/liar/UR7e/ros2_ws/install/ur7e_vision/lib'
[10.035s] Level 1:colcon.colcon_core.environment:checking '/home/liar/UR7e/ros2_ws/install/ur7e_vision/bin'
[10.035s] Level 1:colcon.colcon_core.environment:checking '/home/liar/UR7e/ros2_ws/install/ur7e_vision/lib/pkgconfig/ur7e_vision.pc'
[10.037s] Level 1:colcon.colcon_core.environment:checking '/home/liar/UR7e/ros2_ws/install/ur7e_vision/lib/python3.12/site-packages'
[10.038s] Level 1:colcon.colcon_core.shell:create_environment_hook('ur7e_vision', 'pythonpath')
[10.040s] INFO:colcon.colcon_core.shell:Creating environment hook '/home/liar/UR7e/ros2_ws/install/ur7e_vision/share/ur7e_vision/hook/pythonpath.ps1'
[10.042s] INFO:colcon.colcon_core.shell:Creating environment descriptor '/home/liar/UR7e/ros2_ws/install/ur7e_vision/share/ur7e_vision/hook/pythonpath.dsv'
[10.044s] INFO:colcon.colcon_core.shell:Creating environment hook '/home/liar/UR7e/ros2_ws/install/ur7e_vision/share/ur7e_vision/hook/pythonpath.sh'
[10.045s] Level 1:colcon.colcon_core.environment:checking '/home/liar/UR7e/ros2_ws/install/ur7e_vision/bin'
[10.045s] Level 1:colcon.colcon_core.environment:create_environment_scripts_only(ur7e_vision)
[10.045s] INFO:colcon.colcon_core.shell:Creating package script '/home/liar/UR7e/ros2_ws/install/ur7e_vision/share/ur7e_vision/package.ps1'
[10.048s] INFO:colcon.colcon_core.shell:Creating package descriptor '/home/liar/UR7e/ros2_ws/install/ur7e_vision/share/ur7e_vision/package.dsv'
[10.050s] INFO:colcon.colcon_core.shell:Creating package script '/home/liar/UR7e/ros2_ws/install/ur7e_vision/share/ur7e_vision/package.sh'
[10.052s] INFO:colcon.colcon_core.shell:Creating package script '/home/liar/UR7e/ros2_ws/install/ur7e_vision/share/ur7e_vision/package.bash'
[10.056s] INFO:colcon.colcon_core.shell:Creating package script '/home/liar/UR7e/ros2_ws/install/ur7e_vision/share/ur7e_vision/package.zsh'
[10.059s] Level 1:colcon.colcon_core.environment:create_file_with_runtime_dependencies(/home/liar/UR7e/ros2_ws/install/ur7e_vision/share/colcon-core/packages/ur7e_vision)
[33.855s] DEBUG:colcon.colcon_core.event_handler.log_command:Invoked command in '/home/liar/UR7e/ros2_ws/build/ur7e_motion' returned '0': CMAKE_PREFIX_PATH=${CMAKE_PREFIX_PATH}:/opt/ros/jazzy DEBUGINFOD_URLS=https://debuginfod.ubuntu.com /usr/bin/cmake --build /home/liar/UR7e/ros2_ws/build/ur7e_motion -- -j8 -l8
[33.897s] DEBUG:colcon.colcon_core.event_handler.log_command:Invoking command in '/home/liar/UR7e/ros2_ws/build/ur7e_motion': CMAKE_PREFIX_PATH=${CMAKE_PREFIX_PATH}:/opt/ros/jazzy DEBUGINFOD_URLS=https://debuginfod.ubuntu.com /usr/bin/cmake --install /home/liar/UR7e/ros2_ws/build/ur7e_motion
[34.005s] Level 1:colcon.colcon_core.environment:create_environment_scripts_only(ur7e_motion)
[34.007s] Level 1:colcon.colcon_core.environment:checking '/home/liar/UR7e/ros2_ws/install/ur7e_motion' for CMake module files
[34.008s] DEBUG:colcon.colcon_core.event_handler.log_command:Invoked command in '/home/liar/UR7e/ros2_ws/build/ur7e_motion' returned '0': CMAKE_PREFIX_PATH=${CMAKE_PREFIX_PATH}:/opt/ros/jazzy DEBUGINFOD_URLS=https://debuginfod.ubuntu.com /usr/bin/cmake --install /home/liar/UR7e/ros2_ws/build/ur7e_motion
[34.010s] Level 1:colcon.colcon_core.environment:checking '/home/liar/UR7e/ros2_ws/install/ur7e_motion' for CMake config files
[34.015s] Level 1:colcon.colcon_core.shell:create_environment_hook('ur7e_motion', 'cmake_prefix_path')
[34.015s] INFO:colcon.colcon_core.shell:Creating environment hook '/home/liar/UR7e/ros2_ws/install/ur7e_motion/share/ur7e_motion/hook/cmake_prefix_path.ps1'
[34.017s] INFO:colcon.colcon_core.shell:Creating environment descriptor '/home/liar/UR7e/ros2_ws/install/ur7e_motion/share/ur7e_motion/hook/cmake_prefix_path.dsv'
[34.019s] INFO:colcon.colcon_core.shell:Creating environment hook '/home/liar/UR7e/ros2_ws/install/ur7e_motion/share/ur7e_motion/hook/cmake_prefix_path.sh'
[34.021s] Level 1:colcon.colcon_core.environment:checking '/home/liar/UR7e/ros2_ws/install/ur7e_motion/lib'
[34.022s] Level 1:colcon.colcon_core.environment:checking '/home/liar/UR7e/ros2_ws/install/ur7e_motion/bin'
[34.022s] Level 1:colcon.colcon_core.environment:checking '/home/liar/UR7e/ros2_ws/install/ur7e_motion/lib/pkgconfig/ur7e_motion.pc'
[34.022s] Level 1:colcon.colcon_core.environment:checking '/home/liar/UR7e/ros2_ws/install/ur7e_motion/lib/python3.12/site-packages'
[34.023s] Level 1:colcon.colcon_core.environment:checking '/home/liar/UR7e/ros2_ws/install/ur7e_motion/bin'
[34.023s] INFO:colcon.colcon_core.shell:Creating package script '/home/liar/UR7e/ros2_ws/install/ur7e_motion/share/ur7e_motion/package.ps1'
[34.024s] INFO:colcon.colcon_core.shell:Creating package descriptor '/home/liar/UR7e/ros2_ws/install/ur7e_motion/share/ur7e_motion/package.dsv'
[34.027s] INFO:colcon.colcon_core.shell:Creating package script '/home/liar/UR7e/ros2_ws/install/ur7e_motion/share/ur7e_motion/package.sh'
[34.031s] INFO:colcon.colcon_core.shell:Creating package script '/home/liar/UR7e/ros2_ws/install/ur7e_motion/share/ur7e_motion/package.bash'
[34.035s] INFO:colcon.colcon_core.shell:Creating package script '/home/liar/UR7e/ros2_ws/install/ur7e_motion/share/ur7e_motion/package.zsh'
[34.036s] Level 1:colcon.colcon_core.environment:create_file_with_runtime_dependencies(/home/liar/UR7e/ros2_ws/install/ur7e_motion/share/colcon-core/packages/ur7e_motion)
[34.037s] Level 1:colcon.colcon_core.environment:create_environment_scripts_only(ur7e_motion)
[34.037s] Level 1:colcon.colcon_core.environment:checking '/home/liar/UR7e/ros2_ws/install/ur7e_motion' for CMake module files
[34.039s] Level 1:colcon.colcon_core.environment:checking '/home/liar/UR7e/ros2_ws/install/ur7e_motion' for CMake config files
[34.040s] Level 1:colcon.colcon_core.shell:create_environment_hook('ur7e_motion', 'cmake_prefix_path')
[34.040s] INFO:colcon.colcon_core.shell:Creating environment hook '/home/liar/UR7e/ros2_ws/install/ur7e_motion/share/ur7e_motion/hook/cmake_prefix_path.ps1'
[34.041s] INFO:colcon.colcon_core.shell:Creating environment descriptor '/home/liar/UR7e/ros2_ws/install/ur7e_motion/share/ur7e_motion/hook/cmake_prefix_path.dsv'
[34.041s] INFO:colcon.colcon_core.shell:Creating environment hook '/home/liar/UR7e/ros2_ws/install/ur7e_motion/share/ur7e_motion/hook/cmake_prefix_path.sh'
[34.042s] Level 1:colcon.colcon_core.environment:checking '/home/liar/UR7e/ros2_ws/install/ur7e_motion/lib'
[34.043s] Level 1:colcon.colcon_core.environment:checking '/home/liar/UR7e/ros2_ws/install/ur7e_motion/bin'
[34.043s] Level 1:colcon.colcon_core.environment:checking '/home/liar/UR7e/ros2_ws/install/ur7e_motion/lib/pkgconfig/ur7e_motion.pc'
[34.043s] Level 1:colcon.colcon_core.environment:checking '/home/liar/UR7e/ros2_ws/install/ur7e_motion/lib/python3.12/site-packages'
[34.044s] Level 1:colcon.colcon_core.environment:checking '/home/liar/UR7e/ros2_ws/install/ur7e_motion/bin'
[34.044s] INFO:colcon.colcon_core.shell:Creating package script '/home/liar/UR7e/ros2_ws/install/ur7e_motion/share/ur7e_motion/package.ps1'
[34.045s] INFO:colcon.colcon_core.shell:Creating package descriptor '/home/liar/UR7e/ros2_ws/install/ur7e_motion/share/ur7e_motion/package.dsv'
[34.047s] INFO:colcon.colcon_core.shell:Creating package script '/home/liar/UR7e/ros2_ws/install/ur7e_motion/share/ur7e_motion/package.sh'
[34.049s] INFO:colcon.colcon_core.shell:Creating package script '/home/liar/UR7e/ros2_ws/install/ur7e_motion/share/ur7e_motion/package.bash'
[34.050s] INFO:colcon.colcon_core.shell:Creating package script '/home/liar/UR7e/ros2_ws/install/ur7e_motion/share/ur7e_motion/package.zsh'
[34.051s] Level 1:colcon.colcon_core.environment:create_file_with_runtime_dependencies(/home/liar/UR7e/ros2_ws/install/ur7e_motion/share/colcon-core/packages/ur7e_motion)
[34.052s] DEBUG:colcon.colcon_parallel_executor.executor.parallel:closing loop
[34.053s] DEBUG:colcon.colcon_parallel_executor.executor.parallel:loop closed
[34.054s] DEBUG:colcon.colcon_parallel_executor.executor.parallel:run_until_complete finished with '0'
[34.054s] DEBUG:colcon.colcon_core.event_reactor:joining thread
[34.091s] INFO:colcon.colcon_core.plugin_system:Skipping extension 'colcon_notification.desktop_notification.terminal_notifier': Not used on non-Darwin systems
[34.091s] INFO:colcon.colcon_core.plugin_system:Skipping extension 'colcon_notification.desktop_notification.win32': Not used on non-Windows systems
[34.091s] INFO:colcon.colcon_notification.desktop_notification:Sending desktop notification using 'notify2'
[34.262s] DEBUG:colcon.colcon_core.event_reactor:joined thread
[34.263s] INFO:colcon.colcon_core.shell:Creating prefix script '/home/liar/UR7e/ros2_ws/install/local_setup.ps1'
[34.265s] INFO:colcon.colcon_core.shell:Creating prefix util module '/home/liar/UR7e/ros2_ws/install/_local_setup_util_ps1.py'
[34.268s] INFO:colcon.colcon_core.shell:Creating prefix chain script '/home/liar/UR7e/ros2_ws/install/setup.ps1'
[34.270s] INFO:colcon.colcon_core.shell:Creating prefix script '/home/liar/UR7e/ros2_ws/install/local_setup.sh'
[34.276s] INFO:colcon.colcon_core.shell:Creating prefix util module '/home/liar/UR7e/ros2_ws/install/_local_setup_util_sh.py'
[34.279s] INFO:colcon.colcon_core.shell:Creating prefix chain script '/home/liar/UR7e/ros2_ws/install/setup.sh'
[34.293s] INFO:colcon.colcon_core.shell:Creating prefix script '/home/liar/UR7e/ros2_ws/install/local_setup.bash'
[34.298s] INFO:colcon.colcon_core.shell:Creating prefix chain script '/home/liar/UR7e/ros2_ws/install/setup.bash'
[34.303s] INFO:colcon.colcon_core.shell:Creating prefix script '/home/liar/UR7e/ros2_ws/install/local_setup.zsh'
[34.305s] INFO:colcon.colcon_core.shell:Creating prefix chain script '/home/liar/UR7e/ros2_ws/install/setup.zsh'
