[0.067s] Invoking command in '/home/liar/UR7e/ros2_ws/build/ur7e_motion': CMAKE_PREFIX_PATH=${CMAKE_PREFIX_PATH}:/opt/ros/jazzy DEBUGINFOD_URLS=https://debuginfod.ubuntu.com /usr/bin/cmake --build /home/liar/UR7e/ros2_ws/build/ur7e_motion -- -j16 -l16
[0.206s] -- Found ament_cmake: 2.5.6 (/opt/ros/jazzy/share/ament_cmake/cmake)
[0.693s] -- Override CMake install command with custom implementation using symlinks instead of copying resources
[0.796s] -- Found rclcpp: 28.1.21 (/opt/ros/jazzy/share/rclcpp/cmake)
[1.038s] -- Found rosidl_generator_c: 4.6.9 (/opt/ros/jazzy/share/rosidl_generator_c/cmake)
[1.127s] -- Found rosidl_generator_cpp: 4.6.9 (/opt/ros/jazzy/share/rosidl_generator_cpp/cmake)
[1.206s] -- Using all available rosidl_typesupport_c: rosidl_typesupport_fastrtps_c;rosidl_typesupport_introspection_c
[1.317s] -- Using all available rosidl_typesupport_cpp: rosidl_typesupport_fastrtps_cpp;rosidl_typesupport_introspection_cpp
[1.737s] -- Found rmw_implementation_cmake: 7.3.3 (/opt/ros/jazzy/share/rmw_implementation_cmake/cmake)
[1.743s] -- Found rmw_fastrtps_cpp: 8.4.4 (/opt/ros/jazzy/share/rmw_fastrtps_cpp/cmake)
[2.137s] -- Using RMW implementation 'rmw_fastrtps_cpp' as default
[2.521s] -- Found geometry_msgs: 5.3.8 (/opt/ros/jazzy/share/geometry_msgs/cmake)
[2.643s] -- Found std_srvs: 5.3.8 (/opt/ros/jazzy/share/std_srvs/cmake)
[2.727s] -- Found ur_msgs: 2.5.0 (/opt/ros/jazzy/share/ur_msgs/cmake)
[3.211s] -- Found moveit_ros_planning_interface: 2.12.4 (/opt/ros/jazzy/share/moveit_ros_planning_interface/cmake)
[3.304s] -- Found Boost: /usr/lib/x86_64-linux-gnu/cmake/Boost-1.83.0/BoostConfig.cmake (found version "1.83.0") found components: date_time filesystem program_options system thread 
[3.741s] -- Found Boost: /usr/lib/x86_64-linux-gnu/cmake/Boost-1.83.0/BoostConfig.cmake (found version "1.83.0") found components: chrono date_time filesystem iostreams program_options regex serialization system thread 
[3.943s] -- Found parameter_traits: 0.7.3 (/opt/ros/jazzy/share/parameter_traits/cmake)
[3.998s] [0mCMake Deprecation Warning at /opt/ros/jazzy/share/tl_expected/cmake/tl_expectedConfig.cmake:37 (message):
[3.999s]   Package 'tl_expected' is deprecated (This package will be removed in ROS 2
[3.999s]   Lyrical Luth.
[3.999s] 
[3.999s]         Use tl/expected.hpp from libexpected-dev,
[3.999s]         or rcpputils/tl_expected/expected.hpp if the system header is not available)
[4.000s] Call Stack (most recent call first):
[4.000s]   /opt/ros/jazzy/share/parameter_traits/cmake/ament_cmake_export_dependencies-extras.cmake:21 (find_package)
[4.000s]   /opt/ros/jazzy/share/parameter_traits/cmake/parameter_traitsConfig.cmake:41 (include)
[4.000s]   /opt/ros/jazzy/share/generate_parameter_library/cmake/generate_parameter_library-extras.cmake:30 (find_package)
[4.000s]   /opt/ros/jazzy/share/generate_parameter_library/cmake/generate_parameter_libraryConfig.cmake:41 (include)
[4.001s]   /opt/ros/jazzy/share/moveit_core/cmake/ament_cmake_export_dependencies-extras.cmake:21 (find_package)
[4.001s]   /opt/ros/jazzy/share/moveit_core/cmake/moveit_coreConfig.cmake:41 (include)
[4.001s]   /opt/ros/jazzy/share/moveit_ros_planning_interface/cmake/ament_cmake_export_dependencies-extras.cmake:21 (find_package)
[4.001s]   /opt/ros/jazzy/share/moveit_ros_planning_interface/cmake/moveit_ros_planning_interfaceConfig.cmake:41 (include)
[4.001s]   CMakeLists.txt:19 (find_package)
[4.002s] 
[4.002s] [0m
[4.006s] -- Found rclcpp_lifecycle: 28.1.21 (/opt/ros/jazzy/share/rclcpp_lifecycle/cmake)
[4.370s] -- Ensuring Eigen3 include directory is part of orocos-kdl CMake target
[5.178s] -- Found Boost: /usr/lib/x86_64-linux-gnu/cmake/Boost-1.83.0/BoostConfig.cmake (found version "1.83.0") found components: system filesystem date_time program_options thread chrono 
[5.291s] -- Found Boost: /usr/lib/x86_64-linux-gnu/cmake/Boost-1.83.0/BoostConfig.cmake (found version "1.83.0") found components: thread system filesystem regex date_time program_options 
[5.361s] -- Found Boost: /usr/lib/x86_64-linux-gnu/cmake/Boost-1.83.0/BoostConfig.cmake (found version "1.83.0") found components: system filesystem date_time program_options thread 
[5.616s] -- Configuring done (5.5s)
[5.787s] -- Generating done (0.1s)
[5.805s] -- Build files have been written to: /home/liar/UR7e/ros2_ws/build/ur7e_motion
[5.875s] [ 33%] [32mBuilding CXX object CMakeFiles/gripper_io_node.dir/src/gripper_io_node.cpp.o[0m
[5.876s] [ 33%] [32mBuilding CXX object CMakeFiles/pick_task_node.dir/src/pick_task_node.cpp.o[0m
[5.900s] [ 50%] [32mBuilding CXX object CMakeFiles/target_motion_node.dir/src/target_motion_node.cpp.o[0m
[18.987s] [ 66%] [32m[1mLinking CXX executable gripper_io_node[0m
[19.556s] [ 66%] Built target gripper_io_node
[23.888s] [ 83%] [32m[1mLinking CXX executable pick_task_node[0m
[24.448s] [ 83%] Built target pick_task_node
[25.565s] [100%] [32m[1mLinking CXX executable target_motion_node[0m
[26.335s] [100%] Built target target_motion_node
[26.351s] Invoked command in '/home/liar/UR7e/ros2_ws/build/ur7e_motion' returned '0': CMAKE_PREFIX_PATH=${CMAKE_PREFIX_PATH}:/opt/ros/jazzy DEBUGINFOD_URLS=https://debuginfod.ubuntu.com /usr/bin/cmake --build /home/liar/UR7e/ros2_ws/build/ur7e_motion -- -j16 -l16
[26.387s] Invoking command in '/home/liar/UR7e/ros2_ws/build/ur7e_motion': CMAKE_PREFIX_PATH=${CMAKE_PREFIX_PATH}:/opt/ros/jazzy DEBUGINFOD_URLS=https://debuginfod.ubuntu.com /usr/bin/cmake --install /home/liar/UR7e/ros2_ws/build/ur7e_motion
[26.405s] -- Install configuration: ""
[26.405s] -- Execute custom install script
[26.405s] -- Up-to-date symlink: /home/liar/UR7e/ros2_ws/install/ur7e_motion/lib/ur7e_motion/target_motion_node
[26.406s] -- Up-to-date symlink: /home/liar/UR7e/ros2_ws/install/ur7e_motion/lib/ur7e_motion/gripper_io_node
[26.406s] -- Up-to-date symlink: /home/liar/UR7e/ros2_ws/install/ur7e_motion/lib/ur7e_motion/pick_task_node
[26.407s] -- Up-to-date symlink: /home/liar/UR7e/ros2_ws/install/ur7e_motion/share/ur7e_motion/config/motion.yaml
[26.407s] -- Up-to-date symlink: /home/liar/UR7e/ros2_ws/install/ur7e_motion/share/ament_index/resource_index/package_run_dependencies/ur7e_motion
[26.408s] -- Up-to-date symlink: /home/liar/UR7e/ros2_ws/install/ur7e_motion/share/ament_index/resource_index/parent_prefix_path/ur7e_motion
[26.408s] -- Up-to-date symlink: /home/liar/UR7e/ros2_ws/install/ur7e_motion/share/ur7e_motion/environment/ament_prefix_path.sh
[26.408s] -- Up-to-date symlink: /home/liar/UR7e/ros2_ws/install/ur7e_motion/share/ur7e_motion/environment/ament_prefix_path.dsv
[26.408s] -- Up-to-date symlink: /home/liar/UR7e/ros2_ws/install/ur7e_motion/share/ur7e_motion/environment/path.sh
[26.409s] -- Up-to-date symlink: /home/liar/UR7e/ros2_ws/install/ur7e_motion/share/ur7e_motion/environment/path.dsv
[26.409s] -- Up-to-date symlink: /home/liar/UR7e/ros2_ws/install/ur7e_motion/share/ur7e_motion/local_setup.bash
[26.409s] -- Up-to-date symlink: /home/liar/UR7e/ros2_ws/install/ur7e_motion/share/ur7e_motion/local_setup.sh
[26.409s] -- Up-to-date symlink: /home/liar/UR7e/ros2_ws/install/ur7e_motion/share/ur7e_motion/local_setup.zsh
[26.409s] -- Up-to-date symlink: /home/liar/UR7e/ros2_ws/install/ur7e_motion/share/ur7e_motion/local_setup.dsv
[26.410s] -- Symlinking: /home/liar/UR7e/ros2_ws/install/ur7e_motion/share/ur7e_motion/package.dsv
[26.422s] -- Up-to-date symlink: /home/liar/UR7e/ros2_ws/install/ur7e_motion/share/ament_index/resource_index/packages/ur7e_motion
[26.422s] -- Up-to-date symlink: /home/liar/UR7e/ros2_ws/install/ur7e_motion/share/ur7e_motion/cmake/ur7e_motionConfig.cmake
[26.422s] -- Up-to-date symlink: /home/liar/UR7e/ros2_ws/install/ur7e_motion/share/ur7e_motion/cmake/ur7e_motionConfig-version.cmake
[26.423s] -- Up-to-date symlink: /home/liar/UR7e/ros2_ws/install/ur7e_motion/share/ur7e_motion/package.xml
[26.425s] Invoked command in '/home/liar/UR7e/ros2_ws/build/ur7e_motion' returned '0': CMAKE_PREFIX_PATH=${CMAKE_PREFIX_PATH}:/opt/ros/jazzy DEBUGINFOD_URLS=https://debuginfod.ubuntu.com /usr/bin/cmake --install /home/liar/UR7e/ros2_ws/build/ur7e_motion
