[0.200s] DEBUG:colcon:Command line arguments: ['/usr/bin/colcon', 'build', '--packages-select', 'ur7e_vision', '--symlink-install']
[0.200s] DEBUG:colcon:Parsed command line arguments: Namespace(log_base=None, log_level=None, verb_name='build', build_base='build', install_base='install', merge_install=False, symlink_install=True, test_result_base=None, continue_on_error=False, executor='parallel', parallel_workers=8, event_handlers=None, ignore_user_meta=False, metas=['./colcon.meta'], base_paths=['.'], packages_ignore=None, packages_ignore_regex=None, paths=None, packages_up_to=None, packages_up_to_regex=None, packages_above=None, packages_above_and_dependencies=None, packages_above_depth=None, packages_select_by_dep=None, packages_skip_by_dep=None, packages_skip_up_to=None, packages_select_build_failed=False, packages_skip_build_finished=False, packages_select_test_failures=False, packages_skip_test_passed=False, packages_select=['ur7e_vision'], packages_skip=None, packages_select_regex=None, packages_skip_regex=None, packages_start=None, packages_end=None, allow_overriding=[], cmake_args=None, cmake_target=None, cmake_target_skip_unavailable=False, cmake_clean_cache=False, cmake_clean_first=False, cmake_force_configure=False, ament_cmake_args=None, catkin_cmake_args=None, catkin_skip_building_tests=False, mixin_files=None, mixin=None, verb_parser=<colcon_mixin.mixin.mixin_argument.MixinArgumentDecorator object at 0x70a8afda0e60>, verb_extension=<colcon_core.verb.build.BuildVerb object at 0x70a8afda0aa0>, main=<bound method BuildVerb.main of <colcon_core.verb.build.BuildVerb object at 0x70a8afda0aa0>>, mixin_verb=('build',))
[0.365s] Level 1:colcon.colcon_core.package_discovery:discover_packages(colcon_meta) check parameters
[0.365s] Level 1:colcon.colcon_core.package_discovery:discover_packages(recursive) check parameters
[0.365s] Level 1:colcon.colcon_core.package_discovery:discover_packages(ignore) check parameters
[0.365s] Level 1:colcon.colcon_core.package_discovery:discover_packages(path) check parameters
[0.365s] Level 1:colcon.colcon_core.package_discovery:discover_packages(colcon_meta) discover
[0.366s] Level 1:colcon.colcon_core.package_discovery:discover_packages(recursive) discover
[0.366s] INFO:colcon.colcon_core.package_discovery:Crawling recursively for packages in '/home/liar/UR7e'
[0.366s] Level 1:colcon.colcon_core.package_identification:_identify(.) by extensions ['ignore', 'ignore_ament_install']
[0.366s] Level 1:colcon.colcon_core.package_identification:_identify(.) by extension 'ignore'
[0.366s] Level 1:colcon.colcon_core.package_identification:_identify(.) by extension 'ignore_ament_install'
[0.366s] Level 1:colcon.colcon_core.package_identification:_identify(.) by extensions ['colcon_pkg']
[0.366s] Level 1:colcon.colcon_core.package_identification:_identify(.) by extension 'colcon_pkg'
[0.366s] Level 1:colcon.colcon_core.package_identification:_identify(.) by extensions ['colcon_meta']
[0.366s] Level 1:colcon.colcon_core.package_identification:_identify(.) by extension 'colcon_meta'
[0.366s] Level 1:colcon.colcon_core.package_identification:_identify(.) by extensions ['ros']
[0.366s] Level 1:colcon.colcon_core.package_identification:_identify(.) by extension 'ros'
[0.413s] Level 1:colcon.colcon_core.package_identification:_identify(.) by extensions ['cmake', 'python']
[0.413s] Level 1:colcon.colcon_core.package_identification:_identify(.) by extension 'cmake'
[0.413s] Level 1:colcon.colcon_core.package_identification:_identify(.) by extension 'python'
[0.414s] Level 1:colcon.colcon_core.package_identification:_identify(.) by extensions ['python_setup_py']
[0.414s] Level 1:colcon.colcon_core.package_identification:_identify(.) by extension 'python_setup_py'
[0.414s] Level 1:colcon.colcon_core.package_identification:_identify(build) by extensions ['ignore', 'ignore_ament_install']
[0.414s] Level 1:colcon.colcon_core.package_identification:_identify(build) by extension 'ignore'
[0.414s] Level 1:colcon.colcon_core.package_identification:_identify(build) ignored
[0.414s] Level 1:colcon.colcon_core.package_identification:_identify(calibration) by extensions ['ignore', 'ignore_ament_install']
[0.414s] Level 1:colcon.colcon_core.package_identification:_identify(calibration) by extension 'ignore'
[0.414s] Level 1:colcon.colcon_core.package_identification:_identify(calibration) by extension 'ignore_ament_install'
[0.414s] Level 1:colcon.colcon_core.package_identification:_identify(calibration) by extensions ['colcon_pkg']
[0.414s] Level 1:colcon.colcon_core.package_identification:_identify(calibration) by extension 'colcon_pkg'
[0.415s] Level 1:colcon.colcon_core.package_identification:_identify(calibration) by extensions ['colcon_meta']
[0.415s] Level 1:colcon.colcon_core.package_identification:_identify(calibration) by extension 'colcon_meta'
[0.415s] Level 1:colcon.colcon_core.package_identification:_identify(calibration) by extensions ['ros']
[0.415s] Level 1:colcon.colcon_core.package_identification:_identify(calibration) by extension 'ros'
[0.415s] Level 1:colcon.colcon_core.package_identification:_identify(calibration) by extensions ['cmake', 'python']
[0.415s] Level 1:colcon.colcon_core.package_identification:_identify(calibration) by extension 'cmake'
[0.415s] Level 1:colcon.colcon_core.package_identification:_identify(calibration) by extension 'python'
[0.415s] Level 1:colcon.colcon_core.package_identification:_identify(calibration) by extensions ['python_setup_py']
[0.415s] Level 1:colcon.colcon_core.package_identification:_identify(calibration) by extension 'python_setup_py'
[0.415s] Level 1:colcon.colcon_core.package_identification:_identify(config) by extensions ['ignore', 'ignore_ament_install']
[0.415s] Level 1:colcon.colcon_core.package_identification:_identify(config) by extension 'ignore'
[0.416s] Level 1:colcon.colcon_core.package_identification:_identify(config) by extension 'ignore_ament_install'
[0.416s] Level 1:colcon.colcon_core.package_identification:_identify(config) by extensions ['colcon_pkg']
[0.416s] Level 1:colcon.colcon_core.package_identification:_identify(config) by extension 'colcon_pkg'
[0.416s] Level 1:colcon.colcon_core.package_identification:_identify(config) by extensions ['colcon_meta']
[0.416s] Level 1:colcon.colcon_core.package_identification:_identify(config) by extension 'colcon_meta'
[0.416s] Level 1:colcon.colcon_core.package_identification:_identify(config) by extensions ['ros']
[0.416s] Level 1:colcon.colcon_core.package_identification:_identify(config) by extension 'ros'
[0.416s] Level 1:colcon.colcon_core.package_identification:_identify(config) by extensions ['cmake', 'python']
[0.416s] Level 1:colcon.colcon_core.package_identification:_identify(config) by extension 'cmake'
[0.416s] Level 1:colcon.colcon_core.package_identification:_identify(config) by extension 'python'
[0.416s] Level 1:colcon.colcon_core.package_identification:_identify(config) by extensions ['python_setup_py']
[0.416s] Level 1:colcon.colcon_core.package_identification:_identify(config) by extension 'python_setup_py'
[0.416s] Level 1:colcon.colcon_core.package_identification:_identify(install) by extensions ['ignore', 'ignore_ament_install']
[0.416s] Level 1:colcon.colcon_core.package_identification:_identify(install) by extension 'ignore'
[0.416s] Level 1:colcon.colcon_core.package_identification:_identify(install) ignored
[0.417s] Level 1:colcon.colcon_core.package_identification:_identify(log) by extensions ['ignore', 'ignore_ament_install']
[0.417s] Level 1:colcon.colcon_core.package_identification:_identify(log) by extension 'ignore'
[0.417s] Level 1:colcon.colcon_core.package_identification:_identify(log) ignored
[0.417s] Level 1:colcon.colcon_core.package_identification:_identify(logs) by extensions ['ignore', 'ignore_ament_install']
[0.417s] Level 1:colcon.colcon_core.package_identification:_identify(logs) by extension 'ignore'
[0.417s] Level 1:colcon.colcon_core.package_identification:_identify(logs) by extension 'ignore_ament_install'
[0.417s] Level 1:colcon.colcon_core.package_identification:_identify(logs) by extensions ['colcon_pkg']
[0.417s] Level 1:colcon.colcon_core.package_identification:_identify(logs) by extension 'colcon_pkg'
[0.417s] Level 1:colcon.colcon_core.package_identification:_identify(logs) by extensions ['colcon_meta']
[0.417s] Level 1:colcon.colcon_core.package_identification:_identify(logs) by extension 'colcon_meta'
[0.417s] Level 1:colcon.colcon_core.package_identification:_identify(logs) by extensions ['ros']
[0.417s] Level 1:colcon.colcon_core.package_identification:_identify(logs) by extension 'ros'
[0.417s] Level 1:colcon.colcon_core.package_identification:_identify(logs) by extensions ['cmake', 'python']
[0.417s] Level 1:colcon.colcon_core.package_identification:_identify(logs) by extension 'cmake'
[0.418s] Level 1:colcon.colcon_core.package_identification:_identify(logs) by extension 'python'
[0.418s] Level 1:colcon.colcon_core.package_identification:_identify(logs) by extensions ['python_setup_py']
[0.418s] Level 1:colcon.colcon_core.package_identification:_identify(logs) by extension 'python_setup_py'
[0.418s] Level 1:colcon.colcon_core.package_identification:_identify(ros2_ws) by extensions ['ignore', 'ignore_ament_install']
[0.418s] Level 1:colcon.colcon_core.package_identification:_identify(ros2_ws) by extension 'ignore'
[0.418s] Level 1:colcon.colcon_core.package_identification:_identify(ros2_ws) by extension 'ignore_ament_install'
[0.418s] Level 1:colcon.colcon_core.package_identification:_identify(ros2_ws) by extensions ['colcon_pkg']
[0.418s] Level 1:colcon.colcon_core.package_identification:_identify(ros2_ws) by extension 'colcon_pkg'
[0.418s] Level 1:colcon.colcon_core.package_identification:_identify(ros2_ws) by extensions ['colcon_meta']
[0.418s] Level 1:colcon.colcon_core.package_identification:_identify(ros2_ws) by extension 'colcon_meta'
[0.418s] Level 1:colcon.colcon_core.package_identification:_identify(ros2_ws) by extensions ['ros']
[0.418s] Level 1:colcon.colcon_core.package_identification:_identify(ros2_ws) by extension 'ros'
[0.419s] Level 1:colcon.colcon_core.package_identification:_identify(ros2_ws) by extensions ['cmake', 'python']
[0.419s] Level 1:colcon.colcon_core.package_identification:_identify(ros2_ws) by extension 'cmake'
[0.419s] Level 1:colcon.colcon_core.package_identification:_identify(ros2_ws) by extension 'python'
[0.419s] Level 1:colcon.colcon_core.package_identification:_identify(ros2_ws) by extensions ['python_setup_py']
[0.419s] Level 1:colcon.colcon_core.package_identification:_identify(ros2_ws) by extension 'python_setup_py'
[0.419s] Level 1:colcon.colcon_core.package_identification:_identify(ros2_ws/build) by extensions ['ignore', 'ignore_ament_install']
[0.419s] Level 1:colcon.colcon_core.package_identification:_identify(ros2_ws/build) by extension 'ignore'
[0.419s] Level 1:colcon.colcon_core.package_identification:_identify(ros2_ws/build) ignored
[0.419s] Level 1:colcon.colcon_core.package_identification:_identify(ros2_ws/install) by extensions ['ignore', 'ignore_ament_install']
[0.419s] Level 1:colcon.colcon_core.package_identification:_identify(ros2_ws/install) by extension 'ignore'
[0.419s] Level 1:colcon.colcon_core.package_identification:_identify(ros2_ws/install) ignored
[0.420s] Level 1:colcon.colcon_core.package_identification:_identify(ros2_ws/log) by extensions ['ignore', 'ignore_ament_install']
[0.420s] Level 1:colcon.colcon_core.package_identification:_identify(ros2_ws/log) by extension 'ignore'
[0.420s] Level 1:colcon.colcon_core.package_identification:_identify(ros2_ws/log) ignored
[0.420s] Level 1:colcon.colcon_core.package_identification:_identify(ros2_ws/src) by extensions ['ignore', 'ignore_ament_install']
[0.420s] Level 1:colcon.colcon_core.package_identification:_identify(ros2_ws/src) by extension 'ignore'
[0.420s] Level 1:colcon.colcon_core.package_identification:_identify(ros2_ws/src) by extension 'ignore_ament_install'
[0.420s] Level 1:colcon.colcon_core.package_identification:_identify(ros2_ws/src) by extensions ['colcon_pkg']
[0.420s] Level 1:colcon.colcon_core.package_identification:_identify(ros2_ws/src) by extension 'colcon_pkg'
[0.420s] Level 1:colcon.colcon_core.package_identification:_identify(ros2_ws/src) by extensions ['colcon_meta']
[0.420s] Level 1:colcon.colcon_core.package_identification:_identify(ros2_ws/src) by extension 'colcon_meta'
[0.420s] Level 1:colcon.colcon_core.package_identification:_identify(ros2_ws/src) by extensions ['ros']
[0.420s] Level 1:colcon.colcon_core.package_identification:_identify(ros2_ws/src) by extension 'ros'
[0.421s] Level 1:colcon.colcon_core.package_identification:_identify(ros2_ws/src) by extensions ['cmake', 'python']
[0.421s] Level 1:colcon.colcon_core.package_identification:_identify(ros2_ws/src) by extension 'cmake'
[0.421s] Level 1:colcon.colcon_core.package_identification:_identify(ros2_ws/src) by extension 'python'
[0.421s] Level 1:colcon.colcon_core.package_identification:_identify(ros2_ws/src) by extensions ['python_setup_py']
[0.421s] Level 1:colcon.colcon_core.package_identification:_identify(ros2_ws/src) by extension 'python_setup_py'
[0.421s] Level 1:colcon.colcon_core.package_identification:_identify(ros2_ws/src/ur7e_bringup) by extensions ['ignore', 'ignore_ament_install']
[0.421s] Level 1:colcon.colcon_core.package_identification:_identify(ros2_ws/src/ur7e_bringup) by extension 'ignore'
[0.421s] Level 1:colcon.colcon_core.package_identification:_identify(ros2_ws/src/ur7e_bringup) by extension 'ignore_ament_install'
[0.421s] Level 1:colcon.colcon_core.package_identification:_identify(ros2_ws/src/ur7e_bringup) by extensions ['colcon_pkg']
[0.421s] Level 1:colcon.colcon_core.package_identification:_identify(ros2_ws/src/ur7e_bringup) by extension 'colcon_pkg'
[0.421s] Level 1:colcon.colcon_core.package_identification:_identify(ros2_ws/src/ur7e_bringup) by extensions ['colcon_meta']
[0.421s] Level 1:colcon.colcon_core.package_identification:_identify(ros2_ws/src/ur7e_bringup) by extension 'colcon_meta'
[0.421s] Level 1:colcon.colcon_core.package_identification:_identify(ros2_ws/src/ur7e_bringup) by extensions ['ros']
[0.421s] Level 1:colcon.colcon_core.package_identification:_identify(ros2_ws/src/ur7e_bringup) by extension 'ros'
[0.422s] Level 1:colcon.colcon_core.package_identification:_identify(ros2_ws/src/ur7e_bringup) by extensions ['cmake', 'python']
[0.422s] Level 1:colcon.colcon_core.package_identification:_identify(ros2_ws/src/ur7e_bringup) by extension 'cmake'
[0.422s] Level 1:colcon.colcon_core.package_identification:_identify(ros2_ws/src/ur7e_bringup) by extension 'python'
[0.422s] Level 1:colcon.colcon_core.package_identification:_identify(ros2_ws/src/ur7e_bringup) by extensions ['python_setup_py']
[0.422s] Level 1:colcon.colcon_core.package_identification:_identify(ros2_ws/src/ur7e_bringup) by extension 'python_setup_py'
[0.422s] Level 1:colcon.colcon_core.package_identification:_identify(ros2_ws/src/ur7e_cell_description) by extensions ['ignore', 'ignore_ament_install']
[0.422s] Level 1:colcon.colcon_core.package_identification:_identify(ros2_ws/src/ur7e_cell_description) by extension 'ignore'
[0.422s] Level 1:colcon.colcon_core.package_identification:_identify(ros2_ws/src/ur7e_cell_description) by extension 'ignore_ament_install'
[0.422s] Level 1:colcon.colcon_core.package_identification:_identify(ros2_ws/src/ur7e_cell_description) by extensions ['colcon_pkg']
[0.422s] Level 1:colcon.colcon_core.package_identification:_identify(ros2_ws/src/ur7e_cell_description) by extension 'colcon_pkg'
[0.422s] Level 1:colcon.colcon_core.package_identification:_identify(ros2_ws/src/ur7e_cell_description) by extensions ['colcon_meta']
[0.422s] Level 1:colcon.colcon_core.package_identification:_identify(ros2_ws/src/ur7e_cell_description) by extension 'colcon_meta'
[0.423s] Level 1:colcon.colcon_core.package_identification:_identify(ros2_ws/src/ur7e_cell_description) by extensions ['ros']
[0.423s] Level 1:colcon.colcon_core.package_identification:_identify(ros2_ws/src/ur7e_cell_description) by extension 'ros'
[0.423s] Level 1:colcon.colcon_core.package_identification:_identify(ros2_ws/src/ur7e_cell_description) by extensions ['cmake', 'python']
[0.423s] Level 1:colcon.colcon_core.package_identification:_identify(ros2_ws/src/ur7e_cell_description) by extension 'cmake'
[0.423s] Level 1:colcon.colcon_core.package_identification:_identify(ros2_ws/src/ur7e_cell_description) by extension 'python'
[0.423s] Level 1:colcon.colcon_core.package_identification:_identify(ros2_ws/src/ur7e_cell_description) by extensions ['python_setup_py']
[0.423s] Level 1:colcon.colcon_core.package_identification:_identify(ros2_ws/src/ur7e_cell_description) by extension 'python_setup_py'
[0.423s] Level 1:colcon.colcon_core.package_identification:_identify(ros2_ws/src/ur7e_motion) by extensions ['ignore', 'ignore_ament_install']
[0.423s] Level 1:colcon.colcon_core.package_identification:_identify(ros2_ws/src/ur7e_motion) by extension 'ignore'
[0.423s] Level 1:colcon.colcon_core.package_identification:_identify(ros2_ws/src/ur7e_motion) by extension 'ignore_ament_install'
[0.423s] Level 1:colcon.colcon_core.package_identification:_identify(ros2_ws/src/ur7e_motion) by extensions ['colcon_pkg']
[0.423s] Level 1:colcon.colcon_core.package_identification:_identify(ros2_ws/src/ur7e_motion) by extension 'colcon_pkg'
[0.423s] Level 1:colcon.colcon_core.package_identification:_identify(ros2_ws/src/ur7e_motion) by extensions ['colcon_meta']
[0.423s] Level 1:colcon.colcon_core.package_identification:_identify(ros2_ws/src/ur7e_motion) by extension 'colcon_meta'
[0.424s] Level 1:colcon.colcon_core.package_identification:_identify(ros2_ws/src/ur7e_motion) by extensions ['ros']
[0.424s] Level 1:colcon.colcon_core.package_identification:_identify(ros2_ws/src/ur7e_motion) by extension 'ros'
[0.428s] DEBUG:colcon.colcon_core.package_identification:Package 'ros2_ws/src/ur7e_motion' with type 'ros.ament_cmake' and name 'ur7e_motion'
[0.428s] Level 1:colcon.colcon_core.package_identification:_identify(ros2_ws/src/ur7e_vision) by extensions ['ignore', 'ignore_ament_install']
[0.429s] Level 1:colcon.colcon_core.package_identification:_identify(ros2_ws/src/ur7e_vision) by extension 'ignore'
[0.429s] Level 1:colcon.colcon_core.package_identification:_identify(ros2_ws/src/ur7e_vision) by extension 'ignore_ament_install'
[0.429s] Level 1:colcon.colcon_core.package_identification:_identify(ros2_ws/src/ur7e_vision) by extensions ['colcon_pkg']
[0.429s] Level 1:colcon.colcon_core.package_identification:_identify(ros2_ws/src/ur7e_vision) by extension 'colcon_pkg'
[0.429s] Level 1:colcon.colcon_core.package_identification:_identify(ros2_ws/src/ur7e_vision) by extensions ['colcon_meta']
[0.429s] Level 1:colcon.colcon_core.package_identification:_identify(ros2_ws/src/ur7e_vision) by extension 'colcon_meta'
[0.429s] Level 1:colcon.colcon_core.package_identification:_identify(ros2_ws/src/ur7e_vision) by extensions ['ros']
[0.429s] Level 1:colcon.colcon_core.package_identification:_identify(ros2_ws/src/ur7e_vision) by extension 'ros'
[0.431s] DEBUG:colcon.colcon_core.package_identification:Package 'ros2_ws/src/ur7e_vision' with type 'ros.ament_python' and name 'ur7e_vision'
[0.431s] Level 1:colcon.colcon_core.package_identification:_identify(scripts) by extensions ['ignore', 'ignore_ament_install']
[0.431s] Level 1:colcon.colcon_core.package_identification:_identify(scripts) by extension 'ignore'
[0.431s] Level 1:colcon.colcon_core.package_identification:_identify(scripts) by extension 'ignore_ament_install'
[0.431s] Level 1:colcon.colcon_core.package_identification:_identify(scripts) by extensions ['colcon_pkg']
[0.431s] Level 1:colcon.colcon_core.package_identification:_identify(scripts) by extension 'colcon_pkg'
[0.431s] Level 1:colcon.colcon_core.package_identification:_identify(scripts) by extensions ['colcon_meta']
[0.431s] Level 1:colcon.colcon_core.package_identification:_identify(scripts) by extension 'colcon_meta'
[0.431s] Level 1:colcon.colcon_core.package_identification:_identify(scripts) by extensions ['ros']
[0.432s] Level 1:colcon.colcon_core.package_identification:_identify(scripts) by extension 'ros'
[0.432s] Level 1:colcon.colcon_core.package_identification:_identify(scripts) by extensions ['cmake', 'python']
[0.432s] Level 1:colcon.colcon_core.package_identification:_identify(scripts) by extension 'cmake'
[0.432s] Level 1:colcon.colcon_core.package_identification:_identify(scripts) by extension 'python'
[0.432s] Level 1:colcon.colcon_core.package_identification:_identify(scripts) by extensions ['python_setup_py']
[0.432s] Level 1:colcon.colcon_core.package_identification:_identify(scripts) by extension 'python_setup_py'
[0.432s] Level 1:colcon.colcon_core.package_discovery:discover_packages(recursive) using defaults
[0.432s] Level 1:colcon.colcon_core.package_discovery:discover_packages(ignore) discover
[0.432s] Level 1:colcon.colcon_core.package_discovery:discover_packages(ignore) using defaults
[0.432s] Level 1:colcon.colcon_core.package_discovery:discover_packages(path) discover
[0.432s] Level 1:colcon.colcon_core.package_discovery:discover_packages(path) using defaults
[0.473s] INFO:colcon.colcon_core.package_selection:Skipping not selected package 'ur7e_motion' in 'ros2_ws/src/ur7e_motion'
[0.474s] Level 1:colcon.colcon_core.package_discovery:discover_packages(prefix_path) check parameters
[0.474s] Level 1:colcon.colcon_core.package_discovery:discover_packages(prefix_path) discover
[0.488s] DEBUG:colcon.colcon_installed_package_information.package_discovery:Found 379 installed packages in /opt/ros/jazzy
[0.491s] Level 1:colcon.colcon_core.package_discovery:discover_packages(prefix_path) using defaults
[0.575s] Level 5:colcon.colcon_core.verb:set package 'ur7e_vision' build argument 'cmake_args' from command line to 'None'
[0.575s] Level 5:colcon.colcon_core.verb:set package 'ur7e_vision' build argument 'cmake_target' from command line to 'None'
[0.576s] Level 5:colcon.colcon_core.verb:set package 'ur7e_vision' build argument 'cmake_target_skip_unavailable' from command line to 'False'
[0.576s] Level 5:colcon.colcon_core.verb:set package 'ur7e_vision' build argument 'cmake_clean_cache' from command line to 'False'
[0.576s] Level 5:colcon.colcon_core.verb:set package 'ur7e_vision' build argument 'cmake_clean_first' from command line to 'False'
[0.576s] Level 5:colcon.colcon_core.verb:set package 'ur7e_vision' build argument 'cmake_force_configure' from command line to 'False'
[0.576s] Level 5:colcon.colcon_core.verb:set package 'ur7e_vision' build argument 'ament_cmake_args' from command line to 'None'
[0.576s] Level 5:colcon.colcon_core.verb:set package 'ur7e_vision' build argument 'catkin_cmake_args' from command line to 'None'
[0.576s] Level 5:colcon.colcon_core.verb:set package 'ur7e_vision' build argument 'catkin_skip_building_tests' from command line to 'False'
[0.576s] DEBUG:colcon.colcon_core.verb:Building package 'ur7e_vision' with the following arguments: {'ament_cmake_args': None, 'build_base': '/home/liar/UR7e/build/ur7e_vision', 'catkin_cmake_args': None, 'catkin_skip_building_tests': False, 'cmake_args': None, 'cmake_clean_cache': False, 'cmake_clean_first': False, 'cmake_force_configure': False, 'cmake_target': None, 'cmake_target_skip_unavailable': False, 'install_base': '/home/liar/UR7e/install/ur7e_vision', 'merge_install': False, 'path': '/home/liar/UR7e/ros2_ws/src/ur7e_vision', 'symlink_install': True, 'test_result_base': None}
[0.576s] INFO:colcon.colcon_core.executor:Executing jobs using 'parallel' executor
[0.578s] DEBUG:colcon.colcon_parallel_executor.executor.parallel:run_until_complete
[0.579s] INFO:colcon.colcon_ros.task.ament_python.build:Building ROS package in '/home/liar/UR7e/ros2_ws/src/ur7e_vision' with build type 'ament_python'
[0.579s] Level 1:colcon.colcon_core.shell:create_environment_hook('ur7e_vision', 'ament_prefix_path')
[0.593s] INFO:colcon.colcon_core.plugin_system:Skipping extension 'colcon_core.shell.bat': Not used on non-Windows systems
[0.594s] INFO:colcon.colcon_core.shell:Creating environment hook '/home/liar/UR7e/install/ur7e_vision/share/ur7e_vision/hook/ament_prefix_path.ps1'
[0.596s] INFO:colcon.colcon_core.shell:Creating environment descriptor '/home/liar/UR7e/install/ur7e_vision/share/ur7e_vision/hook/ament_prefix_path.dsv'
[0.598s] INFO:colcon.colcon_core.shell:Creating environment hook '/home/liar/UR7e/install/ur7e_vision/share/ur7e_vision/hook/ament_prefix_path.sh'
[0.601s] INFO:colcon.colcon_core.shell:Skip shell extension 'powershell' for command environment: Not usable outside of PowerShell
[0.601s] DEBUG:colcon.colcon_core.shell:Skip shell extension 'dsv' for command environment
[1.077s] INFO:colcon.colcon_core.task.python.build:Building Python package in '/home/liar/UR7e/ros2_ws/src/ur7e_vision'
[1.079s] INFO:colcon.colcon_core.shell:Skip shell extension 'powershell' for command environment: Not usable outside of PowerShell
[1.079s] DEBUG:colcon.colcon_core.shell:Skip shell extension 'dsv' for command environment
[2.672s] DEBUG:colcon.colcon_core.task.python.build:Available setuptools commands: install_lib, install_data, test, build, compile_catalog, clean, check, develop, easy_install, egg_info, dist_info, build_scripts, install, sdist, bdist_rpm, install_egg_info, bdist_dumb, symlink_data, rotate, register, setopt, update_catalog, upload_docs, init_catalog, install_headers, editable_wheel, install_scripts, build_ext, bdist_egg, build_py, bdist, upload, build_clib, alias, saveopts, extract_messages
[3.515s] DEBUG:colcon.colcon_core.task.python.build:Available setuptools 'develop' options: --no-find-links, --build-directory, --help, --quiet, --allow-hosts, --script-dir, --egg-path, --install-dir, --version, --editable, --no-deps, --record, --multi-version, --exclude-scripts, --force-installation-into-system-dir, --upgrade, --index-url, --prefix, --find-links, --uninstall, --verbose, --install-layout, --no-user-cfg, --optimize, --user, --always-unzip, --zip-ok, --site-dirs, --local-snapshots-ok, --dry-run, --always-copy
[3.523s] DEBUG:colcon.colcon_core.event_handler.log_command:Invoking command in '/home/liar/UR7e/build/ur7e_vision': DEBUGINFOD_URLS=https://debuginfod.ubuntu.com PYTHONPATH=/home/liar/UR7e/build/ur7e_vision/prefix_override:/usr/lib/python3/dist-packages/colcon_core/task/python/colcon_distutils_commands:/home/liar/UR7e/install/ur7e_vision/lib/python3.12/site-packages:${PYTHONPATH} /usr/bin/python3 -W ignore:setup.py install is deprecated -W ignore:easy_install command is deprecated setup.py develop --editable --build-directory /home/liar/UR7e/build/ur7e_vision/build --no-deps symlink_data
[5.465s] Level 1:colcon.colcon_core.shell:create_environment_hook('ur7e_vision', 'pythonpath_develop')
[5.466s] INFO:colcon.colcon_core.shell:Creating environment hook '/home/liar/UR7e/build/ur7e_vision/share/ur7e_vision/hook/pythonpath_develop.ps1'
[5.466s] DEBUG:colcon.colcon_core.event_handler.log_command:Invoked command in '/home/liar/UR7e/build/ur7e_vision' returned '0': DEBUGINFOD_URLS=https://debuginfod.ubuntu.com PYTHONPATH=/home/liar/UR7e/build/ur7e_vision/prefix_override:/usr/lib/python3/dist-packages/colcon_core/task/python/colcon_distutils_commands:/home/liar/UR7e/install/ur7e_vision/lib/python3.12/site-packages:${PYTHONPATH} /usr/bin/python3 -W ignore:setup.py install is deprecated -W ignore:easy_install command is deprecated setup.py develop --editable --build-directory /home/liar/UR7e/build/ur7e_vision/build --no-deps symlink_data
[5.467s] INFO:colcon.colcon_core.shell:Creating environment descriptor '/home/liar/UR7e/build/ur7e_vision/share/ur7e_vision/hook/pythonpath_develop.dsv'
[5.468s] INFO:colcon.colcon_core.shell:Creating environment hook '/home/liar/UR7e/build/ur7e_vision/share/ur7e_vision/hook/pythonpath_develop.sh'
[5.485s] Level 1:colcon.colcon_core.environment:checking '/home/liar/UR7e/install/ur7e_vision' for CMake module files
[5.486s] Level 1:colcon.colcon_core.environment:checking '/home/liar/UR7e/install/ur7e_vision' for CMake config files
[5.489s] Level 1:colcon.colcon_core.environment:checking '/home/liar/UR7e/install/ur7e_vision/lib'
[5.490s] Level 1:colcon.colcon_core.environment:checking '/home/liar/UR7e/install/ur7e_vision/bin'
[5.490s] Level 1:colcon.colcon_core.environment:checking '/home/liar/UR7e/install/ur7e_vision/lib/pkgconfig/ur7e_vision.pc'
[5.490s] Level 1:colcon.colcon_core.environment:checking '/home/liar/UR7e/install/ur7e_vision/lib/python3.12/site-packages'
[5.490s] Level 1:colcon.colcon_core.shell:create_environment_hook('ur7e_vision', 'pythonpath')
[5.491s] INFO:colcon.colcon_core.shell:Creating environment hook '/home/liar/UR7e/install/ur7e_vision/share/ur7e_vision/hook/pythonpath.ps1'
[5.492s] INFO:colcon.colcon_core.shell:Creating environment descriptor '/home/liar/UR7e/install/ur7e_vision/share/ur7e_vision/hook/pythonpath.dsv'
[5.492s] INFO:colcon.colcon_core.shell:Creating environment hook '/home/liar/UR7e/install/ur7e_vision/share/ur7e_vision/hook/pythonpath.sh'
[5.493s] Level 1:colcon.colcon_core.environment:checking '/home/liar/UR7e/install/ur7e_vision/bin'
[5.493s] Level 1:colcon.colcon_core.environment:create_environment_scripts_only(ur7e_vision)
[5.494s] INFO:colcon.colcon_core.shell:Creating package script '/home/liar/UR7e/install/ur7e_vision/share/ur7e_vision/package.ps1'
[5.495s] INFO:colcon.colcon_core.shell:Creating package descriptor '/home/liar/UR7e/install/ur7e_vision/share/ur7e_vision/package.dsv'
[5.497s] INFO:colcon.colcon_core.shell:Creating package script '/home/liar/UR7e/install/ur7e_vision/share/ur7e_vision/package.sh'
[5.498s] INFO:colcon.colcon_core.shell:Creating package script '/home/liar/UR7e/install/ur7e_vision/share/ur7e_vision/package.bash'
[5.501s] INFO:colcon.colcon_core.shell:Creating package script '/home/liar/UR7e/install/ur7e_vision/share/ur7e_vision/package.zsh'
[5.504s] Level 1:colcon.colcon_core.environment:create_file_with_runtime_dependencies(/home/liar/UR7e/install/ur7e_vision/share/colcon-core/packages/ur7e_vision)
[5.504s] DEBUG:colcon.colcon_parallel_executor.executor.parallel:closing loop
[5.505s] DEBUG:colcon.colcon_parallel_executor.executor.parallel:loop closed
[5.505s] DEBUG:colcon.colcon_parallel_executor.executor.parallel:run_until_complete finished with '0'
[5.505s] DEBUG:colcon.colcon_core.event_reactor:joining thread
[5.533s] INFO:colcon.colcon_core.plugin_system:Skipping extension 'colcon_notification.desktop_notification.terminal_notifier': Not used on non-Darwin systems
[5.533s] INFO:colcon.colcon_core.plugin_system:Skipping extension 'colcon_notification.desktop_notification.win32': Not used on non-Windows systems
[5.533s] INFO:colcon.colcon_notification.desktop_notification:Sending desktop notification using 'notify2'
[5.692s] DEBUG:colcon.colcon_core.event_reactor:joined thread
[5.693s] INFO:colcon.colcon_core.shell:Creating prefix script '/home/liar/UR7e/install/local_setup.ps1'
[5.695s] INFO:colcon.colcon_core.shell:Creating prefix util module '/home/liar/UR7e/install/_local_setup_util_ps1.py'
[5.698s] INFO:colcon.colcon_core.shell:Creating prefix chain script '/home/liar/UR7e/install/setup.ps1'
[5.702s] INFO:colcon.colcon_core.shell:Creating prefix script '/home/liar/UR7e/install/local_setup.sh'
[5.704s] INFO:colcon.colcon_core.shell:Creating prefix util module '/home/liar/UR7e/install/_local_setup_util_sh.py'
[5.705s] INFO:colcon.colcon_core.shell:Creating prefix chain script '/home/liar/UR7e/install/setup.sh'
[5.707s] INFO:colcon.colcon_core.shell:Creating prefix script '/home/liar/UR7e/install/local_setup.bash'
[5.709s] INFO:colcon.colcon_core.shell:Creating prefix chain script '/home/liar/UR7e/install/setup.bash'
[5.713s] INFO:colcon.colcon_core.shell:Creating prefix script '/home/liar/UR7e/install/local_setup.zsh'
[5.714s] INFO:colcon.colcon_core.shell:Creating prefix chain script '/home/liar/UR7e/install/setup.zsh'
