[01m[K/home/liar/UR7e/ros2_ws/src/ur7e_motion/src/gripper_io_node.cpp:[m[K In constructor ‘[01m[KGripperIONode::[01;32m[KGripperIONode[m[K()[m[K’:
[01m[K/home/liar/UR7e/ros2_ws/src/ur7e_motion/src/gripper_io_node.cpp:85:63:[m[K [01;35m[Kwarning: [m[K‘[01m[Ktypename rclcpp::Service<ServiceT>::SharedPtr rclcpp::Node::[01;32m[Kcreate_service[m[K(const std::string&, CallbackT&&, const rmw_qos_profile_t&, rclcpp::CallbackGroup::SharedPtr) [35m[K[with ServiceT = std_srvs::srv::Trigger; CallbackT = std::_Bind<void (GripperIONode::*(GripperIONode*, std::_Placeholder<1>, std::_Placeholder<2>))(std::shared_ptr<std_srvs::srv::Trigger_Request_<std::allocator<void> > >, std::shared_ptr<std_srvs::srv::Trigger_Response_<std::allocator<void> > >)>; typename rclcpp::Service<ServiceT>::SharedPtr = std::shared_ptr<rclcpp::Service<std_srvs::srv::Trigger> >; std::string = std::__cxx11::basic_string<char>; rmw_qos_profile_t = rmw_qos_profile_s; rclcpp::CallbackGroup::SharedPtr = std::shared_ptr<rclcpp::CallbackGroup>][m[K[m[K’ is deprecated: use rclcpp::QoS instead of rmw_qos_profile_t [[01;35m[K]8;;https://gcc.gnu.org/onlinedocs/gcc/Warning-Options.html#index-Wdeprecated-declarations-Wdeprecated-declarations]8;;[m[K]
   85 |     status_srv_ = [01;35m[Kthis->create_service<std_srvs::srv::Trigger>([m[K
      |                   [01;35m[K~~~~~~~~~~~~~~~~~~~~~~~~~~~~~~~~~~~~~~~~~~~~^[m[K
   86 | [01;35m[K      "/gripper/status",[m[K
      |       [01;35m[K~~~~~~~~~~~~~~~~~~[m[K                                       
   87 | [01;35m[K      std::bind([m[K
      |       [01;35m[K~~~~~~~~~~[m[K                                               
   88 | [01;35m[K        &GripperIONode::statusCallback, this,[m[K
      |         [01;35m[K~~~~~~~~~~~~~~~~~~~~~~~~~~~~~~~~~~~~~[m[K                  
   89 | [01;35m[K        std::placeholders::_1, std::placeholders::_2),[m[K
      |         [01;35m[K~~~~~~~~~~~~~~~~~~~~~~~~~~~~~~~~~~~~~~~~~~~~~~[m[K         
   90 | [01;35m[K      rmw_qos_profile_services_default,[m[K
      |       [01;35m[K~~~~~~~~~~~~~~~~~~~~~~~~~~~~~~~~~[m[K                        
   91 | [01;35m[K      service_callback_group_)[m[K;
      |       [01;35m[K~~~~~~~~~~~~~~~~~~~~~~~~[m[K                                 
In file included from [01m[K/opt/ros/jazzy/include/rclcpp/rclcpp/node.hpp:1663[m[K,
                 from [01m[K/opt/ros/jazzy/include/rclcpp/rclcpp/executors/single_threaded_executor.hpp:28[m[K,
                 from [01m[K/opt/ros/jazzy/include/rclcpp/rclcpp/executors.hpp:22[m[K,
                 from [01m[K/opt/ros/jazzy/include/rclcpp/rclcpp/rclcpp.hpp:176[m[K,
                 from [01m[K/home/liar/UR7e/ros2_ws/src/ur7e_motion/src/gripper_io_node.cpp:12[m[K:
[01m[K/opt/ros/jazzy/include/rclcpp/rclcpp/node_impl.hpp:192:1:[m[K [01;36m[Knote: [m[Kdeclared here
  192 | [01;36m[KNode[m[K::create_service(
      | [01;36m[K^~~~[m[K
